<img src="graphs/101.png" USEMAP="#knowledge_system" alt="body_constraints::promise_repaired image pending">
<map name="knowledge_system">
<area shape = "circle" coords="248,398,55" href="knowledge.php?pid=697" alt="topic" title="cfengine_3::string">
<area shape = "circle" coords="310,462,55" href="knowledge.php?pid=149" alt="topic" title="body_constraints::database_rows">
<area shape = "circle" coords="391,406,55" href="knowledge.php?pid=524" alt="topic" title="functions::ldaplist">
<area shape = "circle" coords="514,423,55" href="knowledge.php?pid=157" alt="topic" title="body_constraints::specify_inherit_aces">
<area shape = "circle" coords="496,349,55" href="knowledge.php?pid=530" alt="topic" title="functions::peerleaders">
<area shape = "circle" coords="599,306,55" href="knowledge.php?pid=235" alt="topic" title="body_constraints::search_bsdflags">
<area shape = "circle" coords="495,264,55" href="knowledge.php?pid=551" alt="topic" title="functions::splitstring">
<area shape = "circle" coords="661,87,34" href="knowledge.php?pid=477" alt="topic" title="values::classes">
<area shape = "circle" coords="498,197,33" href="knowledge.php?pid=101" alt="topic" title="body_constraints::promise_repaired">
<area shape = "circle" coords="387,208,55" href="knowledge.php?pid=505" alt="topic" title="functions::getindices">
<area shape = "circle" coords="304,152,55" href="knowledge.php?pid=153" alt="topic" title="body_constraints::aces">
<area shape = "circle" coords="245,218,55" href="knowledge.php?pid=528" alt="topic" title="functions::peers">
<area shape = "circle" coords="119,217,55" href="knowledge.php?pid=165" alt="topic" title="body_constraints::servers">
<area shape = "circle" coords="162,287,55" href="knowledge.php?pid=538" alt="topic" title="functions::readstringlist">
<area shape = "circle" coords="77,342,55" href="knowledge.php?pid=261" alt="topic" title="body_constraints::bsdflags">
<area shape = "circle" coords="335,307,52" href="knowledge.php?pid=698" alt="topic" title="cfengine_3::slist">
<area shape = "circle" coords="52,432,55" href="knowledge.php?pid=51" alt="topic" title="values::an arbitrary string">
</map>
