<img src="graphs/1016.png" USEMAP="#knowledge_system" alt="promisers::/home/mark/LapTop image pending">
<map name="knowledge_system">
<area shape = "circle" coords="678,137,43" href="knowledge.php?pid=817" alt="topic" title="promise_theory::agents">
<area shape = "circle" coords="409,78,43" href="knowledge.php?pid=453" alt="topic" title="body_constraints::authorize">
<area shape = "circle" coords="121,215,36" href="knowledge.php?pid=1022" alt="topic" title="promises::promise_site_cf_401">
<area shape = "circle" coords="242,247,38" href="knowledge.php?pid=1020" alt="topic" title="promisers::.*">
<area shape = "circle" coords="228,471,30" href="knowledge.php?pid=1017" alt="topic" title="promises::promise_site_cf_393">
<area shape = "circle" coords="567,447,35" href="knowledge.php?pid=446" alt="topic" title="promise_types::access">
<area shape = "circle" coords="386,399,30" href="knowledge.php?pid=1016" alt="topic" title="promisers::/home/mark/LapTop">
<area shape = "circle" coords="363,279,32" href="knowledge.php?pid=1015" alt="topic" title="bundles::access_rules">
<area shape = "circle" coords="693,310,43" href="knowledge.php?pid=822" alt="topic" title="promise_theory::promises">
<area shape = "circle" coords="551,194,55" href="knowledge.php?pid=1021" alt="topic" title="promise_types::roles">
</map>
