<img src="graphs/1019.png" USEMAP="#knowledge_system" alt="promises::promise_site_cf_397 image pending">
<map name="knowledge_system">
<area shape = "circle" coords="238,406,55" href="knowledge.php?pid=899" alt="topic" title="promises::promise_update_cf_13">
<area shape = "circle" coords="326,463,55" href="knowledge.php?pid=904" alt="topic" title="promises::promise_update_cf_29">
<area shape = "circle" coords="392,394,55" href="knowledge.php?pid=908" alt="topic" title="promises::promise_update_cf_31">
<area shape = "circle" coords="512,373,55" href="knowledge.php?pid=932" alt="topic" title="promises::promise_site_cf_58">
<area shape = "circle" coords="453,301,55" href="knowledge.php?pid=940" alt="topic" title="promises::promise_site_cf_91">
<area shape = "circle" coords="672,284,30" href="knowledge.php?pid=1018" alt="topic" title="promisers::/home/mark/.cfagent/bin/cf-agent">
<area shape = "circle" coords="448,86,44" href="knowledge.php?pid=446" alt="topic" title="promise_types::access">
<area shape = "circle" coords="473,227,34" href="knowledge.php?pid=1019" alt="topic" title="promises::promise_site_cf_397">
<area shape = "circle" coords="360,219,55" href="knowledge.php?pid=901" alt="topic" title="promises::promise_update_cf_21">
<area shape = "circle" coords="273,161,55" href="knowledge.php?pid=906" alt="topic" title="promises::promise_update_cf_30">
<area shape = "circle" coords="207,231,55" href="knowledge.php?pid=927" alt="topic" title="promises::promise_site_cf_40">
<area shape = "circle" coords="87,252,55" href="knowledge.php?pid=934" alt="topic" title="promises::promise_site_cf_70">
<area shape = "circle" coords="146,325,55" href="knowledge.php?pid=946" alt="topic" title="promises::promise_site_cf_108">
<area shape = "circle" coords="299,313,52" href="knowledge.php?pid=893" alt="topic" title="contexts::any">
<area shape = "circle" coords="52,434,55" href="knowledge.php?pid=896" alt="topic" title="promises::promise_update_cf_7">
</map>
