<img src="graphs/1033.png" USEMAP="#knowledge_system" alt="promises::promise_library_cf_190 image pending">
<map name="knowledge_system">
<area shape = "circle" coords="692,184,39" href="knowledge.php?pid=300" alt="topic" title="body_constraints::insert_if_startwith_from_list">
<area shape = "circle" coords="601,85,39" href="knowledge.php?pid=304" alt="topic" title="body_constraints::insert_if_match_from_list">
<area shape = "circle" coords="503,178,39" href="knowledge.php?pid=308" alt="topic" title="body_constraints::insert_if_contains_from_list">
<area shape = "circle" coords="386,224,33" href="knowledge.php?pid=1031" alt="topic" title="bundles::upgrade_cfexecd">
<area shape = "circle" coords="452,84,30" href="knowledge.php?pid=1032" alt="topic" title="promisers::0,5,10,15,20,25,30,35,40,45,50,55 * * * * /var/cfengine/bin/cf-execd -F">
<area shape = "circle" coords="180,88,30" href="knowledge.php?pid=935" alt="topic" title="contexts::exec_fix">
<area shape = "circle" coords="317,156,30" href="knowledge.php?pid=1033" alt="topic" title="promises::promise_library_cf_190">
<area shape = "circle" coords="251,226,33" href="knowledge.php?pid=1077" alt="topic" title="promisers::APACHE_CONF_INCLUDE_FILES="/home/mark/cfengine-inputs/httpd.conf"">
<area shape = "circle" coords="165,274,33" href="knowledge.php?pid=298" alt="topic" title="body_constraints::insert_type">
<area shape = "circle" coords="107,302,35" href="knowledge.php?pid=313" alt="topic" title="body_constraints::first_last">
<area shape = "circle" coords="71,431,35" href="knowledge.php?pid=312" alt="topic" title="body_constraints::before_after">
<area shape = "circle" coords="214,464,35" href="knowledge.php?pid=314" alt="topic" title="body_constraints::select_line_matching">
<area shape = "circle" coords="161,383,41" href="knowledge.php?pid=311" alt="topic" title="body_constraints::location">
<area shape = "circle" coords="269,430,33" href="knowledge.php?pid=1072" alt="topic" title="bundles::fixapache">
<area shape = "circle" coords="395,473,33" href="knowledge.php?pid=38" alt="topic" title="values::boolean">
<area shape = "circle" coords="357,385,35" href="knowledge.php?pid=297" alt="topic" title="body_constraints::expand_scalars">
<area shape = "circle" coords="457,365,33" href="knowledge.php?pid=1078" alt="topic" title="promises::promise_webserver_cf_115">
<area shape = "circle" coords="320,297,32" href="knowledge.php?pid=296" alt="topic" title="promise_types::insert_lines">
<area shape = "circle" coords="539,346,39" href="knowledge.php?pid=302" alt="topic" title="body_constraints::insert_if_not_startwith_from_list">
<area shape = "circle" coords="668,399,39" href="knowledge.php?pid=306" alt="topic" title="body_constraints::insert_if_not_match_from_list">
<area shape = "circle" coords="712,276,39" href="knowledge.php?pid=310" alt="topic" title="body_constraints::insert_if_not_contains_from_list">
<area shape = "circle" coords="595,249,55" href="knowledge.php?pid=299" alt="topic" title="body_constraints::insert_select">
</map>
