<img src="graphs/1041.png" USEMAP="#knowledge_system" alt="contexts::usb_backup_device_loaded image pending">
<map name="knowledge_system">
<area shape = "circle" coords="270,381,55" href="knowledge.php?pid=218" alt="topic" title="body_constraints::edit_defaults">
<area shape = "circle" coords="292,454,55" href="knowledge.php?pid=16" alt="topic" title="system_reports::hashes report">
<area shape = "circle" coords="390,405,55" href="knowledge.php?pid=247" alt="topic" title="body_constraints::link_from">
<area shape = "circle" coords="482,458,55" href="knowledge.php?pid=158" alt="topic" title="body_constraints::changes">
<area shape = "circle" coords="512,386,55" href="knowledge.php?pid=259" alt="topic" title="body_constraints::pathtype">
<area shape = "circle" coords="642,401,55" href="knowledge.php?pid=198" alt="topic" title="body_constraints::create">
<area shape = "circle" coords="594,332,55" href="knowledge.php?pid=279" alt="topic" title="body_constraints::repository">
<area shape = "circle" coords="717,304,55" href="knowledge.php?pid=202" alt="topic" title="body_constraints::depth_search">
<area shape = "circle" coords="608,261,55" href="knowledge.php?pid=281" alt="topic" title="body_constraints::transformer">
<area shape = "circle" coords="681,199,55" href="knowledge.php?pid=217" alt="topic" title="body_constraints::edit_xml">
<area shape = "circle" coords="732,233,30" href="knowledge.php?pid=1042" alt="topic" title="promisers::/media/disk-1/CfengineBackupDevice">
<area shape = "circle" coords="485,95,30" href="knowledge.php?pid=1041" alt="topic" title="contexts::usb_backup_device_loaded">
<area shape = "circle" coords="538,204,32" href="knowledge.php?pid=1043" alt="topic" title="promises::promise_laptop_cf_22">
<area shape = "circle" coords="546,124,55" href="knowledge.php?pid=223" alt="topic" title="body_constraints::file_select">
<area shape = "circle" coords="436,165,55" href="knowledge.php?pid=22" alt="topic" title="system_reports::setuid report">
<area shape = "circle" coords="359,104,55" href="knowledge.php?pid=258" alt="topic" title="body_constraints::move_obstructions">
<area shape = "circle" coords="310,174,55" href="knowledge.php?pid=162" alt="topic" title="body_constraints::copy_from">
<area shape = "circle" coords="186,147,55" href="knowledge.php?pid=260" alt="topic" title="body_constraints::perms">
<area shape = "circle" coords="215,220,55" href="knowledge.php?pid=199" alt="topic" title="body_constraints::delete">
<area shape = "circle" coords="85,238,55" href="knowledge.php?pid=280" alt="topic" title="body_constraints::touch">
<area shape = "circle" coords="182,289,55" href="knowledge.php?pid=216" alt="topic" title="body_constraints::edit_line">
<area shape = "circle" coords="93,344,55" href="knowledge.php?pid=691" alt="topic" title="cfengine_components::cfengine 2">
<area shape = "circle" coords="397,284,52" href="knowledge.php?pid=988" alt="topic" title="promise_types::files">
<area shape = "circle" coords="52,428,55" href="knowledge.php?pid=15" alt="topic" title="system_reports::file_changes report">
</map>
