<img src="graphs/1066.png" USEMAP="#knowledge_system" alt="contexts::software_ok image pending">
<map name="knowledge_system">
<area shape = "circle" coords="616,159,37" href="knowledge.php?pid=892" alt="topic" title="bundles::update">
<area shape = "circle" coords="575,79,37" href="knowledge.php?pid=392" alt="topic" title="body_constraints::process_count">
<area shape = "circle" coords="489,125,37" href="knowledge.php?pid=691" alt="topic" title="cfengine_components::cfengine 2">
<area shape = "circle" coords="386,133,37" href="knowledge.php?pid=422" alt="topic" title="body_constraints::process_stop">
<area shape = "circle" coords="412,216,37" href="knowledge.php?pid=827" alt="topic" title="promise_theory::promise-type">
<area shape = "circle" coords="303,263,31" href="knowledge.php?pid=960" alt="topic" title="promise_types::packages">
<area shape = "circle" coords="178,296,31" href="knowledge.php?pid=1056" alt="topic" title="promises::promise_webserver_cf_38">
<area shape = "circle" coords="184,338,30" href="knowledge.php?pid=1062" alt="topic" title="promises::promise_webserver_cf_62">
<area shape = "circle" coords="104,387,31" href="knowledge.php?pid=1064" alt="topic" title="promisers::apache2-prefork">
<area shape = "circle" coords="116,470,34" href="knowledge.php?pid=1068" alt="topic" title="promises::promise_webserver_cf_74">
<area shape = "circle" coords="207,502,30" href="knowledge.php?pid=1063" alt="topic" title="promisers::apache2-mod_php5">
<area shape = "circle" coords="287,453,31" href="knowledge.php?pid=1065" alt="topic" title="promisers::php5">
<area shape = "circle" coords="195,420,30" href="knowledge.php?pid=1066" alt="topic" title="contexts::software_ok">
<area shape = "circle" coords="332,469,31" href="knowledge.php?pid=1047" alt="topic" title="bundles::web_server">
<area shape = "circle" coords="406,379,31" href="knowledge.php?pid=1058" alt="topic" title="promises::promise_webserver_cf_44">
<area shape = "circle" coords="315,346,31" href="knowledge.php?pid=1055" alt="topic" title="promisers::apache2">
<area shape = "circle" coords="492,305,37" href="knowledge.php?pid=424" alt="topic" title="body_constraints::signals">
<area shape = "circle" coords="579,350,37" href="knowledge.php?pid=398" alt="topic" title="body_constraints::process_select">
<area shape = "circle" coords="617,270,37" href="knowledge.php?pid=692" alt="topic" title="cfengine_components::cfengine 3">
<area shape = "circle" coords="695,214,37" href="knowledge.php?pid=423" alt="topic" title="body_constraints::restart_class">
<area shape = "circle" coords="525,215,55" href="knowledge.php?pid=903" alt="topic" title="promise_types::processes">
</map>
