<img src="graphs/1080.png" USEMAP="#knowledge_system" alt="promises::promise_webserver_cf_128 image pending">
<map name="knowledge_system">
<area shape = "circle" coords="228,404,55" href="knowledge.php?pid=950" alt="topic" title="promises::promise_site_cf_142">
<area shape = "circle" coords="284,465,55" href="knowledge.php?pid=899" alt="topic" title="promises::promise_update_cf_13">
<area shape = "circle" coords="356,412,55" href="knowledge.php?pid=934" alt="topic" title="promises::promise_site_cf_70">
<area shape = "circle" coords="467,427,55" href="knowledge.php?pid=904" alt="topic" title="promises::promise_update_cf_29">
<area shape = "circle" coords="451,358,55" href="knowledge.php?pid=946" alt="topic" title="promises::promise_site_cf_108">
<area shape = "circle" coords="543,317,55" href="knowledge.php?pid=908" alt="topic" title="promises::promise_update_cf_31">
<area shape = "circle" coords="449,277,55" href="knowledge.php?pid=949" alt="topic" title="promises::promise_site_cf_134">
<area shape = "circle" coords="670,242,30" href="knowledge.php?pid=1079" alt="topic" title="promisers::APACHE_MODULES=.*">
<area shape = "circle" coords="381,84,34" href="knowledge.php?pid=315" alt="topic" title="promise_types::field_edits">
<area shape = "circle" coords="452,215,33" href="knowledge.php?pid=1080" alt="topic" title="promises::promise_webserver_cf_128">
<area shape = "circle" coords="353,225,55" href="knowledge.php?pid=932" alt="topic" title="promises::promise_site_cf_58">
<area shape = "circle" coords="278,172,55" href="knowledge.php?pid=901" alt="topic" title="promises::promise_update_cf_21">
<area shape = "circle" coords="225,234,55" href="knowledge.php?pid=940" alt="topic" title="promises::promise_site_cf_91">
<area shape = "circle" coords="112,233,55" href="knowledge.php?pid=906" alt="topic" title="promises::promise_update_cf_30">
<area shape = "circle" coords="151,299,55" href="knowledge.php?pid=947" alt="topic" title="promises::promise_site_cf_131">
<area shape = "circle" coords="74,351,55" href="knowledge.php?pid=927" alt="topic" title="promises::promise_site_cf_40">
<area shape = "circle" coords="306,319,52" href="knowledge.php?pid=893" alt="topic" title="contexts::any">
<area shape = "circle" coords="52,436,55" href="knowledge.php?pid=896" alt="topic" title="promises::promise_update_cf_7">
</map>
