<img src="graphs/1090.png" USEMAP="#knowledge_system" alt="promises::promise_knowledge_cf_35 image pending">
<map name="knowledge_system">
<area shape = "circle" coords="212,394,55" href="knowledge.php?pid=899" alt="topic" title="promises::promise_update_cf_13">
<area shape = "circle" coords="232,460,55" href="knowledge.php?pid=904" alt="topic" title="promises::promise_update_cf_29">
<area shape = "circle" coords="304,414,55" href="knowledge.php?pid=908" alt="topic" title="promises::promise_update_cf_31">
<area shape = "circle" coords="377,459,55" href="knowledge.php?pid=932" alt="topic" title="promises::promise_site_cf_58">
<area shape = "circle" coords="395,392,55" href="knowledge.php?pid=940" alt="topic" title="promises::promise_site_cf_91">
<area shape = "circle" coords="492,400,55" href="knowledge.php?pid=947" alt="topic" title="promises::promise_site_cf_131">
<area shape = "circle" coords="450,338,55" href="knowledge.php?pid=950" alt="topic" title="promises::promise_site_cf_142">
<area shape = "circle" coords="535,303,55" href="knowledge.php?pid=961" alt="topic" title="promises::promise_site_cf_166">
<area shape = "circle" coords="449,270,55" href="knowledge.php?pid=966" alt="topic" title="promises::promise_site_cf_189">
<area shape = "circle" coords="671,303,30" href="knowledge.php?pid=1089" alt="topic" title="promisers::/srv/www/htdocs/reports/192.168.1.100/fluctuations.nov">
<area shape = "circle" coords="716,89,30" href="knowledge.php?pid=988" alt="topic" title="promise_types::files">
<area shape = "circle" coords="410,58,37" href="knowledge.php?pid=1098" alt="topic" title="contexts::mon_update">
<area shape = "circle" coords="541,181,33" href="knowledge.php?pid=1090" alt="topic" title="promises::promise_knowledge_cf_35">
<area shape = "circle" coords="392,216,55" href="knowledge.php?pid=901" alt="topic" title="promises::promise_update_cf_21">
<area shape = "circle" coords="371,149,55" href="knowledge.php?pid=906" alt="topic" title="promises::promise_update_cf_30">
<area shape = "circle" coords="300,196,55" href="knowledge.php?pid=927" alt="topic" title="promises::promise_site_cf_40">
<area shape = "circle" coords="227,150,55" href="knowledge.php?pid=934" alt="topic" title="promises::promise_site_cf_70">
<area shape = "circle" coords="209,218,55" href="knowledge.php?pid=946" alt="topic" title="promises::promise_site_cf_108">
<area shape = "circle" coords="111,211,55" href="knowledge.php?pid=949" alt="topic" title="promises::promise_site_cf_134">
<area shape = "circle" coords="153,273,55" href="knowledge.php?pid=952" alt="topic" title="promises::promise_site_cf_144">
<area shape = "circle" coords="68,307,55" href="knowledge.php?pid=964" alt="topic" title="promises::promise_site_cf_183">
<area shape = "circle" coords="154,340,55" href="knowledge.php?pid=984" alt="topic" title="promises::promise_site_cf_309">
<area shape = "circle" coords="302,305,52" href="knowledge.php?pid=893" alt="topic" title="contexts::any">
<area shape = "circle" coords="52,435,55" href="knowledge.php?pid=896" alt="topic" title="promises::promise_update_cf_7">
</map>
