<img src="graphs/1095.png" USEMAP="#knowledge_system" alt="contexts::web_server image pending">
<map name="knowledge_system">
<area shape = "circle" coords="169,439,55" href="knowledge.php?pid=820" alt="topic" title="promise_theory::policy">
<area shape = "circle" coords="196,480,55" href="knowledge.php?pid=692" alt="topic" title="cfengine_components::cfengine 3">
<area shape = "circle" coords="246,448,55" href="knowledge.php?pid=892" alt="topic" title="bundles::update">
<area shape = "circle" coords="312,467,55" href="knowledge.php?pid=698" alt="topic" title="cfengine_3::slist">
<area shape = "circle" coords="314,423,55" href="knowledge.php?pid=896" alt="topic" title="promises::promise_update_cf_7">
<area shape = "circle" coords="384,410,55" href="knowledge.php?pid=700" alt="topic" title="cfengine_3::ilist">
<area shape = "circle" coords="336,376,55" href="knowledge.php?pid=921" alt="topic" title="promisers::crontab">
<area shape = "circle" coords="374,338,55" href="knowledge.php?pid=702" alt="topic" title="cfengine_3::rlist">
<area shape = "circle" coords="548,312,40" href="knowledge.php?pid=1097" alt="topic" title="promises::promise_knowledge_cf_63">
<area shape = "circle" coords="694,251,30" href="knowledge.php?pid=911" alt="topic" title="promise_types::commands">
<area shape = "circle" coords="707,142,40" href="knowledge.php?pid=988" alt="topic" title="promise_types::files">
<area shape = "circle" coords="577,68,30" href="knowledge.php?pid=903" alt="topic" title="promise_types::processes">
<area shape = "circle" coords="402,85,40" href="knowledge.php?pid=960" alt="topic" title="promise_types::packages">
<area shape = "circle" coords="314,179,40" href="knowledge.php?pid=943" alt="topic" title="promise_types::reports">
<area shape = "circle" coords="517,188,35" href="knowledge.php?pid=1095" alt="topic" title="contexts::web_server">
<area shape = "circle" coords="287,288,55" href="knowledge.php?pid=827" alt="topic" title="promise_theory::promise-type">
<area shape = "circle" coords="228,315,55" href="knowledge.php?pid=697" alt="topic" title="cfengine_3::string">
<area shape = "circle" coords="169,288,55" href="knowledge.php?pid=894" alt="topic" title="promisers::master_location">
<area shape = "circle" coords="154,332,55" href="knowledge.php?pid=699" alt="topic" title="cfengine_3::int">
<area shape = "circle" coords="81,336,55" href="knowledge.php?pid=919" alt="topic" title="bundles::g">
<area shape = "circle" coords="118,375,55" href="knowledge.php?pid=701" alt="topic" title="cfengine_3::real">
<area shape = "circle" coords="69,409,55" href="knowledge.php?pid=922" alt="topic" title="promises::promise_site_cf_13">
<area shape = "circle" coords="227,382,52" href="knowledge.php?pid=895" alt="topic" title="promise_types::vars">
<area shape = "circle" coords="52,462,55" href="knowledge.php?pid=666" alt="topic" title="technical_concepts::variables">
</map>
