<img src="graphs/12.png" USEMAP="#knowledge_system" alt="system_reports::classes report image pending">
<map name="knowledge_system">
<area shape = "circle" coords="680,208,38" href="knowledge.php?pid=12" alt="topic" title="system_reports::classes report">
<area shape = "circle" coords="567,94,38" href="knowledge.php?pid=2404" alt="topic" title="body_constraints::and">
<area shape = "circle" coords="447,201,38" href="knowledge.php?pid=2407" alt="topic" title="body_constraints::expression">
<area shape = "circle" coords="120,259,34" href="knowledge.php?pid=2400" alt="topic" title="body_constraints::rlist">
<area shape = "circle" coords="163,444,34" href="knowledge.php?pid=2397" alt="topic" title="body_constraints::real">
<area shape = "circle" coords="205,341,39" href="knowledge.php?pid=47" alt="topic" title="values::real number">
<area shape = "circle" coords="332,320,43" href="knowledge.php?pid=2406" alt="topic" title="body_constraints::dist">
<area shape = "circle" coords="491,395,38" href="knowledge.php?pid=2403" alt="topic" title="body_constraints::or">
<area shape = "circle" coords="650,456,38" href="knowledge.php?pid=2405" alt="topic" title="body_constraints::xor">
<area shape = "circle" coords="704,315,38" href="knowledge.php?pid=2408" alt="topic" title="body_constraints::not">
<area shape = "circle" coords="560,283,55" href="knowledge.php?pid=2402" alt="topic" title="promise_types::classes">
</map>
