<img src="graphs/122.png" USEMAP="#knowledge_system" alt="body_constraints::umask image pending">
<map name="knowledge_system">
<area shape = "circle" coords="602,135,37" href="knowledge.php?pid=915" alt="topic" title="promises::promise_update_cf_41">
<area shape = "circle" coords="558,71,37" href="knowledge.php?pid=118" alt="topic" title="body_constraints::args">
<area shape = "circle" coords="464,108,37" href="knowledge.php?pid=910" alt="topic" title="promisers::/var/cfengine/bin/cf-serverd">
<area shape = "circle" coords="351,114,37" href="knowledge.php?pid=692" alt="topic" title="cfengine_components::cfengine 3">
<area shape = "circle" coords="379,180,37" href="knowledge.php?pid=914" alt="topic" title="promisers::/var/cfengine/bin/cf-monitord">
<area shape = "circle" coords="337,159,31" href="knowledge.php?pid=51" alt="topic" title="values::an arbitrary string">
<area shape = "circle" coords="304,222,30" href="knowledge.php?pid=123" alt="topic" title="body_constraints::exec_owner">
<area shape = "circle" coords="167,96,32" href="knowledge.php?pid=49" alt="topic" title="values::a file path">
<area shape = "circle" coords="220,191,33" href="knowledge.php?pid=128" alt="topic" title="body_constraints::chdir">
<area shape = "circle" coords="183,247,32" href="knowledge.php?pid=125" alt="topic" title="body_constraints::exec_group">
<area shape = "circle" coords="109,287,32" href="knowledge.php?pid=132" alt="topic" title="body_constraints::preview">
<area shape = "circle" coords="97,366,31" href="knowledge.php?pid=38" alt="topic" title="values::boolean">
<area shape = "circle" coords="185,326,30" href="knowledge.php?pid=120" alt="topic" title="body_constraints::useshell">
<area shape = "circle" coords="175,478,32" href="knowledge.php?pid=699" alt="topic" title="cfengine_3::int">
<area shape = "circle" coords="223,382,33" href="knowledge.php?pid=127" alt="topic" title="body_constraints::exec_timeout">
<area shape = "circle" coords="307,349,30" href="knowledge.php?pid=122" alt="topic" title="body_constraints::umask">
<area shape = "circle" coords="405,344,32" href="knowledge.php?pid=130" alt="topic" title="body_constraints::chroot">
<area shape = "circle" coords="381,285,32" href="knowledge.php?pid=134" alt="topic" title="body_constraints::no_output">
<area shape = "circle" coords="272,286,31" href="knowledge.php?pid=119" alt="topic" title="body_constraints::contain">
<area shape = "circle" coords="466,253,37" href="knowledge.php?pid=892" alt="topic" title="bundles::update">
<area shape = "circle" coords="562,289,37" href="knowledge.php?pid=135" alt="topic" title="body_constraints::module">
<area shape = "circle" coords="604,224,37" href="knowledge.php?pid=912" alt="topic" title="promises::promise_update_cf_37">
<area shape = "circle" coords="689,179,37" href="knowledge.php?pid=827" alt="topic" title="promise_theory::promise-type">
<area shape = "circle" coords="503,180,55" href="knowledge.php?pid=911" alt="topic" title="promise_types::commands">
</map>
