<img src="graphs/127.png" USEMAP="#knowledge_system" alt="body_constraints::exec_timeout image pending">
<map name="knowledge_system">
<area shape = "circle" coords="295,381,55" href="knowledge.php?pid=326" alt="topic" title="body_constraints::select_field">
<area shape = "circle" coords="395,453,55" href="knowledge.php?pid=40" alt="topic" title="values::a time range">
<area shape = "circle" coords="487,377,55" href="knowledge.php?pid=494" alt="topic" title="functions::ago">
<area shape = "circle" coords="646,370,55" href="knowledge.php?pid=42" alt="topic" title="values::integer">
<area shape = "circle" coords="590,282,55" href="knowledge.php?pid=500" alt="topic" title="functions::diskfree">
<area shape = "circle" coords="670,201,55" href="knowledge.php?pid=278" alt="topic" title="body_constraints::rotate">
<area shape = "circle" coords="630,95,39" href="knowledge.php?pid=119" alt="topic" title="body_constraints::contain">
<area shape = "circle" coords="507,184,34" href="knowledge.php?pid=127" alt="topic" title="body_constraints::exec_timeout">
<area shape = "circle" coords="448,93,55" href="knowledge.php?pid=493" alt="topic" title="functions::accumulated">
<area shape = "circle" coords="328,154,55" href="knowledge.php?pid=41" alt="topic" title="values::a positive integer">
<area shape = "circle" coords="170,139,55" href="knowledge.php?pid=499" alt="topic" title="functions::countlinesmatching">
<area shape = "circle" coords="188,232,55" href="knowledge.php?pid=186" alt="topic" title="body_constraints::portnumber">
<area shape = "circle" coords="78,300,55" href="knowledge.php?pid=504" alt="topic" title="functions::getfields">
<area shape = "circle" coords="384,272,52" href="knowledge.php?pid=699" alt="topic" title="cfengine_3::int">
<area shape = "circle" coords="52,417,55" href="knowledge.php?pid=38" alt="topic" title="values::boolean">
</map>
