<img src="graphs/144.png" USEMAP="#knowledge_system" alt="body_constraints::db_server_type image pending">
<map name="knowledge_system">
<area shape = "circle" coords="623,195,37" href="knowledge.php?pid=69" alt="topic" title="body_constraints::friend_pattern">
<area shape = "circle" coords="588,94,37" href="knowledge.php?pid=85" alt="topic" title="body_constraints::log_string">
<area shape = "circle" coords="495,147,37" href="knowledge.php?pid=90" alt="topic" title="body_constraints::log_repaired">
<area shape = "circle" coords="387,136,37" href="knowledge.php?pid=99" alt="topic" title="body_constraints::measurement_class">
<area shape = "circle" coords="397,243,37" href="knowledge.php?pid=116" alt="topic" title="body_constraints::select_end">
<area shape = "circle" coords="215,279,30" href="knowledge.php?pid=144" alt="topic" title="body_constraints::db_server_type">
<area shape = "circle" coords="110,317,31" href="knowledge.php?pid=142" alt="topic" title="body_constraints::db_server_host">
<area shape = "circle" coords="91,425,30" href="knowledge.php?pid=136" alt="topic" title="promise_types::databases">
<area shape = "circle" coords="177,495,31" href="knowledge.php?pid=140" alt="topic" title="body_constraints::db_server_password">
<area shape = "circle" coords="282,457,31" href="knowledge.php?pid=145" alt="topic" title="body_constraints::db_server_connection_db">
<area shape = "circle" coords="196,387,30" href="knowledge.php?pid=137" alt="topic" title="body_constraints::database_server">
<area shape = "circle" coords="353,330,30" href="knowledge.php?pid=138" alt="topic" title="body_constraints::db_server_owner">
<area shape = "circle" coords="445,369,37" href="knowledge.php?pid=77" alt="topic" title="body_constraints::showstate">
<area shape = "circle" coords="507,456,37" href="knowledge.php?pid=88" alt="topic" title="body_constraints::log_kept">
<area shape = "circle" coords="581,379,37" href="knowledge.php?pid=92" alt="topic" title="body_constraints::log_failed">
<area shape = "circle" coords="688,359,37" href="knowledge.php?pid=114" alt="topic" title="body_constraints::select_start">
<area shape = "circle" coords="648,261,37" href="knowledge.php?pid=118" alt="topic" title="body_constraints::args">
<area shape = "circle" coords="521,269,55" href="knowledge.php?pid=51" alt="topic" title="values::an arbitrary string">
</map>
