<img src="graphs/171.png" USEMAP="#knowledge_system" alt="body_constraints::env_spec_file image pending">
<map name="knowledge_system">
<area shape = "circle" coords="598,174,37" href="knowledge.php?pid=2535" alt="topic" title="body_constraints::max_file_size">
<area shape = "circle" coords="552,85,37" href="knowledge.php?pid=78" alt="topic" title="body_constraints::number_of_lines">
<area shape = "circle" coords="454,137,37" href="knowledge.php?pid=2412" alt="topic" title="body_constraints::lastseen">
<area shape = "circle" coords="338,145,37" href="knowledge.php?pid=228" alt="topic" title="body_constraints::depth">
<area shape = "circle" coords="366,238,37" href="knowledge.php?pid=2419" alt="topic" title="body_constraints::expireafter">
<area shape = "circle" coords="202,317,30" href="knowledge.php?pid=171" alt="topic" title="body_constraints::env_spec_file">
<area shape = "circle" coords="111,372,31" href="knowledge.php?pid=2476" alt="topic" title="body_constraints::env_disk">
<area shape = "circle" coords="124,465,30" href="knowledge.php?pid=155" alt="topic" title="promise_types::environments">
<area shape = "circle" coords="228,502,31" href="knowledge.php?pid=2474" alt="topic" title="body_constraints::env_memory">
<area shape = "circle" coords="318,446,31" href="knowledge.php?pid=2478" alt="topic" title="body_constraints::env_baseline">
<area shape = "circle" coords="215,409,30" href="knowledge.php?pid=2472" alt="topic" title="body_constraints::environment_resources">
<area shape = "circle" coords="350,326,30" href="knowledge.php?pid=164" alt="topic" title="body_constraints::env_cpus">
<area shape = "circle" coords="457,338,37" href="knowledge.php?pid=487" alt="topic" title="body_constraints::sensible_size">
<area shape = "circle" coords="556,388,37" href="knowledge.php?pid=116" alt="topic" title="body_constraints::persist_time">
<area shape = "circle" coords="600,298,37" href="knowledge.php?pid=2417" alt="topic" title="body_constraints::ifelapsed">
<area shape = "circle" coords="688,236,37" href="knowledge.php?pid=449" alt="topic" title="body_constraints::rsize">
<area shape = "circle" coords="495,237,55" href="knowledge.php?pid=45" alt="topic" title="values::a positive integer">
</map>
