<img src="graphs/2014.png" USEMAP="#knowledge_system" alt="Windows_specific_features_in_Nova::Notes on windows policies image pending">
<map name="knowledge_system">
<area shape = "circle" coords="620,116,38" href="knowledge.php?pid=3427" alt="topic" title="bundles::update_bins">
<area shape = "circle" coords="555,63,38" href="knowledge.php?pid=2678" alt="topic" title="promise_types::processes">
<area shape = "circle" coords="465,104,38" href="knowledge.php?pid=3496" alt="topic" title="bundles::update">
<area shape = "circle" coords="365,139,38" href="knowledge.php?pid=2994" alt="topic" title="handles::cfengine_processes_stop_cf_components">
<area shape = "circle" coords="362,156,30" href="knowledge.php?pid=2124" alt="topic" title="Mission_Portal::Mission Portal">
<area shape = "circle" coords="103,207,30" href="knowledge.php?pid=2014" alt="topic" title="Windows_specific_features_in_Nova::Notes on windows policies">
<area shape = "circle" coords="248,206,30" href="knowledge.php?pid=2232" alt="topic" title="Special_Topics_Guide::Content-Driven Policies">
<area shape = "circle" coords="165,325,38" href="knowledge.php?pid=2851" alt="topic" title="management_terminology::business goals">
<area shape = "circle" coords="81,402,38" href="knowledge.php?pid=649" alt="topic" title="views::manager view">
<area shape = "circle" coords="142,486,38" href="knowledge.php?pid=2706" alt="topic" title="promise_types::services">
<area shape = "circle" coords="302,513,49" href="knowledge.php?pid=648" alt="topic" title="views::architect view">
<area shape = "circle" coords="441,462,38" href="knowledge.php?pid=2391" alt="topic" title="system_policy::bundles">
<area shape = "circle" coords="454,373,38" href="knowledge.php?pid=763" alt="topic" title="management_terminology::goals">
<area shape = "circle" coords="274,410,54" href="knowledge.php?pid=2852" alt="topic" title="knowledge_model::service catalogue">
<area shape = "circle" coords="512,250,32" href="knowledge.php?pid=2226" alt="topic" title="Special_Topics_Guide::Virtualization">
<area shape = "circle" coords="393,205,31" href="knowledge.php?pid=2850" alt="topic" title="Introduction_to_Cfengine_Nova::What's new in Nova 2.0">
<area shape = "circle" coords="507,239,38" href="knowledge.php?pid=3470" alt="topic" title="handles::update_bins_processes_stop_cfengine">
<area shape = "circle" coords="597,198,38" href="knowledge.php?pid=2960" alt="topic" title="bundles::cfengine_processes">
<area shape = "circle" coords="697,163,38" href="knowledge.php?pid=3522" alt="topic" title="handles::update_processes_cf_hub">
<area shape = "circle" coords="531,151,55" href="knowledge.php?pid=2992" alt="topic" title="promisers::cf-hub">
</map>
