<img src="graphs/2414.png" USEMAP="#knowledge_system" alt="body_constraints::report_to_file image pending">
<map name="knowledge_system">
<area shape = "circle" coords="270,389,55" href="knowledge.php?pid=3237" alt="topic" title="bundles::cfengine_web_server">
<area shape = "circle" coords="299,452,32" href="knowledge.php?pid=2414" alt="topic" title="body_constraints::report_to_file">
<area shape = "circle" coords="390,413,55" href="knowledge.php?pid=3312" alt="topic" title="handles::cfengine_web_server_reports_have_selinux">
<area shape = "circle" coords="482,467,55" href="knowledge.php?pid=2411" alt="topic" title="body_constraints::intermittency">
<area shape = "circle" coords="512,394,55" href="knowledge.php?pid=3485" alt="topic" title="promisers::An update for Cfengine binaries is downloaded, installing...">
<area shape = "circle" coords="642,410,55" href="knowledge.php?pid=2413" alt="topic" title="body_constraints::printfile">
<area shape = "circle" coords="594,338,55" href="knowledge.php?pid=3489" alt="topic" title="promisers::Successfully installed Cfengine binaries">
<area shape = "circle" coords="717,310,55" href="knowledge.php?pid=2960" alt="topic" title="bundles::cfengine_processes">
<area shape = "circle" coords="608,266,55" href="knowledge.php?pid=3493" alt="topic" title="promisers::Failed updating Cfengine binaries, should revert to old version">
<area shape = "circle" coords="681,202,55" href="knowledge.php?pid=3010" alt="topic" title="handles::cfengine_processes_reports">
<area shape = "circle" coords="732,237,37" href="knowledge.php?pid=1674" alt="topic" title="Software_components::cf-agent">
<area shape = "circle" coords="485,96,37" href="knowledge.php?pid=839" alt="topic" title="cfengine_components::cfengine nova">
<area shape = "circle" coords="538,208,33" href="knowledge.php?pid=838" alt="topic" title="cfengine_components::cfengine 3">
<area shape = "circle" coords="546,125,55" href="knowledge.php?pid=3310" alt="topic" title="promisers:: NB - Disabling SELinux to allow PHP to function">
<area shape = "circle" coords="433,176,32" href="knowledge.php?pid=982" alt="topic" title="promise_theory::promise-type">
<area shape = "circle" coords="359,106,55" href="knowledge.php?pid=3427" alt="topic" title="bundles::update_bins">
<area shape = "circle" coords="310,177,55" href="knowledge.php?pid=2412" alt="topic" title="body_constraints::lastseen">
<area shape = "circle" coords="186,150,55" href="knowledge.php?pid=3487" alt="topic" title="handles::update_bins_reports_installation">
<area shape = "circle" coords="215,224,55" href="knowledge.php?pid=2415" alt="topic" title="body_constraints::showstate">
<area shape = "circle" coords="85,242,55" href="knowledge.php?pid=3491" alt="topic" title="handles::update_bins_reports_finish">
<area shape = "circle" coords="182,295,55" href="knowledge.php?pid=3008" alt="topic" title="promisers::Reloaded configuration of all Cfengine components">
<area shape = "circle" coords="93,352,55" href="knowledge.php?pid=3495" alt="topic" title="handles::update_bins_reports_fail">
<area shape = "circle" coords="397,290,52" href="knowledge.php?pid=2409" alt="topic" title="promise_types::reports">
<area shape = "circle" coords="52,437,55" href="knowledge.php?pid=2410" alt="topic" title="body_constraints::friend_pattern">
</map>
