<img src="graphs/2425.png" USEMAP="#knowledge_system" alt="body_constraints::value_repaired image pending">
<map name="knowledge_system">
<area shape = "circle" coords="272,384,55" href="knowledge.php?pid=269" alt="topic" title="body_constraints::issymlinkto">
<area shape = "circle" coords="296,453,52" href="knowledge.php?pid=95" alt="topic" title="body_constraints::value_kept">
<area shape = "circle" coords="393,407,55" href="knowledge.php?pid=317" alt="topic" title="body_constraints::delete_if_startwith_from_list">
<area shape = "circle" coords="483,457,52" href="knowledge.php?pid=129" alt="topic" title="body_constraints::exec_owner">
<area shape = "circle" coords="516,388,55" href="knowledge.php?pid=347" alt="topic" title="body_constraints::select_line_matching">
<area shape = "circle" coords="641,402,52" href="knowledge.php?pid=158" alt="topic" title="body_constraints::env_addresses">
<area shape = "circle" coords="599,334,55" href="knowledge.php?pid=367" alt="topic" title="body_constraints::replace_value">
<area shape = "circle" coords="723,305,55" href="knowledge.php?pid=251" alt="topic" title="body_constraints::leaf_name">
<area shape = "circle" coords="613,262,55" href="knowledge.php?pid=386" alt="topic" title="body_constraints::package_delete_convention">
<area shape = "circle" coords="687,199,55" href="knowledge.php?pid=265" alt="topic" title="body_constraints::exec_regex">
<area shape = "circle" coords="737,234,30" href="knowledge.php?pid=2759" alt="topic" title="values::action">
<area shape = "circle" coords="489,95,30" href="knowledge.php?pid=923" alt="topic" title="management_issues::business value">
<area shape = "circle" coords="542,205,32" href="knowledge.php?pid=2425" alt="topic" title="body_constraints::value_repaired">
<area shape = "circle" coords="551,123,55" href="knowledge.php?pid=273" alt="topic" title="body_constraints::copy_patterns">
<area shape = "circle" coords="438,168,52" href="knowledge.php?pid=106" alt="topic" title="body_constraints::measurement_class">
<area shape = "circle" coords="362,104,55" href="knowledge.php?pid=333" alt="topic" title="body_constraints::insert_if_startwith_from_list">
<area shape = "circle" coords="314,176,52" href="knowledge.php?pid=142" alt="topic" title="body_constraints::db_server_owner">
<area shape = "circle" coords="187,147,55" href="knowledge.php?pid=356" alt="topic" title="body_constraints::field_separator">
<area shape = "circle" coords="216,221,55" href="knowledge.php?pid=202" alt="topic" title="body_constraints::linkcopy_patterns">
<area shape = "circle" coords="86,239,55" href="knowledge.php?pid=382" alt="topic" title="body_constraints::package_arch_regex">
<area shape = "circle" coords="183,291,55" href="knowledge.php?pid=257" alt="topic" title="body_constraints::search_owners">
<area shape = "circle" coords="94,347,55" href="knowledge.php?pid=395" alt="topic" title="body_constraints::package_list_name_regex">
<area shape = "circle" coords="400,285,52" href="knowledge.php?pid=55" alt="topic" title="values::an arbitrary string">
<area shape = "circle" coords="52,431,55" href="knowledge.php?pid=149" alt="topic" title="body_constraints::db_server_connection_db">
</map>
