<img src="graphs/2436.png" USEMAP="#knowledge_system" alt="body_constraints::timer_policy image pending">
<map name="knowledge_system">
<area shape = "circle" coords="699,102,43" href="knowledge.php?pid=91" alt="topic" title="body_constraints::log_kept">
<area shape = "circle" coords="515,64,43" href="knowledge.php?pid=83" alt="topic" title="body_constraints::action_policy">
<area shape = "circle" coords="483,143,35" href="knowledge.php?pid=2765" alt="topic" title="values::select_region">
<area shape = "circle" coords="376,144,35" href="knowledge.php?pid=2761" alt="topic" title="values::ifvarclass">
<area shape = "circle" coords="391,205,35" href="knowledge.php?pid=2764" alt="topic" title="values::comment">
<area shape = "circle" coords="331,189,42" href="knowledge.php?pid=116" alt="topic" title="body_constraints::persist_time">
<area shape = "circle" coords="196,213,37" href="knowledge.php?pid=109" alt="topic" title="body_constraints::repair_failed">
<area shape = "circle" coords="100,273,37" href="knowledge.php?pid=111" alt="topic" title="body_constraints::repair_timeout">
<area shape = "circle" coords="69,353,37" href="knowledge.php?pid=113" alt="topic" title="body_constraints::cancel_kept">
<area shape = "circle" coords="112,431,37" href="knowledge.php?pid=115" alt="topic" title="body_constraints::cancel_notkept">
<area shape = "circle" coords="216,486,30" href="knowledge.php?pid=108" alt="topic" title="body_constraints::promise_repaired">
<area shape = "circle" coords="354,504,30" href="knowledge.php?pid=2436" alt="topic" title="body_constraints::timer_policy">
<area shape = "circle" coords="489,479,37" href="knowledge.php?pid=110" alt="topic" title="body_constraints::repair_denied">
<area shape = "circle" coords="585,419,37" href="knowledge.php?pid=112" alt="topic" title="body_constraints::promise_kept">
<area shape = "circle" coords="615,340,37" href="knowledge.php?pid=114" alt="topic" title="body_constraints::cancel_repaired">
<area shape = "circle" coords="574,262,37" href="knowledge.php?pid=2891" alt="topic" title="manual::classes (compound body)">
<area shape = "circle" coords="343,346,34" href="knowledge.php?pid=2760" alt="topic" title="values::classes">
<area shape = "circle" coords="517,243,35" href="knowledge.php?pid=2763" alt="topic" title="values::depends_on">
<area shape = "circle" coords="612,215,35" href="knowledge.php?pid=2762" alt="topic" title="values::handle">
<area shape = "circle" coords="480,195,33" href="knowledge.php?pid=81" alt="topic" title="promise_types::*">
<area shape = "circle" coords="709,214,43" href="knowledge.php?pid=92" alt="topic" title="body_constraints::log_priority">
<area shape = "circle" coords="612,139,55" href="knowledge.php?pid=2759" alt="topic" title="values::action">
</map>
