<img src="graphs/2460.png" USEMAP="#knowledge_system" alt="body_constraints::db_server_type image pending">
<map name="knowledge_system">
<area shape = "circle" coords="700,159,38" href="knowledge.php?pid=95" alt="topic" title="body_constraints::value_kept">
<area shape = "circle" coords="654,78,38" href="knowledge.php?pid=129" alt="topic" title="body_constraints::exec_owner">
<area shape = "circle" coords="574,131,38" href="knowledge.php?pid=202" alt="topic" title="body_constraints::linkcopy_patterns">
<area shape = "circle" coords="479,159,38" href="knowledge.php?pid=257" alt="topic" title="body_constraints::search_owners">
<area shape = "circle" coords="340,159,32" href="knowledge.php?pid=2888" alt="topic" title="manual::database_server (compound body)">
<area shape = "circle" coords="186,168,30" href="knowledge.php?pid=2460" alt="topic" title="body_constraints::db_server_type">
<area shape = "circle" coords="99,283,32" href="knowledge.php?pid=2458" alt="topic" title="body_constraints::db_server_host">
<area shape = "circle" coords="143,418,51" href="knowledge.php?pid=2453" alt="topic" title="promise_types::databases">
<area shape = "circle" coords="285,470,32" href="knowledge.php?pid=2456" alt="topic" title="body_constraints::db_server_password">
<area shape = "circle" coords="419,401,30" href="knowledge.php?pid=149" alt="topic" title="body_constraints::db_server_connection_db">
<area shape = "circle" coords="274,308,31" href="knowledge.php?pid=2454" alt="topic" title="body_constraints::database_server">
<area shape = "circle" coords="528,239,30" href="knowledge.php?pid=142" alt="topic" title="body_constraints::db_server_owner">
<area shape = "circle" coords="535,331,38" href="knowledge.php?pid=106" alt="topic" title="body_constraints::measurement_class">
<area shape = "circle" coords="630,306,38" href="knowledge.php?pid=158" alt="topic" title="body_constraints::env_addresses">
<area shape = "circle" coords="730,310,38" href="knowledge.php?pid=251" alt="topic" title="body_constraints::leaf_name">
<area shape = "circle" coords="720,219,38" href="knowledge.php?pid=265" alt="topic" title="body_constraints::exec_regex">
<area shape = "circle" coords="619,214,55" href="knowledge.php?pid=55" alt="topic" title="values::an arbitrary string">
</map>
