<img src="graphs/2550.png" USEMAP="#knowledge_system" alt="body_constraints::file_result image pending">
<map name="knowledge_system">
<area shape = "circle" coords="678,198,40" href="knowledge.php?pid=14" alt="topic" title="system_reports::file_changes report">
<area shape = "circle" coords="481,93,40" href="knowledge.php?pid=26" alt="topic" title="system_reports::setuid report">
<area shape = "circle" coords="436,236,36" href="knowledge.php?pid=268" alt="topic" title="body_constraints::file_types">
<area shape = "circle" coords="601,55,31" href="knowledge.php?pid=49" alt="topic" title="values::posix file mode or permission">
<area shape = "circle" coords="458,166,30" href="knowledge.php?pid=254" alt="topic" title="body_constraints::search_mode">
<area shape = "circle" coords="371,179,36" href="knowledge.php?pid=2540" alt="topic" title="body_constraints::path_name">
<area shape = "circle" coords="330,115,36" href="knowledge.php?pid=257" alt="topic" title="body_constraints::search_owners">
<area shape = "circle" coords="277,173,36" href="knowledge.php?pid=2544" alt="topic" title="body_constraints::search_groups">
<area shape = "circle" coords="194,148,36" href="knowledge.php?pid=263" alt="topic" title="body_constraints::mtime">
<area shape = "circle" coords="202,221,36" href="knowledge.php?pid=2548" alt="topic" title="body_constraints::exec_program">
<area shape = "circle" coords="121,249,36" href="knowledge.php?pid=265" alt="topic" title="body_constraints::exec_regex">
<area shape = "circle" coords="57,318,31" href="knowledge.php?pid=55" alt="topic" title="values::an arbitrary string">
<area shape = "circle" coords="186,297,30" href="knowledge.php?pid=251" alt="topic" title="body_constraints::leaf_name">
<area shape = "circle" coords="149,363,36" href="knowledge.php?pid=269" alt="topic" title="body_constraints::issymlinkto">
<area shape = "circle" coords="237,363,30" href="knowledge.php?pid=2550" alt="topic" title="body_constraints::file_result">
<area shape = "circle" coords="263,433,36" href="knowledge.php?pid=2542" alt="topic" title="body_constraints::search_size">
<area shape = "circle" coords="328,384,36" href="knowledge.php?pid=262" alt="topic" title="body_constraints::ctime">
<area shape = "circle" coords="404,421,36" href="knowledge.php?pid=2546" alt="topic" title="body_constraints::search_bsdflags">
<area shape = "circle" coords="412,348,36" href="knowledge.php?pid=264" alt="topic" title="body_constraints::atime">
<area shape = "circle" coords="498,333,36" href="knowledge.php?pid=2887" alt="topic" title="manual::file_select (compound body)">
<area shape = "circle" coords="314,276,35" href="knowledge.php?pid=2538" alt="topic" title="body_constraints::file_select">
<area shape = "circle" coords="487,456,40" href="knowledge.php?pid=15" alt="topic" title="system_reports::file_diffs report">
<area shape = "circle" coords="680,347,40" href="knowledge.php?pid=29" alt="topic" title="system_reports::hashes report">
<area shape = "circle" coords="555,274,55" href="knowledge.php?pid=2481" alt="topic" title="promise_types::files">
</map>
