<img src="graphs/2565.png" USEMAP="#knowledge_system" alt="body_constraints::mode image pending">
<map name="knowledge_system">
<area shape = "circle" coords="631,157,37" href="knowledge.php?pid=14" alt="topic" title="system_reports::file_changes report">
<area shape = "circle" coords="598,80,37" href="knowledge.php?pid=26" alt="topic" title="system_reports::setuid report">
<area shape = "circle" coords="511,120,37" href="knowledge.php?pid=837" alt="topic" title="cfengine_components::cfengine 2">
<area shape = "circle" coords="411,112,37" href="knowledge.php?pid=982" alt="topic" title="promise_theory::promise-type">
<area shape = "circle" coords="420,193,37" href="knowledge.php?pid=2487" alt="topic" title="body_constraints::copy_from">
<area shape = "circle" coords="310,211,31" href="knowledge.php?pid=2884" alt="topic" title="manual::perms (compound body)">
<area shape = "circle" coords="107,81,31" href="knowledge.php?pid=2770" alt="topic" title="data_types::slist">
<area shape = "circle" coords="192,185,33" href="knowledge.php?pid=286" alt="topic" title="body_constraints::bsdflags">
<area shape = "circle" coords="174,281,31" href="knowledge.php?pid=2569" alt="topic" title="body_constraints::rxdirs">
<area shape = "circle" coords="61,469,30" href="knowledge.php?pid=49" alt="topic" title="values::posix file mode or permission">
<area shape = "circle" coords="169,379,30" href="knowledge.php?pid=2565" alt="topic" title="body_constraints::mode">
<area shape = "circle" coords="291,372,31" href="knowledge.php?pid=2567" alt="topic" title="body_constraints::owners">
<area shape = "circle" coords="411,354,31" href="knowledge.php?pid=2563" alt="topic" title="body_constraints::groups">
<area shape = "circle" coords="278,289,31" href="knowledge.php?pid=2562" alt="topic" title="body_constraints::perms">
<area shape = "circle" coords="465,289,37" href="knowledge.php?pid=15" alt="topic" title="system_reports::file_diffs report">
<area shape = "circle" coords="523,355,37" href="knowledge.php?pid=29" alt="topic" title="system_reports::hashes report">
<area shape = "circle" coords="592,296,37" href="knowledge.php?pid=838" alt="topic" title="cfengine_components::cfengine 3">
<area shape = "circle" coords="692,281,37" href="knowledge.php?pid=2483" alt="topic" title="body_constraints::changes">
<area shape = "circle" coords="654,207,37" href="knowledge.php?pid=2516" alt="topic" title="body_constraints::create">
<area shape = "circle" coords="536,213,55" href="knowledge.php?pid=2481" alt="topic" title="promise_types::files">
</map>
