<img src="graphs/2579.png" USEMAP="#knowledge_system" alt="body_constraints::rotate image pending">
<map name="knowledge_system">
<area shape = "circle" coords="155,448,55" href="knowledge.php?pid=866" alt="topic" title="cfengine_2::directories">
<area shape = "circle" coords="187,484,55" href="knowledge.php?pid=821" alt="topic" title="cfengine_components::cfservd">
<area shape = "circle" coords="230,453,55" href="knowledge.php?pid=861" alt="topic" title="cfengine_2::binservers">
<area shape = "circle" coords="295,462,55" href="knowledge.php?pid=823" alt="topic" title="cfengine_components::cfenvd">
<area shape = "circle" coords="285,420,55" href="knowledge.php?pid=863" alt="topic" title="cfengine_2::copy">
<area shape = "circle" coords="339,396,55" href="knowledge.php?pid=825" alt="topic" title="cfengine_components::cfshow">
<area shape = "circle" coords="285,372,55" href="knowledge.php?pid=865" alt="topic" title="cfengine_2::disks">
<area shape = "circle" coords="442,382,43" href="knowledge.php?pid=2573" alt="topic" title="body_constraints::disable_mode">
<area shape = "circle" coords="610,346,30" href="knowledge.php?pid=982" alt="topic" title="promise_theory::promise-type">
<area shape = "circle" coords="702,250,43" href="knowledge.php?pid=2577" alt="topic" title="body_constraints::newname">
<area shape = "circle" coords="675,139,43" href="knowledge.php?pid=2571" alt="topic" title="body_constraints::disable">
<area shape = "circle" coords="542,64,30" href="knowledge.php?pid=2579" alt="topic" title="body_constraints::rotate">
<area shape = "circle" coords="366,62,43" href="knowledge.php?pid=2575" alt="topic" title="body_constraints::disable_suffix">
<area shape = "circle" coords="227,132,43" href="knowledge.php?pid=2481" alt="topic" title="promise_types::files">
<area shape = "circle" coords="193,242,43" href="knowledge.php?pid=2881" alt="topic" title="manual::rename (compound body)">
<area shape = "circle" coords="448,218,38" href="knowledge.php?pid=2570" alt="topic" title="body_constraints::rename">
<area shape = "circle" coords="228,341,55" href="knowledge.php?pid=860" alt="topic" title="cfengine_2::alerts">
<area shape = "circle" coords="184,309,55" href="knowledge.php?pid=822" alt="topic" title="cfengine_components::cfexecd">
<area shape = "circle" coords="153,346,55" href="knowledge.php?pid=862" alt="topic" title="cfengine_2::broadcast">
<area shape = "circle" coords="87,346,55" href="knowledge.php?pid=824" alt="topic" title="cfengine_components::cfrun">
<area shape = "circle" coords="110,385,55" href="knowledge.php?pid=864" alt="topic" title="cfengine_2::defaultroute">
<area shape = "circle" coords="65,416,55" href="knowledge.php?pid=826" alt="topic" title="cfengine_components::cfenvgraph">
<area shape = "circle" coords="200,397,52" href="knowledge.php?pid=837" alt="topic" title="cfengine_components::cfengine 2">
<area shape = "circle" coords="52,467,55" href="knowledge.php?pid=820" alt="topic" title="cfengine_components::cfagent">
</map>
