<img src="graphs/2590.png" USEMAP="#knowledge_system" alt="body_constraints::delete_select image pending">
<map name="knowledge_system">
<area shape = "circle" coords="704,67,45" href="knowledge.php?pid=42" alt="topic" title="values::boolean">
<area shape = "circle" coords="459,163,46" href="knowledge.php?pid=3594" alt="topic" title="promises::promise_cfengine_stdlib_cf_127">
<area shape = "circle" coords="415,40,45" href="knowledge.php?pid=2921" alt="topic" title="class_contexts::any">
<area shape = "circle" coords="419,127,55" href="knowledge.php?pid=3592" alt="topic" title="promises::promise_cfengine_stdlib_cf_116">
<area shape = "circle" coords="383,165,46" href="knowledge.php?pid=3602" alt="topic" title="promisers::search.*">
<area shape = "circle" coords="320,168,46" href="knowledge.php?pid=3590" alt="topic" title="bundles::delete_lines_matching">
<area shape = "circle" coords="342,211,46" href="knowledge.php?pid=3604" alt="topic" title="promisers::nameserver.*">
<area shape = "circle" coords="310,250,46" href="knowledge.php?pid=3593" alt="topic" title="bundles::warn_lines_matching">
<area shape = "circle" coords="206,274,30" href="knowledge.php?pid=2592" alt="topic" title="body_constraints::delete_if_not_startwith_from_list">
<area shape = "circle" coords="95,317,38" href="knowledge.php?pid=2596" alt="topic" title="body_constraints::delete_if_not_match_from_list">
<area shape = "circle" coords="58,403,38" href="knowledge.php?pid=2600" alt="topic" title="body_constraints::delete_if_not_contains_from_list">
<area shape = "circle" coords="117,482,30" href="knowledge.php?pid=317" alt="topic" title="body_constraints::delete_if_startwith_from_list">
<area shape = "circle" coords="237,509,38" href="knowledge.php?pid=2594" alt="topic" title="body_constraints::delete_if_match_from_list">
<area shape = "circle" coords="348,466,38" href="knowledge.php?pid=2598" alt="topic" title="body_constraints::delete_if_contains_from_list">
<area shape = "circle" coords="385,380,38" href="knowledge.php?pid=2873" alt="topic" title="manual::delete_select (compound body)">
<area shape = "circle" coords="222,391,34" href="knowledge.php?pid=2590" alt="topic" title="body_constraints::delete_select">
<area shape = "circle" coords="398,302,46" href="knowledge.php?pid=3601" alt="topic" title="bundles::resolvconf">
<area shape = "circle" coords="446,272,46" href="knowledge.php?pid=2906" alt="topic" title="cfengine_2::WarnIfLineMatching">
<area shape = "circle" coords="508,280,46" href="knowledge.php?pid=3603" alt="topic" title="promises::promise_cfengine_stdlib_cf_163">
<area shape = "circle" coords="501,235,46" href="knowledge.php?pid=3591" alt="topic" title="promisers::$(regex)">
<area shape = "circle" coords="545,202,46" href="knowledge.php?pid=3605" alt="topic" title="promises::promise_cfengine_stdlib_cf_164">
<area shape = "circle" coords="424,216,46" href="knowledge.php?pid=315" alt="topic" title="promise_types::delete_lines">
<area shape = "circle" coords="624,109,55" href="knowledge.php?pid=2601" alt="topic" title="body_constraints::not_matching">
</map>
