<img src="graphs/2621.png" USEMAP="#knowledge_system" alt="body_constraints::field_operation image pending">
<map name="knowledge_system">
<area shape = "circle" coords="166,436,55" href="knowledge.php?pid=3318" alt="topic" title="promisers::APACHE_MODULES=.*">
<area shape = "circle" coords="207,479,55" href="knowledge.php?pid=3320" alt="topic" title="promises::promise_cfengine_cf_814">
<area shape = "circle" coords="253,438,55" href="knowledge.php?pid=3615" alt="topic" title="promisers::\s*$(index)\s*=.*">
<area shape = "circle" coords="327,443,55" href="knowledge.php?pid=3626" alt="topic" title="bundles::set_user_field">
<area shape = "circle" coords="309,392,55" href="knowledge.php?pid=3628" alt="topic" title="promises::promise_cfengine_stdlib_cf_275">
<area shape = "circle" coords="360,353,55" href="knowledge.php?pid=3632" alt="topic" title="promisers::$(group):.*">
<area shape = "circle" coords="491,323,31" href="knowledge.php?pid=351" alt="topic" title="body_constraints::allow_blank_fields">
<area shape = "circle" coords="606,322,46" href="knowledge.php?pid=361" alt="topic" title="body_constraints::start_fields_from_zero">
<area shape = "circle" coords="698,273,46" href="knowledge.php?pid=2623" alt="topic" title="body_constraints::field_value">
<area shape = "circle" coords="733,195,46" href="knowledge.php?pid=2627" alt="topic" title="body_constraints::value_separator">
<area shape = "circle" coords="696,118,31" href="knowledge.php?pid=2621" alt="topic" title="body_constraints::field_operation">
<area shape = "circle" coords="602,71,46" href="knowledge.php?pid=356" alt="topic" title="body_constraints::field_separator">
<area shape = "circle" coords="487,72,46" href="knowledge.php?pid=2619" alt="topic" title="body_constraints::extend_fields">
<area shape = "circle" coords="395,121,46" href="knowledge.php?pid=2625" alt="topic" title="body_constraints::select_field">
<area shape = "circle" coords="360,199,46" href="knowledge.php?pid=2875" alt="topic" title="manual::edit_field (compound body)">
<area shape = "circle" coords="546,197,40" href="knowledge.php?pid=2617" alt="topic" title="body_constraints::edit_field">
<area shape = "circle" coords="282,279,55" href="knowledge.php?pid=3319" alt="topic" title="promises::promise_cfengine_cf_807">
<area shape = "circle" coords="216,303,55" href="knowledge.php?pid=3610" alt="topic" title="bundles::set_variable_values">
<area shape = "circle" coords="152,276,55" href="knowledge.php?pid=3616" alt="topic" title="promises::promise_cfengine_stdlib_cf_202">
<area shape = "circle" coords="136,327,55" href="knowledge.php?pid=3627" alt="topic" title="promisers::$(user):.*">
<area shape = "circle" coords="67,346,55" href="knowledge.php?pid=3629" alt="topic" title="bundles::append_user_field">
<area shape = "circle" coords="114,387,55" href="knowledge.php?pid=3633" alt="topic" title="promises::promise_cfengine_stdlib_cf_295">
<area shape = "circle" coords="212,373,52" href="knowledge.php?pid=349" alt="topic" title="promise_types::field_edits">
<area shape = "circle" coords="52,458,55" href="knowledge.php?pid=3313" alt="topic" title="bundles::fixapache">
</map>
