<img src="graphs/2636.png" USEMAP="#knowledge_system" alt="promise_types::packages image pending">
<map name="knowledge_system">
<area shape = "circle" coords="270,289,55" href="knowledge.php?pid=2903" alt="topic" title="management_issues::patch management">
<area shape = "circle" coords="200,466,37" href="knowledge.php?pid=650" alt="topic" title="views::operator view">
<area shape = "circle" coords="299,338,33" href="knowledge.php?pid=25" alt="topic" title="system_reports::software installed report">
<area shape = "circle" coords="390,307,55" href="knowledge.php?pid=3185" alt="topic" title="promisers::apache2">
<area shape = "circle" coords="482,350,55" href="knowledge.php?pid=943" alt="topic" title="BDMA::deploy">
<area shape = "circle" coords="512,292,55" href="knowledge.php?pid=3192" alt="topic" title="promisers::php5">
<area shape = "circle" coords="642,305,55" href="knowledge.php?pid=2637" alt="topic" title="body_constraints::package_architectures">
<area shape = "circle" coords="594,249,55" href="knowledge.php?pid=3197" alt="topic" title="promises::cfengine_policysrv_packages_install_package_suse">
<area shape = "circle" coords="717,227,55" href="knowledge.php?pid=2675" alt="topic" title="body_constraints::package_policy">
<area shape = "circle" coords="608,193,55" href="knowledge.php?pid=3474" alt="topic" title="promisers::cfengine-nova">
<area shape = "circle" coords="681,143,55" href="knowledge.php?pid=2677" alt="topic" title="body_constraints::package_version">
<area shape = "circle" coords="680,83,37" href="knowledge.php?pid=651" alt="topic" title="views::security view">
<area shape = "circle" coords="538,147,33" href="knowledge.php?pid=19" alt="topic" title="system_reports::patches installed report">
<area shape = "circle" coords="546,83,55" href="knowledge.php?pid=3174" alt="topic" title="bundles::cfengine_policysrv">
<area shape = "circle" coords="433,122,32" href="knowledge.php?pid=20" alt="topic" title="system_reports::patches available report">
<area shape = "circle" coords="359,67,55" href="knowledge.php?pid=3189" alt="topic" title="promisers::mysql-server">
<area shape = "circle" coords="310,123,55" href="knowledge.php?pid=982" alt="topic" title="promise_theory::promise-type">
<area shape = "circle" coords="186,102,55" href="knowledge.php?pid=3195" alt="topic" title="promisers::ssl-cert">
<area shape = "circle" coords="215,160,55" href="knowledge.php?pid=2638" alt="topic" title="body_constraints::package_method">
<area shape = "circle" coords="85,174,55" href="knowledge.php?pid=3427" alt="topic" title="bundles::update_bins">
<area shape = "circle" coords="182,215,55" href="knowledge.php?pid=2676" alt="topic" title="body_constraints::package_select">
<area shape = "circle" coords="93,259,55" href="knowledge.php?pid=3477" alt="topic" title="promises::update_bins_packages_package_update">
<area shape = "circle" coords="397,211,52" href="knowledge.php?pid=2636" alt="topic" title="promise_types::packages">
<area shape = "circle" coords="52,326,55" href="knowledge.php?pid=837" alt="topic" title="cfengine_components::cfengine 2">
</map>
