<img src="graphs/2640.png" USEMAP="#knowledge_system" alt="body_constraints::package_changes image pending">
<map name="knowledge_system">
<area shape = "circle" coords="277,368,55" href="knowledge.php?pid=2664" alt="topic" title="body_constraints::package_patch_arch_regex">
<area shape = "circle" coords="296,442,32" href="knowledge.php?pid=381" alt="topic" title="body_constraints::package_add_command">
<area shape = "circle" coords="390,398,55" href="knowledge.php?pid=2646" alt="topic" title="body_constraints::package_list_arch_regex">
<area shape = "circle" coords="470,468,55" href="knowledge.php?pid=386" alt="topic" title="body_constraints::package_delete_convention">
<area shape = "circle" coords="511,385,55" href="knowledge.php?pid=2650" alt="topic" title="body_constraints::package_list_update_command">
<area shape = "circle" coords="636,419,55" href="knowledge.php?pid=414" alt="topic" title="body_constraints::package_patch_installed_regex">
<area shape = "circle" coords="604,333,55" href="knowledge.php?pid=2654" alt="topic" title="body_constraints::package_list_version_regex">
<area shape = "circle" coords="738,320,55" href="knowledge.php?pid=422" alt="topic" title="body_constraints::package_verify_command">
<area shape = "circle" coords="641,258,55" href="knowledge.php?pid=2658" alt="topic" title="body_constraints::package_name_regex">
<area shape = "circle" coords="746,202,55" href="knowledge.php?pid=2636" alt="topic" title="promise_types::packages">
<area shape = "circle" coords="614,181,55" href="knowledge.php?pid=2662" alt="topic" title="body_constraints::package_noverify_returncode">
<area shape = "circle" coords="642,108,32" href="knowledge.php?pid=2640" alt="topic" title="body_constraints::package_changes">
<area shape = "circle" coords="528,125,55" href="knowledge.php?pid=2644" alt="topic" title="body_constraints::package_installed_regex">
<area shape = "circle" coords="493,53,32" href="knowledge.php?pid=382" alt="topic" title="body_constraints::package_arch_regex">
<area shape = "circle" coords="410,106,55" href="knowledge.php?pid=2648" alt="topic" title="body_constraints::package_list_command">
<area shape = "circle" coords="316,42,55" href="knowledge.php?pid=395" alt="topic" title="body_constraints::package_list_name_regex">
<area shape = "circle" coords="293,129,55" href="knowledge.php?pid=2652" alt="topic" title="body_constraints::package_list_update_ifelapsed">
<area shape = "circle" coords="162,106,55" href="knowledge.php?pid=417" alt="topic" title="body_constraints::package_patch_name_regex">
<area shape = "circle" coords="212,188,55" href="knowledge.php?pid=2656" alt="topic" title="body_constraints::package_name_convention">
<area shape = "circle" coords="82,213,55" href="knowledge.php?pid=423" alt="topic" title="body_constraints::package_version_regex">
<area shape = "circle" coords="190,266,55" href="knowledge.php?pid=2660" alt="topic" title="body_constraints::package_noverify_regex">
<area shape = "circle" coords="99,331,55" href="knowledge.php?pid=2642" alt="topic" title="body_constraints::package_file_repositories">
<area shape = "circle" coords="415,252,52" href="knowledge.php?pid=2638" alt="topic" title="body_constraints::package_method">
<area shape = "circle" coords="52,427,55" href="knowledge.php?pid=385" alt="topic" title="body_constraints::package_delete_command">
</map>
