<img src="graphs/2662.png" USEMAP="#knowledge_system" alt="body_constraints::package_noverify_returncode image pending">
<map name="knowledge_system">
<area shape = "circle" coords="232,397,55" href="knowledge.php?pid=2656" alt="topic" title="body_constraints::package_name_convention">
<area shape = "circle" coords="262,460,52" href="knowledge.php?pid=381" alt="topic" title="body_constraints::package_add_command">
<area shape = "circle" coords="339,413,52" href="knowledge.php?pid=2636" alt="topic" title="promise_types::packages">
<area shape = "circle" coords="426,454,52" href="knowledge.php?pid=385" alt="topic" title="body_constraints::package_delete_command">
<area shape = "circle" coords="441,387,52" href="knowledge.php?pid=2642" alt="topic" title="body_constraints::package_file_repositories">
<area shape = "circle" coords="549,386,52" href="knowledge.php?pid=395" alt="topic" title="body_constraints::package_list_name_regex">
<area shape = "circle" coords="495,327,52" href="knowledge.php?pid=2646" alt="topic" title="body_constraints::package_list_arch_regex">
<area shape = "circle" coords="580,285,52" href="knowledge.php?pid=417" alt="topic" title="body_constraints::package_patch_name_regex">
<area shape = "circle" coords="479,259,52" href="knowledge.php?pid=2654" alt="topic" title="body_constraints::package_list_version_regex">
<area shape = "circle" coords="663,89,30" href="knowledge.php?pid=46" alt="topic" title="values::integer">
<area shape = "circle" coords="496,198,32" href="knowledge.php?pid=2662" alt="topic" title="body_constraints::package_noverify_returncode">
<area shape = "circle" coords="400,211,52" href="knowledge.php?pid=423" alt="topic" title="body_constraints::package_version_regex">
<area shape = "circle" coords="355,149,52" href="knowledge.php?pid=382" alt="topic" title="body_constraints::package_arch_regex">
<area shape = "circle" coords="291,204,52" href="knowledge.php?pid=2640" alt="topic" title="body_constraints::package_changes">
<area shape = "circle" coords="195,172,52" href="knowledge.php?pid=386" alt="topic" title="body_constraints::package_delete_convention">
<area shape = "circle" coords="198,240,52" href="knowledge.php?pid=2644" alt="topic" title="body_constraints::package_installed_regex">
<area shape = "circle" coords="92,252,52" href="knowledge.php?pid=414" alt="topic" title="body_constraints::package_patch_installed_regex">
<area shape = "circle" coords="161,305,52" href="knowledge.php?pid=2650" alt="topic" title="body_constraints::package_list_update_command">
<area shape = "circle" coords="88,356,52" href="knowledge.php?pid=422" alt="topic" title="body_constraints::package_verify_command">
<area shape = "circle" coords="329,307,52" href="knowledge.php?pid=2638" alt="topic" title="body_constraints::package_method">
<area shape = "circle" coords="52,437,55" href="knowledge.php?pid=2648" alt="topic" title="body_constraints::package_list_command">
</map>
