<img src="graphs/2676.png" USEMAP="#knowledge_system" alt="body_constraints::package_select image pending">
<map name="knowledge_system">
<area shape = "circle" coords="683,85,44" href="knowledge.php?pid=650" alt="topic" title="views::operator view">
<area shape = "circle" coords="326,255,46" href="knowledge.php?pid=2903" alt="topic" title="management_issues::patch management">
<area shape = "circle" coords="314,198,31" href="knowledge.php?pid=2676" alt="topic" title="body_constraints::package_select">
<area shape = "circle" coords="258,237,46" href="knowledge.php?pid=3185" alt="topic" title="promisers::apache2">
<area shape = "circle" coords="207,195,46" href="knowledge.php?pid=837" alt="topic" title="cfengine_components::cfengine 2">
<area shape = "circle" coords="189,252,46" href="knowledge.php?pid=3192" alt="topic" title="promisers::php5">
<area shape = "circle" coords="116,240,46" href="knowledge.php?pid=982" alt="topic" title="promise_theory::promise-type">
<area shape = "circle" coords="143,294,46" href="knowledge.php?pid=3197" alt="topic" title="promises::cfengine_policysrv_packages_install_package_suse">
<area shape = "circle" coords="73,316,46" href="knowledge.php?pid=2638" alt="topic" title="body_constraints::package_method">
<area shape = "circle" coords="135,349,46" href="knowledge.php?pid=3474" alt="topic" title="promisers::cfengine-nova">
<area shape = "circle" coords="94,397,46" href="knowledge.php?pid=2677" alt="topic" title="body_constraints::package_version">
<area shape = "circle" coords="84,464,34" href="knowledge.php?pid=651" alt="topic" title="views::security view">
<area shape = "circle" coords="169,397,32" href="knowledge.php?pid=19" alt="topic" title="system_reports::patches installed report">
<area shape = "circle" coords="170,455,46" href="knowledge.php?pid=3174" alt="topic" title="bundles::cfengine_policysrv">
<area shape = "circle" coords="232,423,31" href="knowledge.php?pid=20" alt="topic" title="system_reports::patches available report">
<area shape = "circle" coords="276,470,46" href="knowledge.php?pid=3189" alt="topic" title="promisers::mysql-server">
<area shape = "circle" coords="303,417,46" href="knowledge.php?pid=943" alt="topic" title="BDMA::deploy">
<area shape = "circle" coords="374,437,46" href="knowledge.php?pid=3195" alt="topic" title="promisers::ssl-cert">
<area shape = "circle" coords="357,380,46" href="knowledge.php?pid=2637" alt="topic" title="body_constraints::package_architectures">
<area shape = "circle" coords="431,367,46" href="knowledge.php?pid=3427" alt="topic" title="bundles::update_bins">
<area shape = "circle" coords="376,327,46" href="knowledge.php?pid=2675" alt="topic" title="body_constraints::package_policy">
<area shape = "circle" coords="426,284,46" href="knowledge.php?pid=3477" alt="topic" title="promises::update_bins_packages_package_update">
<area shape = "circle" coords="254,331,51" href="knowledge.php?pid=2636" alt="topic" title="promise_types::packages">
<area shape = "circle" coords="566,152,55" href="knowledge.php?pid=25" alt="topic" title="system_reports::software installed report">
</map>
