<img src="graphs/2703.png" USEMAP="#knowledge_system" alt="body_constraints::process_stop image pending">
<map name="knowledge_system">
<area shape = "circle" coords="246,368,55" href="knowledge.php?pid=3243" alt="topic" title="handles::cfengine_web_server_processes_apache_on_suse">
<area shape = "circle" coords="263,441,32" href="knowledge.php?pid=837" alt="topic" title="cfengine_components::cfengine 2">
<area shape = "circle" coords="344,398,55" href="knowledge.php?pid=2983" alt="topic" title="promisers::cf-report">
<area shape = "circle" coords="412,463,52" href="knowledge.php?pid=982" alt="topic" title="promise_theory::promise-type">
<area shape = "circle" coords="448,385,55" href="knowledge.php?pid=2989" alt="topic" title="promisers::cf-serverd">
<area shape = "circle" coords="552,415,52" href="knowledge.php?pid=2684" alt="topic" title="body_constraints::process_select">
<area shape = "circle" coords="529,333,55" href="knowledge.php?pid=2994" alt="topic" title="handles::cfengine_processes_stop_cf_components">
<area shape = "circle" coords="638,318,52" href="knowledge.php?pid=2960" alt="topic" title="bundles::cfengine_processes">
<area shape = "circle" coords="561,258,55" href="knowledge.php?pid=2998" alt="topic" title="handles::cfengine_processes_stop_cf_execd">
<area shape = "circle" coords="652,201,55" href="knowledge.php?pid=2974" alt="topic" title="promisers::cf-know">
<area shape = "circle" coords="537,180,55" href="knowledge.php?pid=3237" alt="topic" title="bundles::cfengine_web_server">
<area shape = "circle" coords="561,107,32" href="knowledge.php?pid=2703" alt="topic" title="body_constraints::process_stop">
<area shape = "circle" coords="463,124,55" href="knowledge.php?pid=2980" alt="topic" title="promisers::cf-promises">
<area shape = "circle" coords="433,52,32" href="knowledge.php?pid=838" alt="topic" title="cfengine_components::cfengine 3">
<area shape = "circle" coords="361,104,55" href="knowledge.php?pid=2986" alt="topic" title="promisers::cf-runagent">
<area shape = "circle" coords="282,46,52" href="knowledge.php?pid=2679" alt="topic" title="body_constraints::process_count">
<area shape = "circle" coords="260,128,55" href="knowledge.php?pid=2992" alt="topic" title="promisers::cf-hub">
<area shape = "circle" coords="152,108,52" href="knowledge.php?pid=2704" alt="topic" title="body_constraints::restart_class">
<area shape = "circle" coords="190,187,55" href="knowledge.php?pid=2996" alt="topic" title="promisers::cf-execd">
<area shape = "circle" coords="84,213,52" href="knowledge.php?pid=2971" alt="topic" title="promisers::cf-key">
<area shape = "circle" coords="171,265,55" href="knowledge.php?pid=3185" alt="topic" title="promisers::apache2">
<area shape = "circle" coords="92,331,55" href="knowledge.php?pid=2977" alt="topic" title="promisers::cf-monitord">
<area shape = "circle" coords="366,251,52" href="knowledge.php?pid=2678" alt="topic" title="promise_types::processes">
<area shape = "circle" coords="52,427,55" href="knowledge.php?pid=2705" alt="topic" title="body_constraints::signals">
</map>
