<img src="graphs/2707.png" USEMAP="#knowledge_system" alt="body_constraints::service_policy image pending">
<map name="knowledge_system">
<area shape = "circle" coords="175,453,55" href="knowledge.php?pid=3005" alt="topic" title="handles::cfengine_processes_services_stop_cf_execd_windows">
<area shape = "circle" coords="226,483,32" href="knowledge.php?pid=2707" alt="topic" title="body_constraints::service_policy">
<area shape = "circle" coords="272,451,55" href="knowledge.php?pid=3427" alt="topic" title="bundles::update_bins">
<area shape = "circle" coords="353,447,55" href="knowledge.php?pid=2852" alt="topic" title="knowledge_model::service catalogue">
<area shape = "circle" coords="325,402,55" href="knowledge.php?pid=3496" alt="topic" title="bundles::update">
<area shape = "circle" coords="366,360,55" href="knowledge.php?pid=3003" alt="topic" title="promisers::CfengineNovaExec">
<area shape = "circle" coords="507,288,53" href="knowledge.php?pid=2773" alt="topic" title="data_types::policy">
<area shape = "circle" coords="615,277,53" href="knowledge.php?pid=21" alt="topic" title="system_reports::performance report">
<area shape = "circle" coords="696,233,53" href="knowledge.php?pid=2391" alt="topic" title="system_policy::bundles">
<area shape = "circle" coords="724,170,53" href="knowledge.php?pid=971" alt="topic" title="promise_theory::intentions">
<area shape = "circle" coords="691,108,53" href="knowledge.php?pid=2734" alt="topic" title="promise_types::topics">
<area shape = "circle" coords="606,66,53" href="knowledge.php?pid=13" alt="topic" title="system_reports::compliance report">
<area shape = "circle" coords="497,59,53" href="knowledge.php?pid=1001" alt="topic" title="promise_theory::communicated information">
<area shape = "circle" coords="398,87,53" href="knowledge.php?pid=942" alt="topic" title="BDMA::build">
<area shape = "circle" coords="341,143,53" href="knowledge.php?pid=2732" alt="topic" title="promise_types::roles">
<area shape = "circle" coords="344,208,53" href="knowledge.php?pid=974" alt="topic" title="promise_theory::promise proposals">
<area shape = "circle" coords="530,173,51" href="knowledge.php?pid=2392" alt="topic" title="system_policy::promises">
<area shape = "circle" coords="252,305,55" href="knowledge.php?pid=3007" alt="topic" title="handles::cfengine_processes_services_start_cf_execd_windows">
<area shape = "circle" coords="194,341,32" href="knowledge.php?pid=2708" alt="topic" title="body_constraints::service_dependencies">
<area shape = "circle" coords="112,329,55" href="knowledge.php?pid=3484" alt="topic" title="handles::update_bins_services_stop_cf_execd_windows">
<area shape = "circle" coords="121,377,55" href="knowledge.php?pid=2960" alt="topic" title="bundles::cfengine_processes">
<area shape = "circle" coords="65,411,55" href="knowledge.php?pid=3552" alt="topic" title="handles::update_services_windows_executor">
<area shape = "circle" coords="220,397,52" href="knowledge.php?pid=2706" alt="topic" title="promise_types::services">
<area shape = "circle" coords="52,471,55" href="knowledge.php?pid=2709" alt="topic" title="body_constraints::service_method">
</map>
