<img src="graphs/2708.png" USEMAP="#knowledge_system" alt="body_constraints::service_dependencies image pending">
<map name="knowledge_system">
<area shape = "circle" coords="295,391,55" href="knowledge.php?pid=3005" alt="topic" title="handles::cfengine_processes_services_stop_cf_execd_windows">
<area shape = "circle" coords="395,452,32" href="knowledge.php?pid=2392" alt="topic" title="system_policy::promises">
<area shape = "circle" coords="487,386,55" href="knowledge.php?pid=3427" alt="topic" title="bundles::update_bins">
<area shape = "circle" coords="646,379,55" href="knowledge.php?pid=2852" alt="topic" title="knowledge_model::service catalogue">
<area shape = "circle" coords="590,289,55" href="knowledge.php?pid=3496" alt="topic" title="bundles::update">
<area shape = "circle" coords="670,205,55" href="knowledge.php?pid=3003" alt="topic" title="promisers::CfengineNovaExec">
<area shape = "circle" coords="630,97,43" href="knowledge.php?pid=2770" alt="topic" title="data_types::slist">
<area shape = "circle" coords="507,188,34" href="knowledge.php?pid=2708" alt="topic" title="body_constraints::service_dependencies">
<area shape = "circle" coords="448,95,55" href="knowledge.php?pid=3007" alt="topic" title="handles::cfengine_processes_services_start_cf_execd_windows">
<area shape = "circle" coords="328,158,55" href="knowledge.php?pid=2709" alt="topic" title="body_constraints::service_method">
<area shape = "circle" coords="170,142,55" href="knowledge.php?pid=3484" alt="topic" title="handles::update_bins_services_stop_cf_execd_windows">
<area shape = "circle" coords="188,238,55" href="knowledge.php?pid=2960" alt="topic" title="bundles::cfengine_processes">
<area shape = "circle" coords="78,307,55" href="knowledge.php?pid=3552" alt="topic" title="handles::update_services_windows_executor">
<area shape = "circle" coords="384,278,51" href="knowledge.php?pid=2706" alt="topic" title="promise_types::services">
<area shape = "circle" coords="52,427,55" href="knowledge.php?pid=2707" alt="topic" title="body_constraints::service_policy">
</map>
