<img src="graphs/2739.png" USEMAP="#knowledge_system" alt="body_constraints::associates image pending">
<map name="knowledge_system">
<area shape = "circle" coords="285,360,32" href="knowledge.php?pid=95" alt="topic" title="body_constraints::value_kept">
<area shape = "circle" coords="294,446,52" href="knowledge.php?pid=129" alt="topic" title="body_constraints::exec_owner">
<area shape = "circle" coords="393,392,52" href="knowledge.php?pid=149" alt="topic" title="body_constraints::db_server_connection_db">
<area shape = "circle" coords="477,454,52" href="knowledge.php?pid=202" alt="topic" title="body_constraints::linkcopy_patterns">
<area shape = "circle" coords="513,376,52" href="knowledge.php?pid=257" alt="topic" title="body_constraints::search_owners">
<area shape = "circle" coords="639,401,52" href="knowledge.php?pid=269" alt="topic" title="body_constraints::issymlinkto">
<area shape = "circle" coords="599,322,52" href="knowledge.php?pid=317" alt="topic" title="body_constraints::delete_if_startwith_from_list">
<area shape = "circle" coords="727,301,52" href="knowledge.php?pid=347" alt="topic" title="body_constraints::select_line_matching">
<area shape = "circle" coords="626,248,52" href="knowledge.php?pid=367" alt="topic" title="body_constraints::replace_value">
<area shape = "circle" coords="715,187,52" href="knowledge.php?pid=395" alt="topic" title="body_constraints::package_list_name_regex">
<area shape = "circle" coords="741,103,30" href="knowledge.php?pid=2735" alt="topic" title="body_constraints::association">
<area shape = "circle" coords="575,180,32" href="knowledge.php?pid=2739" alt="topic" title="body_constraints::associates">
<area shape = "circle" coords="605,95,52" href="knowledge.php?pid=106" alt="topic" title="body_constraints::measurement_class">
<area shape = "circle" coords="485,130,52" href="knowledge.php?pid=142" alt="topic" title="body_constraints::db_server_owner">
<area shape = "circle" coords="433,55,52" href="knowledge.php?pid=158" alt="topic" title="body_constraints::env_addresses">
<area shape = "circle" coords="363,125,52" href="knowledge.php?pid=251" alt="topic" title="body_constraints::leaf_name">
<area shape = "circle" coords="254,79,52" href="knowledge.php?pid=265" alt="topic" title="body_constraints::exec_regex">
<area shape = "circle" coords="256,161,52" href="knowledge.php?pid=273" alt="topic" title="body_constraints::copy_patterns">
<area shape = "circle" coords="123,159,52" href="knowledge.php?pid=333" alt="topic" title="body_constraints::insert_if_startwith_from_list">
<area shape = "circle" coords="197,228,52" href="knowledge.php?pid=356" alt="topic" title="body_constraints::field_separator">
<area shape = "circle" coords="84,271,52" href="knowledge.php?pid=386" alt="topic" title="body_constraints::package_delete_convention">
<area shape = "circle" coords="200,305,55" href="knowledge.php?pid=414" alt="topic" title="body_constraints::package_patch_installed_regex">
<area shape = "circle" coords="409,257,52" href="knowledge.php?pid=55" alt="topic" title="values::an arbitrary string">
<area shape = "circle" coords="52,422,55" href="knowledge.php?pid=382" alt="topic" title="body_constraints::package_arch_regex">
</map>
