<img src="graphs/2765.png" USEMAP="#knowledge_system" alt="values::select_region image pending">
<map name="knowledge_system">
<area shape = "circle" coords="617,138,37" href="knowledge.php?pid=2419" alt="topic" title="body_constraints::expireafter">
<area shape = "circle" coords="577,72,37" href="knowledge.php?pid=83" alt="topic" title="body_constraints::action_policy">
<area shape = "circle" coords="491,111,37" href="knowledge.php?pid=95" alt="topic" title="body_constraints::value_kept">
<area shape = "circle" coords="390,117,37" href="knowledge.php?pid=92" alt="topic" title="body_constraints::log_priority">
<area shape = "circle" coords="415,185,37" href="knowledge.php?pid=2417" alt="topic" title="body_constraints::ifelapsed">
<area shape = "circle" coords="322,225,31" href="knowledge.php?pid=2764" alt="topic" title="values::comment">
<area shape = "circle" coords="207,227,31" href="knowledge.php?pid=2760" alt="topic" title="values::classes">
<area shape = "circle" coords="222,307,31" href="knowledge.php?pid=2763" alt="topic" title="values::depends_on">
<area shape = "circle" coords="172,298,33" href="knowledge.php?pid=2587" alt="topic" title="body_constraints::select_start">
<area shape = "circle" coords="104,390,31" href="knowledge.php?pid=2589" alt="topic" title="body_constraints::select_end">
<area shape = "circle" coords="182,477,30" href="knowledge.php?pid=308" alt="topic" title="body_constraints::include_start_delimiter">
<area shape = "circle" coords="329,473,30" href="knowledge.php?pid=2585" alt="topic" title="body_constraints::include_end_delimiter">
<area shape = "circle" coords="398,381,31" href="knowledge.php?pid=2890" alt="topic" title="manual::select_region (compound body)">
<area shape = "circle" coords="251,385,30" href="knowledge.php?pid=2765" alt="topic" title="values::select_region">
<area shape = "circle" coords="358,357,31" href="knowledge.php?pid=2762" alt="topic" title="values::handle">
<area shape = "circle" coords="461,320,31" href="knowledge.php?pid=2761" alt="topic" title="values::ifvarclass">
<area shape = "circle" coords="319,294,31" href="knowledge.php?pid=81" alt="topic" title="promise_types::*">
<area shape = "circle" coords="494,260,37" href="knowledge.php?pid=94" alt="topic" title="body_constraints::log_failed">
<area shape = "circle" coords="581,297,37" href="knowledge.php?pid=91" alt="topic" title="body_constraints::log_kept">
<area shape = "circle" coords="618,230,37" href="knowledge.php?pid=106" alt="topic" title="body_constraints::measurement_class">
<area shape = "circle" coords="695,184,37" href="knowledge.php?pid=93" alt="topic" title="body_constraints::log_repaired">
<area shape = "circle" coords="527,185,55" href="knowledge.php?pid=2759" alt="topic" title="values::action">
</map>
