<img src="graphs/2772.png" USEMAP="#knowledge_system" alt="data_types::rlist image pending">
<map name="knowledge_system">
<area shape = "circle" coords="598,165,35" href="knowledge.php?pid=812" alt="topic" title="technical_concepts::variables">
<area shape = "circle" coords="598,88,35" href="knowledge.php?pid=982" alt="topic" title="promise_theory::promise-type">
<area shape = "circle" coords="520,121,35" href="knowledge.php?pid=2768" alt="topic" title="data_types::int">
<area shape = "circle" coords="462,65,35" href="knowledge.php?pid=2771" alt="topic" title="data_types::ilist">
<area shape = "circle" coords="430,136,35" href="knowledge.php?pid=2925" alt="topic" title="bundles::change_management">
<area shape = "circle" coords="344,129,35" href="knowledge.php?pid=2930" alt="topic" title="promisers::domain">
<area shape = "circle" coords="373,201,35" href="knowledge.php?pid=2933" alt="topic" title="promisers::acl">
<area shape = "circle" coords="305,246,35" href="knowledge.php?pid=2936" alt="topic" title="promisers::dir_masterfiles">
<area shape = "circle" coords="324,210,30" href="knowledge.php?pid=599" alt="topic" title="functions::readreallist">
<area shape = "circle" coords="175,226,31" href="knowledge.php?pid=2400" alt="topic" title="body_constraints::rlist">
<area shape = "circle" coords="112,398,30" href="knowledge.php?pid=2406" alt="topic" title="body_constraints::dist">
<area shape = "circle" coords="214,354,30" href="knowledge.php?pid=47" alt="topic" title="values::real number">
<area shape = "circle" coords="305,460,30" href="knowledge.php?pid=1477" alt="topic" title="vars_promises::rlist">
<area shape = "circle" coords="411,366,31" href="knowledge.php?pid=2769" alt="topic" title="data_types::real">
<area shape = "circle" coords="317,309,30" href="knowledge.php?pid=2772" alt="topic" title="data_types::rlist">
<area shape = "circle" coords="366,356,35" href="knowledge.php?pid=838" alt="topic" title="cfengine_components::cfengine 3">
<area shape = "circle" coords="449,337,35" href="knowledge.php?pid=2767" alt="topic" title="data_types::string">
<area shape = "circle" coords="495,402,35" href="knowledge.php?pid=2770" alt="topic" title="data_types::slist">
<area shape = "circle" coords="541,338,35" href="knowledge.php?pid=2773" alt="topic" title="data_types::policy">
<area shape = "circle" coords="624,358,35" href="knowledge.php?pid=2929" alt="topic" title="bundles::def">
<area shape = "circle" coords="610,283,35" href="knowledge.php?pid=2932" alt="topic" title="handles::common_def_vars_domain">
<area shape = "circle" coords="687,248,35" href="knowledge.php?pid=2935" alt="topic" title="handles::common_def_vars_acl">
<area shape = "circle" coords="619,202,35" href="knowledge.php?pid=2938" alt="topic" title="handles::common_def_vars_dir_masterfiles">
<area shape = "circle" coords="496,232,55" href="knowledge.php?pid=2394" alt="topic" title="promise_types::vars">
</map>
