<img src="graphs/2773.png" USEMAP="#knowledge_system" alt="data_types::policy image pending">
<map name="knowledge_system">
<area shape = "circle" coords="253,414,55" href="knowledge.php?pid=2734" alt="topic" title="promise_types::topics">
<area shape = "circle" coords="360,465,55" href="knowledge.php?pid=21" alt="topic" title="system_reports::performance report">
<area shape = "circle" coords="423,391,55" href="knowledge.php?pid=2391" alt="topic" title="system_policy::bundles">
<area shape = "circle" coords="545,353,55" href="knowledge.php?pid=971" alt="topic" title="promise_theory::intentions">
<area shape = "circle" coords="460,288,55" href="knowledge.php?pid=2732" alt="topic" title="promise_types::roles">
<area shape = "circle" coords="668,228,30" href="knowledge.php?pid=2854" alt="topic" title="concepts::policy server">
<area shape = "circle" coords="357,84,52" href="knowledge.php?pid=2394" alt="topic" title="promise_types::vars">
<area shape = "circle" coords="445,211,35" href="knowledge.php?pid=2773" alt="topic" title="data_types::policy">
<area shape = "circle" coords="321,224,55" href="knowledge.php?pid=1001" alt="topic" title="promise_theory::communicated information">
<area shape = "circle" coords="195,192,55" href="knowledge.php?pid=942" alt="topic" title="BDMA::build">
<area shape = "circle" coords="169,274,55" href="knowledge.php?pid=2706" alt="topic" title="promise_types::services">
<area shape = "circle" coords="69,332,55" href="knowledge.php?pid=974" alt="topic" title="promise_theory::promise proposals">
<area shape = "circle" coords="310,322,52" href="knowledge.php?pid=2392" alt="topic" title="system_policy::promises">
<area shape = "circle" coords="52,439,55" href="knowledge.php?pid=13" alt="topic" title="system_reports::compliance report">
</map>
