<img src="graphs/2774.png" USEMAP="#knowledge_system" alt="functions::hash image pending">
<map name="knowledge_system">
<area shape = "circle" coords="295,381,55" href="knowledge.php?pid=553" alt="topic" title="functions::escape">
<area shape = "circle" coords="395,453,55" href="knowledge.php?pid=52" alt="topic" title="values::a user/group id">
<area shape = "circle" coords="487,377,55" href="knowledge.php?pid=557" alt="topic" title="functions::getenv">
<area shape = "circle" coords="646,370,55" href="knowledge.php?pid=54" alt="topic" title="values::a syslog level">
<area shape = "circle" coords="590,282,55" href="knowledge.php?pid=571" alt="topic" title="functions::hubknowledge">
<area shape = "circle" coords="670,201,55" href="knowledge.php?pid=546" alt="topic" title="functions::canonify">
<area shape = "circle" coords="630,95,39" href="knowledge.php?pid=2483" alt="topic" title="body_constraints::changes">
<area shape = "circle" coords="507,184,34" href="knowledge.php?pid=2774" alt="topic" title="functions::hash">
<area shape = "circle" coords="448,93,55" href="knowledge.php?pid=554" alt="topic" title="functions::execresult">
<area shape = "circle" coords="328,154,55" href="knowledge.php?pid=53" alt="topic" title="values::a file path">
<area shape = "circle" coords="170,139,55" href="knowledge.php?pid=567" alt="topic" title="functions::host2ip">
<area shape = "circle" coords="188,232,55" href="knowledge.php?pid=55" alt="topic" title="values::an arbitrary string">
<area shape = "circle" coords="78,300,55" href="knowledge.php?pid=582" alt="topic" title="functions::join">
<area shape = "circle" coords="384,272,52" href="knowledge.php?pid=2767" alt="topic" title="data_types::string">
<area shape = "circle" coords="52,417,55" href="knowledge.php?pid=51" alt="topic" title="values::a cfengine identifier">
</map>
