<img src="graphs/2859.png" USEMAP="#knowledge_system" alt="manual::Adoption image pending">
<map name="knowledge_system">
<area shape = "circle" coords="462,293,38" href="knowledge.php?pid=640" alt="topic" title="system_knowledge::system trends">
<area shape = "circle" coords="492,116,40" href="knowledge.php?pid=649" alt="topic" title="views::manager view">
<area shape = "circle" coords="427,150,36" href="knowledge.php?pid=642" alt="topic" title="system_knowledge::server lifecycle">
<area shape = "circle" coords="239,66,30" href="knowledge.php?pid=1954" alt="topic" title="Adoption::Build, Deploy, Manage, Audit">
<area shape = "circle" coords="156,200,30" href="knowledge.php?pid=1960" alt="topic" title="Adoption::The Mission Plan">
<area shape = "circle" coords="253,150,30" href="knowledge.php?pid=2859" alt="topic" title="manual::Adoption">
<area shape = "circle" coords="364,183,31" href="knowledge.php?pid=1971" alt="topic" title="Special_Topics_Guide::BDMA">
<area shape = "circle" coords="228,283,34" href="knowledge.php?pid=942" alt="topic" title="BDMA::build">
<area shape = "circle" coords="302,305,40" href="knowledge.php?pid=662" alt="topic" title="mission_status::system policy">
<area shape = "circle" coords="143,388,35" href="knowledge.php?pid=651" alt="topic" title="views::security view">
<area shape = "circle" coords="94,484,35" href="knowledge.php?pid=650" alt="topic" title="views::operator view">
<area shape = "circle" coords="239,479,35" href="knowledge.php?pid=767" alt="topic" title="environment::monitoring">
<area shape = "circle" coords="191,434,46" href="knowledge.php?pid=647" alt="topic" title="system_knowledge::mission status">
<area shape = "circle" coords="343,475,34" href="knowledge.php?pid=2391" alt="topic" title="system_policy::bundles">
<area shape = "circle" coords="517,475,34" href="knowledge.php?pid=763" alt="topic" title="management_terminology::goals">
<area shape = "circle" coords="406,442,43" href="knowledge.php?pid=2852" alt="topic" title="knowledge_model::service catalogue">
<area shape = "circle" coords="617,453,34" href="knowledge.php?pid=2829" alt="topic" title="commands_and_tools::cfengine">
<area shape = "circle" coords="704,347,34" href="knowledge.php?pid=952" alt="topic" title="models_of_knowledge::topic maps">
<area shape = "circle" coords="608,397,43" href="knowledge.php?pid=2827" alt="topic" title="commands_and_tools::copernicus">
<area shape = "circle" coords="388,331,55" href="knowledge.php?pid=648" alt="topic" title="views::architect view">
</map>
