<img src="graphs/2862.png" USEMAP="#knowledge_system" alt="manual::tidy image pending">
<map name="knowledge_system">
<area shape = "circle" coords="270,381,55" href="knowledge.php?pid=863" alt="topic" title="cfengine_2::copy">
<area shape = "circle" coords="292,454,55" href="knowledge.php?pid=821" alt="topic" title="cfengine_components::cfservd">
<area shape = "circle" coords="390,405,55" href="knowledge.php?pid=865" alt="topic" title="cfengine_2::disks">
<area shape = "circle" coords="482,458,55" href="knowledge.php?pid=823" alt="topic" title="cfengine_components::cfenvd">
<area shape = "circle" coords="512,386,55" href="knowledge.php?pid=868" alt="topic" title="cfengine_2::editfiles">
<area shape = "circle" coords="642,401,55" href="knowledge.php?pid=825" alt="topic" title="cfengine_components::cfshow">
<area shape = "circle" coords="594,332,55" href="knowledge.php?pid=872" alt="topic" title="cfengine_2::homeservers">
<area shape = "circle" coords="717,304,55" href="knowledge.php?pid=860" alt="topic" title="cfengine_2::alerts">
<area shape = "circle" coords="608,261,55" href="knowledge.php?pid=874" alt="topic" title="cfengine_2::import">
<area shape = "circle" coords="681,199,55" href="knowledge.php?pid=862" alt="topic" title="cfengine_2::broadcast">
<area shape = "circle" coords="732,233,30" href="knowledge.php?pid=2517" alt="topic" title="body_constraints::delete">
<area shape = "circle" coords="485,95,30" href="knowledge.php?pid=982" alt="topic" title="promise_theory::promise-type">
<area shape = "circle" coords="538,204,32" href="knowledge.php?pid=2862" alt="topic" title="manual::tidy">
<area shape = "circle" coords="546,124,55" href="knowledge.php?pid=864" alt="topic" title="cfengine_2::defaultroute">
<area shape = "circle" coords="436,165,55" href="knowledge.php?pid=822" alt="topic" title="cfengine_components::cfexecd">
<area shape = "circle" coords="359,104,55" href="knowledge.php?pid=866" alt="topic" title="cfengine_2::directories">
<area shape = "circle" coords="310,174,55" href="knowledge.php?pid=824" alt="topic" title="cfengine_components::cfrun">
<area shape = "circle" coords="186,147,55" href="knowledge.php?pid=870" alt="topic" title="cfengine_2::filters">
<area shape = "circle" coords="215,220,55" href="knowledge.php?pid=826" alt="topic" title="cfengine_components::cfenvgraph">
<area shape = "circle" coords="85,238,55" href="knowledge.php?pid=873" alt="topic" title="cfengine_2::ignore">
<area shape = "circle" coords="182,289,55" href="knowledge.php?pid=861" alt="topic" title="cfengine_2::binservers">
<area shape = "circle" coords="93,344,55" href="knowledge.php?pid=876" alt="topic" title="cfengine_2::links">
<area shape = "circle" coords="397,284,52" href="knowledge.php?pid=837" alt="topic" title="cfengine_components::cfengine 2">
<area shape = "circle" coords="52,428,55" href="knowledge.php?pid=820" alt="topic" title="cfengine_components::cfagent">
</map>
