<img src="graphs/2874.png" USEMAP="#knowledge_system" alt="manual::replace_with (compound body) image pending">
<map name="knowledge_system">
<area shape = "circle" coords="711,146,39" href="knowledge.php?pid=838" alt="topic" title="cfengine_components::cfengine 3">
<area shape = "circle" coords="650,72,39" href="knowledge.php?pid=997" alt="topic" title="promise_theory::topic-instances">
<area shape = "circle" coords="587,142,39" href="knowledge.php?pid=2741" alt="topic" title="body_constraints::represents">
<area shape = "circle" coords="443,92,31" href="knowledge.php?pid=55" alt="topic" title="values::an arbitrary string">
<area shape = "circle" coords="456,161,30" href="knowledge.php?pid=367" alt="topic" title="body_constraints::replace_value">
<area shape = "circle" coords="426,139,33" href="knowledge.php?pid=3584" alt="topic" title="bundles::comment_lines_containing">
<area shape = "circle" coords="348,78,33" href="knowledge.php?pid=3579" alt="topic" title="promisers::^($(regex))$">
<area shape = "circle" coords="251,60,33" href="knowledge.php?pid=3586" alt="topic" title="promises::promise_cfengine_stdlib_cf_88">
<area shape = "circle" coords="157,91,33" href="knowledge.php?pid=3581" alt="topic" title="bundles::uncomment_lines_matching">
<area shape = "circle" coords="88,163,33" href="knowledge.php?pid=3588" alt="topic" title="promisers::^$(comment)\s?(.*$(regex).*)$">
<area shape = "circle" coords="60,258,33" href="knowledge.php?pid=3583" alt="topic" title="promises::promise_cfengine_stdlib_cf_73">
<area shape = "circle" coords="78,357,33" href="knowledge.php?pid=3578" alt="topic" title="bundles::comment_lines_matching">
<area shape = "circle" coords="140,436,33" href="knowledge.php?pid=3585" alt="topic" title="promisers::^(.*$(regex).*)$">
<area shape = "circle" coords="230,476,33" href="knowledge.php?pid=3580" alt="topic" title="promises::promise_cfengine_stdlib_cf_57">
<area shape = "circle" coords="328,469,33" href="knowledge.php?pid=3587" alt="topic" title="bundles::uncomment_lines_containing">
<area shape = "circle" coords="412,416,33" href="knowledge.php?pid=3582" alt="topic" title="promisers::^$(comment)\s?($(regex))$">
<area shape = "circle" coords="462,330,33" href="knowledge.php?pid=3589" alt="topic" title="promises::promise_cfengine_stdlib_cf_104">
<area shape = "circle" coords="265,269,31" href="knowledge.php?pid=364" alt="topic" title="promise_types::replace_patterns">
<area shape = "circle" coords="482,298,30" href="knowledge.php?pid=2874" alt="topic" title="manual::replace_with (compound body)">
<area shape = "circle" coords="469,229,31" href="knowledge.php?pid=2628" alt="topic" title="body_constraints::replace_with">
<area shape = "circle" coords="610,266,39" href="knowledge.php?pid=982" alt="topic" title="promise_theory::promise-type">
<area shape = "circle" coords="695,305,39" href="knowledge.php?pid=1006" alt="topic" title="promise_theory::versions">
<area shape = "circle" coords="724,214,39" href="knowledge.php?pid=2742" alt="topic" title="body_constraints::representation">
<area shape = "circle" coords="647,194,55" href="knowledge.php?pid=2740" alt="topic" title="promise_types::occurrences">
</map>
