<img src="graphs/2885.png" USEMAP="#knowledge_system" alt="manual::link_from (compound body) image pending">
<map name="knowledge_system">
<area shape = "circle" coords="633,166,36" href="knowledge.php?pid=14" alt="topic" title="system_reports::file_changes report">
<area shape = "circle" coords="626,88,36" href="knowledge.php?pid=26" alt="topic" title="system_reports::setuid report">
<area shape = "circle" coords="562,122,36" href="knowledge.php?pid=837" alt="topic" title="cfengine_components::cfengine 2">
<area shape = "circle" coords="505,75,36" href="knowledge.php?pid=982" alt="topic" title="promise_theory::promise-type">
<area shape = "circle" coords="485,151,36" href="knowledge.php?pid=2487" alt="topic" title="body_constraints::copy_from">
<area shape = "circle" coords="415,167,36" href="knowledge.php?pid=2517" alt="topic" title="body_constraints::delete">
<area shape = "circle" coords="453,233,36" href="knowledge.php?pid=2531" alt="topic" title="body_constraints::edit_line">
<area shape = "circle" coords="371,248,30" href="knowledge.php?pid=2885" alt="topic" title="manual::link_from (compound body)">
<area shape = "circle" coords="285,207,31" href="knowledge.php?pid=2553" alt="topic" title="body_constraints::link_children">
<area shape = "circle" coords="257,305,31" href="knowledge.php?pid=2557" alt="topic" title="body_constraints::source">
<area shape = "circle" coords="98,462,30" href="knowledge.php?pid=55" alt="topic" title="values::an arbitrary string">
<area shape = "circle" coords="219,401,30" href="knowledge.php?pid=273" alt="topic" title="body_constraints::copy_patterns">
<area shape = "circle" coords="310,431,30" href="knowledge.php?pid=282" alt="topic" title="body_constraints::when_no_source">
<area shape = "circle" coords="396,473,31" href="knowledge.php?pid=2555" alt="topic" title="body_constraints::link_type">
<area shape = "circle" coords="424,374,31" href="knowledge.php?pid=2559" alt="topic" title="body_constraints::when_linking_children">
<area shape = "circle" coords="340,340,30" href="knowledge.php?pid=2551" alt="topic" title="body_constraints::link_from">
<area shape = "circle" coords="487,315,36" href="knowledge.php?pid=15" alt="topic" title="system_reports::file_diffs report">
<area shape = "circle" coords="509,390,36" href="knowledge.php?pid=29" alt="topic" title="system_reports::hashes report">
<area shape = "circle" coords="564,342,36" href="knowledge.php?pid=838" alt="topic" title="cfengine_components::cfengine 3">
<area shape = "circle" coords="629,374,36" href="knowledge.php?pid=2483" alt="topic" title="body_constraints::changes">
<area shape = "circle" coords="634,296,36" href="knowledge.php?pid=2516" alt="topic" title="body_constraints::create">
<area shape = "circle" coords="700,264,36" href="knowledge.php?pid=2518" alt="topic" title="body_constraints::depth_search">
<area shape = "circle" coords="650,208,36" href="knowledge.php?pid=2532" alt="topic" title="body_constraints::edit_xml">
<area shape = "circle" coords="553,232,55" href="knowledge.php?pid=2481" alt="topic" title="promise_types::files">
</map>
