<img src="graphs/2905.png" USEMAP="#knowledge_system" alt="cfengine_2::HashUnCommentLinesMatching image pending">
<map name="knowledge_system">
<area shape = "circle" coords="694,209,35" href="knowledge.php?pid=55" alt="topic" title="values::an arbitrary string">
<area shape = "circle" coords="613,243,43" href="knowledge.php?pid=367" alt="topic" title="body_constraints::replace_value">
<area shape = "circle" coords="401,101,39" href="knowledge.php?pid=982" alt="topic" title="promise_theory::promise-type">
<area shape = "circle" coords="229,66,39" href="knowledge.php?pid=838" alt="topic" title="cfengine_components::cfengine 3">
<area shape = "circle" coords="238,170,39" href="knowledge.php?pid=997" alt="topic" title="promise_theory::topic-instances">
<area shape = "circle" coords="319,135,52" href="knowledge.php?pid=2740" alt="topic" title="promise_types::occurrences">
<area shape = "circle" coords="448,241,35" href="knowledge.php?pid=2904" alt="topic" title="cfengine_2::HashCommentLinesMatching">
<area shape = "circle" coords="408,293,38" href="knowledge.php?pid=3578" alt="topic" title="bundles::comment_lines_matching">
<area shape = "circle" coords="350,261,35" href="knowledge.php?pid=3579" alt="topic" title="promisers::^($(regex))$">
<area shape = "circle" coords="307,300,35" href="knowledge.php?pid=3584" alt="topic" title="bundles::comment_lines_containing">
<area shape = "circle" coords="228,312,35" href="knowledge.php?pid=3586" alt="topic" title="promises::promise_cfengine_stdlib_cf_88">
<area shape = "circle" coords="267,353,35" href="knowledge.php?pid=3588" alt="topic" title="promisers::^$(comment)\s?(.*$(regex).*)$">
<area shape = "circle" coords="106,363,30" href="knowledge.php?pid=3582" alt="topic" title="promisers::^$(comment)\s?($(regex))$">
<area shape = "circle" coords="263,483,30" href="knowledge.php?pid=2905" alt="topic" title="cfengine_2::HashUnCommentLinesMatching">
<area shape = "circle" coords="245,397,30" href="knowledge.php?pid=3581" alt="topic" title="bundles::uncomment_lines_matching">
<area shape = "circle" coords="287,452,35" href="knowledge.php?pid=2921" alt="topic" title="class_contexts::any">
<area shape = "circle" coords="327,399,38" href="knowledge.php?pid=3580" alt="topic" title="promises::promise_cfengine_stdlib_cf_57">
<area shape = "circle" coords="385,432,35" href="knowledge.php?pid=3583" alt="topic" title="promises::promise_cfengine_stdlib_cf_73">
<area shape = "circle" coords="428,392,35" href="knowledge.php?pid=3585" alt="topic" title="promisers::^(.*$(regex).*)$">
<area shape = "circle" coords="507,380,35" href="knowledge.php?pid=3587" alt="topic" title="bundles::uncomment_lines_containing">
<area shape = "circle" coords="468,339,35" href="knowledge.php?pid=3589" alt="topic" title="promises::promise_cfengine_stdlib_cf_104">
<area shape = "circle" coords="367,346,34" href="knowledge.php?pid=364" alt="topic" title="promise_types::replace_patterns">
<area shape = "circle" coords="621,365,40" href="knowledge.php?pid=2874" alt="topic" title="manual::replace_with (compound body)">
<area shape = "circle" coords="515,284,55" href="knowledge.php?pid=2628" alt="topic" title="body_constraints::replace_with">
</map>
