<img src="graphs/2909.png" USEMAP="#knowledge_system" alt="promisers::hub image pending">
<map name="knowledge_system">
<area shape = "circle" coords="634,146,40" href="knowledge.php?pid=824" alt="topic" title="cfengine_components::cfrun">
<area shape = "circle" coords="528,73,40" href="knowledge.php?pid=820" alt="topic" title="cfengine_components::cfagent">
<area shape = "circle" coords="447,163,40" href="knowledge.php?pid=823" alt="topic" title="cfengine_components::cfenvd">
<area shape = "circle" coords="381,243,34" href="knowledge.php?pid=982" alt="topic" title="promise_theory::promise-type">
<area shape = "circle" coords="328,203,34" href="knowledge.php?pid=2916" alt="topic" title="promises::promise_promises_cf_62">
<area shape = "circle" coords="288,252,34" href="knowledge.php?pid=2920" alt="topic" title="bundles::service_catalogue">
<area shape = "circle" coords="215,266,34" href="knowledge.php?pid=2922" alt="topic" title="promisers::security">
<area shape = "circle" coords="251,316,34" href="knowledge.php?pid=2927" alt="topic" title="promisers::maintenance">
<area shape = "circle" coords="214,267,30" href="knowledge.php?pid=2907" alt="topic" title="bundles::cfengine_management">
<area shape = "circle" coords="101,330,32" href="knowledge.php?pid=2912" alt="topic" title="promises::promise_promises_cf_55">
<area shape = "circle" coords="117,435,30" href="knowledge.php?pid=2910" alt="topic" title="promises::promise_promises_cf_53">
<area shape = "circle" coords="246,477,32" href="knowledge.php?pid=2911" alt="topic" title="promises::promise_promises_cf_54">
<area shape = "circle" coords="359,414,32" href="knowledge.php?pid=2913" alt="topic" title="promises::promise_promises_cf_57">
<area shape = "circle" coords="230,372,30" href="knowledge.php?pid=2909" alt="topic" title="promisers::hub">
<area shape = "circle" coords="307,373,34" href="knowledge.php?pid=2633" alt="topic" title="body_constraints::usebundle">
<area shape = "circle" coords="361,413,34" href="knowledge.php?pid=2919" alt="topic" title="promises::promise_promises_cf_63">
<area shape = "circle" coords="400,364,34" href="knowledge.php?pid=2921" alt="topic" title="class_contexts::any">
<area shape = "circle" coords="473,350,34" href="knowledge.php?pid=2924" alt="topic" title="promises::promise_promises_cf_76">
<area shape = "circle" coords="437,300,34" href="knowledge.php?pid=2928" alt="topic" title="promises::promise_promises_cf_82">
<area shape = "circle" coords="344,308,33" href="knowledge.php?pid=2632" alt="topic" title="promise_types::methods">
<area shape = "circle" coords="559,276,40" href="knowledge.php?pid=822" alt="topic" title="cfengine_components::cfexecd">
<area shape = "circle" coords="697,243,40" href="knowledge.php?pid=821" alt="topic" title="cfengine_components::cfservd">
<area shape = "circle" coords="547,195,55" href="knowledge.php?pid=837" alt="topic" title="cfengine_components::cfengine 2">
</map>
