<img src="graphs/2912.png" USEMAP="#knowledge_system" alt="promises::promise_promises_cf_55 image pending">
<map name="knowledge_system">
<area shape = "circle" coords="221,401,55" href="knowledge.php?pid=982" alt="topic" title="promise_theory::promise-type">
<area shape = "circle" coords="266,464,55" href="knowledge.php?pid=2907" alt="topic" title="bundles::cfengine_management">
<area shape = "circle" coords="337,412,55" href="knowledge.php?pid=2911" alt="topic" title="promises::promise_promises_cf_54">
<area shape = "circle" coords="438,435,55" href="knowledge.php?pid=2916" alt="topic" title="promises::promise_promises_cf_62">
<area shape = "circle" coords="432,366,55" href="knowledge.php?pid=2920" alt="topic" title="bundles::service_catalogue">
<area shape = "circle" coords="528,336,55" href="knowledge.php?pid=2922" alt="topic" title="promisers::security">
<area shape = "circle" coords="449,289,55" href="knowledge.php?pid=2927" alt="topic" title="promisers::maintenance">
<area shape = "circle" coords="672,285,30" href="knowledge.php?pid=2909" alt="topic" title="promisers::hub">
<area shape = "circle" coords="448,86,32" href="knowledge.php?pid=2908" alt="topic" title="class_contexts::policy_host">
<area shape = "circle" coords="473,228,33" href="knowledge.php?pid=2912" alt="topic" title="promises::promise_promises_cf_55">
<area shape = "circle" coords="379,226,55" href="knowledge.php?pid=2633" alt="topic" title="body_constraints::usebundle">
<area shape = "circle" coords="333,162,55" href="knowledge.php?pid=2910" alt="topic" title="promises::promise_promises_cf_53">
<area shape = "circle" coords="262,215,55" href="knowledge.php?pid=2913" alt="topic" title="promises::promise_promises_cf_57">
<area shape = "circle" coords="161,191,55" href="knowledge.php?pid=2919" alt="topic" title="promises::promise_promises_cf_63">
<area shape = "circle" coords="167,261,55" href="knowledge.php?pid=2921" alt="topic" title="class_contexts::any">
<area shape = "circle" coords="71,291,55" href="knowledge.php?pid=2924" alt="topic" title="promises::promise_promises_cf_76">
<area shape = "circle" coords="150,338,55" href="knowledge.php?pid=2928" alt="topic" title="promises::promise_promises_cf_82">
<area shape = "circle" coords="300,314,52" href="knowledge.php?pid=2632" alt="topic" title="promise_types::methods">
<area shape = "circle" coords="52,435,55" href="knowledge.php?pid=837" alt="topic" title="cfengine_components::cfengine 2">
</map>
