<img src="graphs/2922.png" USEMAP="#knowledge_system" alt="promisers::security image pending">
<map name="knowledge_system">
<area shape = "circle" coords="712,291,45" href="knowledge.php?pid=2925" alt="topic" title="bundles::change_management">
<area shape = "circle" coords="523,209,30" href="knowledge.php?pid=2920" alt="topic" title="bundles::service_catalogue">
<area shape = "circle" coords="377,74,40" href="knowledge.php?pid=3753" alt="topic" title="goals::keep systems up to date">
<area shape = "circle" coords="428,169,44" href="knowledge.php?pid=3754" alt="topic" title="synonym::goal_2">
<area shape = "circle" coords="328,240,46" href="knowledge.php?pid=2928" alt="topic" title="promises::promise_promises_cf_82">
<area shape = "circle" coords="286,200,46" href="knowledge.php?pid=982" alt="topic" title="promise_theory::promise-type">
<area shape = "circle" coords="233,182,46" href="knowledge.php?pid=2913" alt="topic" title="promises::promise_promises_cf_57">
<area shape = "circle" coords="178,189,46" href="knowledge.php?pid=2907" alt="topic" title="bundles::cfengine_management">
<area shape = "circle" coords="130,220,46" href="knowledge.php?pid=2919" alt="topic" title="promises::promise_promises_cf_63">
<area shape = "circle" coords="98,270,46" href="knowledge.php?pid=2910" alt="topic" title="promises::promise_promises_cf_53">
<area shape = "circle" coords="87,330,46" href="knowledge.php?pid=2927" alt="topic" title="promisers::maintenance">
<area shape = "circle" coords="100,389,54" href="knowledge.php?pid=837" alt="topic" title="cfengine_components::cfengine 2">
<area shape = "circle" coords="133,438,46" href="knowledge.php?pid=2912" alt="topic" title="promises::promise_promises_cf_55">
<area shape = "circle" coords="181,468,46" href="knowledge.php?pid=2633" alt="topic" title="body_constraints::usebundle">
<area shape = "circle" coords="237,474,46" href="knowledge.php?pid=2916" alt="topic" title="promises::promise_promises_cf_62">
<area shape = "circle" coords="289,454,46" href="knowledge.php?pid=2909" alt="topic" title="promisers::hub">
<area shape = "circle" coords="330,413,46" href="knowledge.php?pid=2921" alt="topic" title="class_contexts::any">
<area shape = "circle" coords="352,356,46" href="knowledge.php?pid=2911" alt="topic" title="promises::promise_promises_cf_54">
<area shape = "circle" coords="221,328,48" href="knowledge.php?pid=2632" alt="topic" title="promise_types::methods">
<area shape = "circle" coords="470,374,30" href="knowledge.php?pid=2924" alt="topic" title="promises::promise_promises_cf_76">
<area shape = "circle" coords="479,264,34" href="knowledge.php?pid=2922" alt="topic" title="promisers::security">
<area shape = "circle" coords="656,433,45" href="knowledge.php?pid=3751" alt="topic" title="goals::keep core services running">
<area shape = "circle" coords="647,344,55" href="knowledge.php?pid=3752" alt="topic" title="synonym::goal_1">
</map>
