<img src="graphs/2929.png" USEMAP="#knowledge_system" alt="bundles::def image pending">
<map name="knowledge_system">
<area shape = "circle" coords="215,386,55" href="knowledge.php?pid=838" alt="topic" title="cfengine_components::cfengine 3">
<area shape = "circle" coords="246,457,55" href="knowledge.php?pid=2767" alt="topic" title="data_types::string">
<area shape = "circle" coords="317,404,55" href="knowledge.php?pid=2769" alt="topic" title="data_types::real">
<area shape = "circle" coords="403,443,55" href="knowledge.php?pid=2771" alt="topic" title="data_types::ilist">
<area shape = "circle" coords="412,369,55" href="knowledge.php?pid=2773" alt="topic" title="data_types::policy">
<area shape = "circle" coords="512,358,55" href="knowledge.php?pid=2932" alt="topic" title="handles::common_def_vars_domain">
<area shape = "circle" coords="454,296,55" href="knowledge.php?pid=2938" alt="topic" title="handles::common_def_vars_dir_masterfiles">
<area shape = "circle" coords="521,240,55" href="knowledge.php?pid=2944" alt="topic" title="handles::common_def_vars_dir_software">
<area shape = "circle" coords="556,263,30" href="knowledge.php?pid=2933" alt="topic" title="promisers::acl">
<area shape = "circle" coords="672,199,39" href="knowledge.php?pid=2939" alt="topic" title="promisers::dir_reports">
<area shape = "circle" coords="655,92,30" href="knowledge.php?pid=2930" alt="topic" title="promisers::domain">
<area shape = "circle" coords="523,50,39" href="knowledge.php?pid=2936" alt="topic" title="promisers::dir_masterfiles">
<area shape = "circle" coords="407,114,39" href="knowledge.php?pid=2942" alt="topic" title="promisers::dir_software">
<area shape = "circle" coords="539,156,34" href="knowledge.php?pid=2929" alt="topic" title="bundles::def">
<area shape = "circle" coords="427,145,55" href="knowledge.php?pid=982" alt="topic" title="promise_theory::promise-type">
<area shape = "circle" coords="335,178,55" href="knowledge.php?pid=2768" alt="topic" title="data_types::int">
<area shape = "circle" coords="273,118,55" href="knowledge.php?pid=2770" alt="topic" title="data_types::slist">
<area shape = "circle" coords="230,187,55" href="knowledge.php?pid=2772" alt="topic" title="data_types::rlist">
<area shape = "circle" coords="131,171,55" href="knowledge.php?pid=2925" alt="topic" title="bundles::change_management">
<area shape = "circle" coords="158,244,55" href="knowledge.php?pid=2935" alt="topic" title="handles::common_def_vars_acl">
<area shape = "circle" coords="69,280,55" href="knowledge.php?pid=2941" alt="topic" title="handles::common_def_vars_dir_reports">
<area shape = "circle" coords="152,323,55" href="knowledge.php?pid=2960" alt="topic" title="bundles::cfengine_processes">
<area shape = "circle" coords="300,290,52" href="knowledge.php?pid=2394" alt="topic" title="promise_types::vars">
<area shape = "circle" coords="52,427,55" href="knowledge.php?pid=812" alt="topic" title="technical_concepts::variables">
</map>
