<img src="graphs/296.png" USEMAP="#knowledge_system" alt="promise_types::insert_lines image pending">
<map name="knowledge_system">
<area shape = "circle" coords="699,119,42" href="knowledge.php?pid=313" alt="topic" title="body_constraints::first_last">
<area shape = "circle" coords="513,71,42" href="knowledge.php?pid=312" alt="topic" title="body_constraints::before_after">
<area shape = "circle" coords="622,122,42" href="knowledge.php?pid=943" alt="topic" title="promise_types::reports">
<area shape = "circle" coords="563,39,42" href="knowledge.php?pid=328" alt="topic" title="promise_types::replace_patterns">
<area shape = "circle" coords="447,83,42" href="knowledge.php?pid=1034" alt="topic" title="promisers::cfexecd">
<area shape = "circle" coords="535,102,55" href="knowledge.php?pid=1031" alt="topic" title="bundles::upgrade_cfexecd">
<area shape = "circle" coords="432,144,30" href="knowledge.php?pid=298" alt="topic" title="body_constraints::insert_type">
<area shape = "circle" coords="401,199,36" href="knowledge.php?pid=1033" alt="topic" title="promises::promise_library_cf_190">
<area shape = "circle" coords="338,238,36" href="knowledge.php?pid=1077" alt="topic" title="promisers::APACHE_CONF_INCLUDE_FILES="/home/mark/cfengine-inputs/httpd.conf"">
<area shape = "circle" coords="247,231,34" href="knowledge.php?pid=310" alt="topic" title="body_constraints::insert_if_not_contains_from_list">
<area shape = "circle" coords="100,277,34" href="knowledge.php?pid=302" alt="topic" title="body_constraints::insert_if_not_startwith_from_list">
<area shape = "circle" coords="60,387,34" href="knowledge.php?pid=308" alt="topic" title="body_constraints::insert_if_contains_from_list">
<area shape = "circle" coords="155,479,34" href="knowledge.php?pid=300" alt="topic" title="body_constraints::insert_if_startwith_from_list">
<area shape = "circle" coords="315,483,34" href="knowledge.php?pid=306" alt="topic" title="body_constraints::insert_if_not_match_from_list">
<area shape = "circle" coords="418,396,34" href="knowledge.php?pid=304" alt="topic" title="body_constraints::insert_if_match_from_list">
<area shape = "circle" coords="240,362,31" href="knowledge.php?pid=299" alt="topic" title="body_constraints::insert_select">
<area shape = "circle" coords="394,425,32" href="knowledge.php?pid=38" alt="topic" title="values::boolean">
<area shape = "circle" coords="435,331,30" href="knowledge.php?pid=297" alt="topic" title="body_constraints::expand_scalars">
<area shape = "circle" coords="506,299,36" href="knowledge.php?pid=1032" alt="topic" title="promisers::0,5,10,15,20,25,30,35,40,45,50,55 * * * * /var/cfengine/bin/cf-execd -F">
<area shape = "circle" coords="589,294,36" href="knowledge.php?pid=1072" alt="topic" title="bundles::fixapache">
<area shape = "circle" coords="568,236,36" href="knowledge.php?pid=1078" alt="topic" title="promises::promise_webserver_cf_115">
<area shape = "circle" coords="476,237,34" href="knowledge.php?pid=296" alt="topic" title="promise_types::insert_lines">
<area shape = "circle" coords="709,259,42" href="knowledge.php?pid=314" alt="topic" title="body_constraints::select_line_matching">
<area shape = "circle" coords="611,165,55" href="knowledge.php?pid=311" alt="topic" title="body_constraints::location">
</map>
