<img src="graphs/2960.png" USEMAP="#knowledge_system" alt="bundles::cfengine_processes image pending">
<map name="knowledge_system">
<area shape = "circle" coords="202,420,55" href="knowledge.php?pid=3008" alt="topic" title="promisers::Reloaded configuration of all Cfengine components">
<area shape = "circle" coords="230,467,32" href="knowledge.php?pid=2409" alt="topic" title="promise_types::reports">
<area shape = "circle" coords="292,434,52" href="knowledge.php?pid=2983" alt="topic" title="promisers::cf-report">
<area shape = "circle" coords="364,468,52" href="knowledge.php?pid=2678" alt="topic" title="promise_types::processes">
<area shape = "circle" coords="376,411,52" href="knowledge.php?pid=2989" alt="topic" title="promisers::cf-serverd">
<area shape = "circle" coords="467,410,52" href="knowledge.php?pid=2961" alt="topic" title="promisers::cf_components">
<area shape = "circle" coords="425,360,55" href="knowledge.php?pid=2996" alt="topic" title="promisers::cf-execd">
<area shape = "circle" coords="492,323,52" href="knowledge.php?pid=2971" alt="topic" title="promisers::cf-key">
<area shape = "circle" coords="411,300,55" href="knowledge.php?pid=3003" alt="topic" title="promisers::CfengineNovaExec">
<area shape = "circle" coords="574,325,41" href="knowledge.php?pid=982" alt="topic" title="promise_theory::promise-type">
<area shape = "circle" coords="677,187,41" href="knowledge.php?pid=838" alt="topic" title="cfengine_components::cfengine 3">
<area shape = "circle" coords="507,81,41" href="knowledge.php?pid=812" alt="topic" title="technical_concepts::variables">
<area shape = "circle" coords="298,153,41" href="knowledge.php?pid=2767" alt="topic" title="data_types::string">
<area shape = "circle" coords="479,210,35" href="knowledge.php?pid=2394" alt="topic" title="promise_types::vars">
<area shape = "circle" coords="342,260,52" href="knowledge.php?pid=2980" alt="topic" title="promisers::cf-promises">
<area shape = "circle" coords="304,213,32" href="knowledge.php?pid=2441" alt="topic" title="promise_types::commands">
<area shape = "circle" coords="252,254,52" href="knowledge.php?pid=2986" alt="topic" title="promisers::cf-runagent">
<area shape = "circle" coords="171,226,52" href="knowledge.php?pid=2706" alt="topic" title="promise_types::services">
<area shape = "circle" coords="171,284,55" href="knowledge.php?pid=2992" alt="topic" title="promisers::cf-hub">
<area shape = "circle" coords="85,295,52" href="knowledge.php?pid=2965" alt="topic" title="promisers::stop_signal">
<area shape = "circle" coords="139,341,55" href="knowledge.php?pid=2999" alt="topic" title="promisers::"/var/cfengine/bin/cf-execd"">
<area shape = "circle" coords="82,384,52" href="knowledge.php?pid=2974" alt="topic" title="promisers::cf-know">
<area shape = "circle" coords="283,343,52" href="knowledge.php?pid=2960" alt="topic" title="bundles::cfengine_processes">
<area shape = "circle" coords="52,454,55" href="knowledge.php?pid=2977" alt="topic" title="promisers::cf-monitord">
</map>
