<img src="graphs/2974.png" USEMAP="#knowledge_system" alt="promisers::cf-know image pending">
<map name="knowledge_system">
<area shape = "circle" coords="169,439,55" href="knowledge.php?pid=2825" alt="topic" title="application_services::storage">
<area shape = "circle" coords="196,480,55" href="knowledge.php?pid=1674" alt="topic" title="Software_components::cf-agent">
<area shape = "circle" coords="246,448,55" href="knowledge.php?pid=2977" alt="topic" title="promisers::cf-monitord">
<area shape = "circle" coords="312,467,55" href="knowledge.php?pid=2409" alt="topic" title="promise_types::reports">
<area shape = "circle" coords="314,423,55" href="knowledge.php?pid=2983" alt="topic" title="promisers::cf-report">
<area shape = "circle" coords="384,410,55" href="knowledge.php?pid=2481" alt="topic" title="promise_types::files">
<area shape = "circle" coords="336,376,55" href="knowledge.php?pid=2989" alt="topic" title="promisers::cf-serverd">
<area shape = "circle" coords="374,338,55" href="knowledge.php?pid=2740" alt="topic" title="promise_types::occurrences">
<area shape = "circle" coords="548,312,40" href="knowledge.php?pid=3470" alt="topic" title="handles::update_bins_processes_stop_cfengine">
<area shape = "circle" coords="694,251,30" href="knowledge.php?pid=2678" alt="topic" title="promise_types::processes">
<area shape = "circle" coords="707,142,40" href="knowledge.php?pid=3427" alt="topic" title="bundles::update_bins">
<area shape = "circle" coords="577,68,30" href="knowledge.php?pid=930" alt="topic" title="management_issues::knowledge management">
<area shape = "circle" coords="402,85,40" href="knowledge.php?pid=2994" alt="topic" title="handles::cfengine_processes_stop_cf_components">
<area shape = "circle" coords="314,179,40" href="knowledge.php?pid=2960" alt="topic" title="bundles::cfengine_processes">
<area shape = "circle" coords="517,188,35" href="knowledge.php?pid=2974" alt="topic" title="promisers::cf-know">
<area shape = "circle" coords="287,288,55" href="knowledge.php?pid=2829" alt="topic" title="commands_and_tools::cfengine">
<area shape = "circle" coords="228,315,55" href="knowledge.php?pid=2394" alt="topic" title="promise_types::vars">
<area shape = "circle" coords="169,288,55" href="knowledge.php?pid=2980" alt="topic" title="promisers::cf-promises">
<area shape = "circle" coords="154,332,55" href="knowledge.php?pid=2441" alt="topic" title="promise_types::commands">
<area shape = "circle" coords="81,336,55" href="knowledge.php?pid=2986" alt="topic" title="promisers::cf-runagent">
<area shape = "circle" coords="118,375,55" href="knowledge.php?pid=2734" alt="topic" title="promise_types::topics">
<area shape = "circle" coords="69,409,55" href="knowledge.php?pid=2996" alt="topic" title="promisers::cf-execd">
<area shape = "circle" coords="227,382,52" href="knowledge.php?pid=838" alt="topic" title="cfengine_components::cfengine 3">
<area shape = "circle" coords="52,462,55" href="knowledge.php?pid=839" alt="topic" title="cfengine_components::cfengine nova">
</map>
