<img src="graphs/3045.png" USEMAP="#knowledge_system" alt="handles::cfengine_enable_files_rc_files image pending">
<map name="knowledge_system">
<area shape = "circle" coords="146,444,55" href="knowledge.php?pid=15" alt="topic" title="system_reports::file_diffs report">
<area shape = "circle" coords="172,483,55" href="knowledge.php?pid=29" alt="topic" title="system_reports::hashes report">
<area shape = "circle" coords="212,451,55" href="knowledge.php?pid=838" alt="topic" title="cfengine_components::cfengine 3">
<area shape = "circle" coords="268,465,55" href="knowledge.php?pid=2483" alt="topic" title="body_constraints::changes">
<area shape = "circle" coords="265,422,55" href="knowledge.php?pid=2516" alt="topic" title="body_constraints::create">
<area shape = "circle" coords="319,404,55" href="knowledge.php?pid=2518" alt="topic" title="body_constraints::depth_search">
<area shape = "circle" coords="274,375,55" href="knowledge.php?pid=2532" alt="topic" title="body_constraints::edit_xml">
<area shape = "circle" coords="431,415,30" href="knowledge.php?pid=3028" alt="topic" title="promisers::/etc/rc1.d/K11cfengine3">
<area shape = "circle" coords="610,382,42" href="knowledge.php?pid=3034" alt="topic" title="promisers::/etc/rc3.d/S90cfengine3">
<area shape = "circle" coords="705,266,42" href="knowledge.php?pid=3040" alt="topic" title="promisers::/etc/rc5.d/S90cfengine3">
<area shape = "circle" coords="660,136,30" href="knowledge.php?pid=3016" alt="topic" title="class_contexts::linux">
<area shape = "circle" coords="501,67,42" href="knowledge.php?pid=3031" alt="topic" title="promisers::/etc/rc2.d/S90cfengine3">
<area shape = "circle" coords="322,100,42" href="knowledge.php?pid=3037" alt="topic" title="promisers::/etc/rc4.d/S90cfengine3">
<area shape = "circle" coords="227,215,42" href="knowledge.php?pid=3043" alt="topic" title="promisers::/etc/rc6.d/K11cfengine3">
<area shape = "circle" coords="466,241,36" href="knowledge.php?pid=3045" alt="topic" title="handles::cfengine_enable_files_rc_files">
<area shape = "circle" coords="235,336,55" href="knowledge.php?pid=26" alt="topic" title="system_reports::setuid report">
<area shape = "circle" coords="209,297,55" href="knowledge.php?pid=837" alt="topic" title="cfengine_components::cfengine 2">
<area shape = "circle" coords="169,329,55" href="knowledge.php?pid=982" alt="topic" title="promise_theory::promise-type">
<area shape = "circle" coords="113,314,55" href="knowledge.php?pid=2487" alt="topic" title="body_constraints::copy_from">
<area shape = "circle" coords="116,358,55" href="knowledge.php?pid=2517" alt="topic" title="body_constraints::delete">
<area shape = "circle" coords="62,377,55" href="knowledge.php?pid=2531" alt="topic" title="body_constraints::edit_line">
<area shape = "circle" coords="107,406,55" href="knowledge.php?pid=2533" alt="topic" title="body_constraints::edit_defaults">
<area shape = "circle" coords="190,390,52" href="knowledge.php?pid=2481" alt="topic" title="promise_types::files">
<area shape = "circle" coords="52,465,55" href="knowledge.php?pid=14" alt="topic" title="system_reports::file_changes report">
</map>
