<img src="graphs/3173.png" USEMAP="#knowledge_system" alt="handles::cfengine_php_mod_commands_apache2_suse image pending">
<map name="knowledge_system">
<area shape = "circle" coords="268,386,30" href="knowledge.php?pid=838" alt="topic" title="cfengine_components::cfengine 3">
<area shape = "circle" coords="287,454,30" href="knowledge.php?pid=2442" alt="topic" title="body_constraints::args">
<area shape = "circle" coords="356,407,30" href="knowledge.php?pid=2864" alt="topic" title="manual::module">
<area shape = "circle" coords="426,453,30" href="knowledge.php?pid=2999" alt="topic" title="promisers::"/var/cfengine/bin/cf-execd"">
<area shape = "circle" coords="444,384,30" href="knowledge.php?pid=3046" alt="topic" title="bundles::cfengine_php_mod">
<area shape = "circle" coords="537,392,30" href="knowledge.php?pid=3174" alt="topic" title="bundles::cfengine_policysrv">
<area shape = "circle" coords="497,328,30" href="knowledge.php?pid=3218" alt="topic" title="handles::cfengine_policysrv_commands_a2enmod_debian">
<area shape = "circle" coords="579,293,30" href="knowledge.php?pid=3224" alt="topic" title="promisers::/usr/sbin/a2ensite ssl">
<area shape = "circle" coords="496,259,30" href="knowledge.php?pid=3279" alt="topic" title="promisers::/usr/sbin/setenforce 0">
<area shape = "circle" coords="668,329,30" href="knowledge.php?pid=3171" alt="topic" title="class_contexts::restart_webserver.SuSE">
<area shape = "circle" coords="714,94,30" href="knowledge.php?pid=3168" alt="topic" title="promisers::/etc/init.d/apache2 restart">
<area shape = "circle" coords="400,60,30" href="knowledge.php?pid=3329" alt="topic" title="class_contexts::SuSE">
<area shape = "circle" coords="534,194,30" href="knowledge.php?pid=3173" alt="topic" title="handles::cfengine_php_mod_commands_apache2_suse">
<area shape = "circle" coords="441,203,30" href="knowledge.php?pid=982" alt="topic" title="promise_theory::promise-type">
<area shape = "circle" coords="421,134,30" href="knowledge.php?pid=2443" alt="topic" title="body_constraints::contain">
<area shape = "circle" coords="353,183,30" href="knowledge.php?pid=2960" alt="topic" title="bundles::cfengine_processes">
<area shape = "circle" coords="282,136,30" href="knowledge.php?pid=3001" alt="topic" title="handles::cfengine_processes_commands_cf_execd">
<area shape = "circle" coords="265,205,30" href="knowledge.php?pid=3166" alt="topic" title="handles::cfengine_php_mod_commands_httpd_redhat">
<area shape = "circle" coords="171,198,30" href="knowledge.php?pid=3216" alt="topic" title="promisers::/usr/sbin/a2enmod php5 ssl">
<area shape = "circle" coords="211,261,30" href="knowledge.php?pid=3220" alt="topic" title="promisers::/usr/sbin/a2enmod ssl && /usr/sbin/a2enflag SSL && /usr/bin/gensslcert">
<area shape = "circle" coords="131,297,30" href="knowledge.php?pid=3237" alt="topic" title="bundles::cfengine_web_server">
<area shape = "circle" coords="212,331,30" href="knowledge.php?pid=3281" alt="topic" title="handles::cfengine_web_server_commands_set_selinux">
<area shape = "circle" coords="354,295,30" href="knowledge.php?pid=2441" alt="topic" title="promise_types::commands">
<area shape = "circle" coords="145,411,55" href="knowledge.php?pid=3164" alt="topic" title="promisers::/etc/init.d/httpd restart">
</map>
