<img src="graphs/3175.png" USEMAP="#knowledge_system" alt="class_contexts::SuSE.policy_host image pending">
<map name="knowledge_system">
<area shape = "circle" coords="673,135,43" href="knowledge.php?pid=838" alt="topic" title="cfengine_components::cfengine 3">
<area shape = "circle" coords="387,77,43" href="knowledge.php?pid=812" alt="topic" title="technical_concepts::variables">
<area shape = "circle" coords="292,201,35" href="knowledge.php?pid=3176" alt="topic" title="promisers::match_package">
<area shape = "circle" coords="126,278,35" href="knowledge.php?pid=2908" alt="topic" title="class_contexts::policy_host">
<area shape = "circle" coords="176,336,47" href="knowledge.php?pid=3236" alt="topic" title="handles::cfengine_policysrv_files_vhost_ssl">
<area shape = "circle" coords="134,413,40" href="knowledge.php?pid=3697" alt="topic" title="handles::knowledge_files_mysql_sock_suse">
<area shape = "circle" coords="229,471,31" href="knowledge.php?pid=3197" alt="topic" title="promises::cfengine_policysrv_packages_install_package_suse">
<area shape = "circle" coords="367,454,30" href="knowledge.php?pid=3219" alt="topic" title="class_contexts::a2enmod_ssl">
<area shape = "circle" coords="409,378,40" href="knowledge.php?pid=3700" alt="topic" title="handles::knowledge_files_cfagent_dir_suse">
<area shape = "circle" coords="271,395,32" href="knowledge.php?pid=3175" alt="topic" title="class_contexts::SuSE.policy_host">
<area shape = "circle" coords="509,346,35" href="knowledge.php?pid=3329" alt="topic" title="class_contexts::SuSE">
<area shape = "circle" coords="337,277,32" href="knowledge.php?pid=3178" alt="topic" title="handles::cfengine_policysrv_vars_match_package_suse">
<area shape = "circle" coords="689,307,43" href="knowledge.php?pid=982" alt="topic" title="promise_theory::promise-type">
<area shape = "circle" coords="538,192,55" href="knowledge.php?pid=2394" alt="topic" title="promise_types::vars">
</map>
