<img src="graphs/3182.png" USEMAP="#knowledge_system" alt="class_contexts::debian.policy_host image pending">
<map name="knowledge_system">
<area shape = "circle" coords="693,325,44" href="knowledge.php?pid=2481" alt="topic" title="promise_types::files">
<area shape = "circle" coords="528,252,40" href="knowledge.php?pid=3695" alt="topic" title="promisers::/tmp/mysql.sock">
<area shape = "circle" coords="430,274,45" href="knowledge.php?pid=3702" alt="topic" title="handles::knowledge_files_mysql_sock_debian">
<area shape = "circle" coords="519,282,35" href="knowledge.php?pid=3176" alt="topic" title="promisers::match_package">
<area shape = "circle" coords="567,151,35" href="knowledge.php?pid=2908" alt="topic" title="class_contexts::policy_host">
<area shape = "circle" coords="415,76,35" href="knowledge.php?pid=2394" alt="topic" title="promise_types::vars">
<area shape = "circle" coords="273,161,35" href="knowledge.php?pid=3334" alt="topic" title="class_contexts::debian">
<area shape = "circle" coords="422,191,31" href="knowledge.php?pid=3184" alt="topic" title="handles::cfengine_policysrv_vars_match_package_debian">
<area shape = "circle" coords="319,219,39" href="knowledge.php?pid=3705" alt="topic" title="handles::knowledge_files_doc_root_debian">
<area shape = "circle" coords="106,137,40" href="knowledge.php?pid=3230" alt="topic" title="promisers::/etc/apache2/sites-available/ssl">
<area shape = "circle" coords="218,216,45" href="knowledge.php?pid=3223" alt="topic" title="class_contexts::a2ensite_ssl">
<area shape = "circle" coords="219,224,35" href="knowledge.php?pid=3185" alt="topic" title="promisers::apache2">
<area shape = "circle" coords="117,220,35" href="knowledge.php?pid=3192" alt="topic" title="promisers::php5">
<area shape = "circle" coords="60,284,35" href="knowledge.php?pid=2636" alt="topic" title="promise_types::packages">
<area shape = "circle" coords="106,353,35" href="knowledge.php?pid=3189" alt="topic" title="promisers::mysql-server">
<area shape = "circle" coords="209,357,35" href="knowledge.php?pid=3195" alt="topic" title="promisers::ssl-cert">
<area shape = "circle" coords="163,288,32" href="knowledge.php?pid=3214" alt="topic" title="promises::cfengine_policysrv_packages_install_package_debian">
<area shape = "circle" coords="207,365,39" href="knowledge.php?pid=3233" alt="topic" title="promises::cfengine_policysrv_files_ssl">
<area shape = "circle" coords="283,445,33" href="knowledge.php?pid=3218" alt="topic" title="handles::cfengine_policysrv_commands_a2enmod_debian">
<area shape = "circle" coords="307,371,30" href="knowledge.php?pid=3215" alt="topic" title="class_contexts::a2enmod_php5_ssl">
<area shape = "circle" coords="400,398,39" href="knowledge.php?pid=3708" alt="topic" title="handles::knowledge_files_cfagent_dir_debian">
<area shape = "circle" coords="331,296,35" href="knowledge.php?pid=3182" alt="topic" title="class_contexts::debian.policy_host">
<area shape = "circle" coords="607,472,44" href="knowledge.php?pid=3227" alt="topic" title="promisers::/var/www/.">
<area shape = "circle" coords="593,380,55" href="knowledge.php?pid=3229" alt="topic" title="handles::cfengine_policysrv_file_tidy_index_html">
</map>
