<img src="graphs/3215.png" USEMAP="#knowledge_system" alt="class_contexts::a2enmod_php5_ssl image pending">
<map name="knowledge_system">
<area shape = "circle" coords="713,353,45" href="knowledge.php?pid=2908" alt="topic" title="class_contexts::policy_host">
<area shape = "circle" coords="547,313,38" href="knowledge.php?pid=3195" alt="topic" title="promisers::ssl-cert">
<area shape = "circle" coords="653,291,37" href="knowledge.php?pid=3243" alt="topic" title="handles::cfengine_web_server_processes_apache_on_suse">
<area shape = "circle" coords="719,174,37" href="knowledge.php?pid=2678" alt="topic" title="promise_types::processes">
<area shape = "circle" coords="642,62,37" href="knowledge.php?pid=3237" alt="topic" title="bundles::cfengine_web_server">
<area shape = "circle" coords="477,38,37" href="knowledge.php?pid=2636" alt="topic" title="promise_types::packages">
<area shape = "circle" coords="351,122,37" href="knowledge.php?pid=3219" alt="topic" title="class_contexts::a2enmod_ssl">
<area shape = "circle" coords="358,249,37" href="knowledge.php?pid=3174" alt="topic" title="bundles::cfengine_policysrv">
<area shape = "circle" coords="528,180,33" href="knowledge.php?pid=3185" alt="topic" title="promisers::apache2">
<area shape = "circle" coords="448,299,38" href="knowledge.php?pid=3192" alt="topic" title="promisers::php5">
<area shape = "circle" coords="409,234,38" href="knowledge.php?pid=3223" alt="topic" title="class_contexts::a2ensite_ssl">
<area shape = "circle" coords="271,196,38" href="knowledge.php?pid=3233" alt="topic" title="promises::cfengine_policysrv_files_ssl">
<area shape = "circle" coords="137,243,38" href="knowledge.php?pid=3705" alt="topic" title="handles::knowledge_files_doc_root_debian">
<area shape = "circle" coords="86,348,38" href="knowledge.php?pid=3184" alt="topic" title="handles::cfengine_policysrv_vars_match_package_debian">
<area shape = "circle" coords="148,449,38" href="knowledge.php?pid=3229" alt="topic" title="handles::cfengine_policysrv_file_tidy_index_html">
<area shape = "circle" coords="287,488,38" href="knowledge.php?pid=3702" alt="topic" title="handles::knowledge_files_mysql_sock_debian">
<area shape = "circle" coords="421,440,38" href="knowledge.php?pid=3708" alt="topic" title="handles::knowledge_files_cfagent_dir_debian">
<area shape = "circle" coords="279,342,34" href="knowledge.php?pid=3182" alt="topic" title="class_contexts::debian.policy_host">
<area shape = "circle" coords="452,375,30" href="knowledge.php?pid=3189" alt="topic" title="promisers::mysql-server">
<area shape = "circle" coords="541,476,40" href="knowledge.php?pid=2441" alt="topic" title="promise_types::commands">
<area shape = "circle" coords="515,405,45" href="knowledge.php?pid=3218" alt="topic" title="handles::cfengine_policysrv_commands_a2enmod_debian">
<area shape = "circle" coords="490,336,34" href="knowledge.php?pid=3215" alt="topic" title="class_contexts::a2enmod_php5_ssl">
<area shape = "circle" coords="660,447,45" href="knowledge.php?pid=3334" alt="topic" title="class_contexts::debian">
<area shape = "circle" coords="651,388,55" href="knowledge.php?pid=3214" alt="topic" title="promises::cfengine_policysrv_packages_install_package_debian">
</map>
