<img src="graphs/3230.png" USEMAP="#knowledge_system" alt="promisers::/etc/apache2/sites-available/ssl image pending">
<map name="knowledge_system">
<area shape = "circle" coords="214,394,52" href="knowledge.php?pid=14" alt="topic" title="system_reports::file_changes report">
<area shape = "circle" coords="234,460,52" href="knowledge.php?pid=26" alt="topic" title="system_reports::setuid report">
<area shape = "circle" coords="304,414,52" href="knowledge.php?pid=837" alt="topic" title="cfengine_components::cfengine 2">
<area shape = "circle" coords="376,459,52" href="knowledge.php?pid=982" alt="topic" title="promise_theory::promise-type">
<area shape = "circle" coords="393,393,52" href="knowledge.php?pid=2487" alt="topic" title="body_constraints::copy_from">
<area shape = "circle" coords="489,400,52" href="knowledge.php?pid=2517" alt="topic" title="body_constraints::delete">
<area shape = "circle" coords="448,339,52" href="knowledge.php?pid=2531" alt="topic" title="body_constraints::edit_line">
<area shape = "circle" coords="531,305,52" href="knowledge.php?pid=2533" alt="topic" title="body_constraints::edit_defaults">
<area shape = "circle" coords="447,272,52" href="knowledge.php?pid=2551" alt="topic" title="body_constraints::link_from">
<area shape = "circle" coords="671,304,30" href="knowledge.php?pid=3223" alt="topic" title="class_contexts::a2ensite_ssl">
<area shape = "circle" coords="716,90,30" href="knowledge.php?pid=3174" alt="topic" title="bundles::cfengine_policysrv">
<area shape = "circle" coords="411,58,36" href="knowledge.php?pid=3233" alt="topic" title="promises::cfengine_policysrv_files_ssl">
<area shape = "circle" coords="541,181,32" href="knowledge.php?pid=3230" alt="topic" title="promisers::/etc/apache2/sites-available/ssl">
<area shape = "circle" coords="391,219,52" href="knowledge.php?pid=15" alt="topic" title="system_reports::file_diffs report">
<area shape = "circle" coords="370,153,52" href="knowledge.php?pid=29" alt="topic" title="system_reports::hashes report">
<area shape = "circle" coords="301,199,52" href="knowledge.php?pid=838" alt="topic" title="cfengine_components::cfengine 3">
<area shape = "circle" coords="229,154,52" href="knowledge.php?pid=2483" alt="topic" title="body_constraints::changes">
<area shape = "circle" coords="211,221,52" href="knowledge.php?pid=2516" alt="topic" title="body_constraints::create">
<area shape = "circle" coords="116,213,52" href="knowledge.php?pid=2518" alt="topic" title="body_constraints::depth_search">
<area shape = "circle" coords="157,275,52" href="knowledge.php?pid=2532" alt="topic" title="body_constraints::edit_xml">
<area shape = "circle" coords="74,309,52" href="knowledge.php?pid=2538" alt="topic" title="body_constraints::file_select">
<area shape = "circle" coords="158,341,52" href="knowledge.php?pid=2561" alt="topic" title="body_constraints::pathtype">
<area shape = "circle" coords="302,307,52" href="knowledge.php?pid=2481" alt="topic" title="promise_types::files">
<area shape = "circle" coords="52,438,55" href="knowledge.php?pid=2560" alt="topic" title="body_constraints::move_obstructions">
</map>
