<img src="graphs/326.png" USEMAP="#knowledge_system" alt="body_constraints::select_field image pending">
<map name="knowledge_system">
<area shape = "circle" coords="248,398,55" href="knowledge.php?pid=507" alt="topic" title="functions::getuid">
<area shape = "circle" coords="310,462,55" href="knowledge.php?pid=40" alt="topic" title="values::a time range">
<area shape = "circle" coords="391,406,55" href="knowledge.php?pid=494" alt="topic" title="functions::ago">
<area shape = "circle" coords="514,423,55" href="knowledge.php?pid=42" alt="topic" title="values::integer">
<area shape = "circle" coords="496,349,55" href="knowledge.php?pid=500" alt="topic" title="functions::diskfree">
<area shape = "circle" coords="599,306,55" href="knowledge.php?pid=186" alt="topic" title="body_constraints::portnumber">
<area shape = "circle" coords="495,264,55" href="knowledge.php?pid=506" alt="topic" title="functions::getgid">
<area shape = "circle" coords="661,87,34" href="knowledge.php?pid=316" alt="topic" title="body_constraints::edit_field">
<area shape = "circle" coords="498,197,33" href="knowledge.php?pid=326" alt="topic" title="body_constraints::select_field">
<area shape = "circle" coords="387,208,55" href="knowledge.php?pid=493" alt="topic" title="functions::accumulated">
<area shape = "circle" coords="304,152,55" href="knowledge.php?pid=41" alt="topic" title="values::a positive integer">
<area shape = "circle" coords="245,218,55" href="knowledge.php?pid=499" alt="topic" title="functions::countlinesmatching">
<area shape = "circle" coords="119,217,55" href="knowledge.php?pid=127" alt="topic" title="body_constraints::exec_timeout">
<area shape = "circle" coords="162,287,55" href="knowledge.php?pid=504" alt="topic" title="functions::getfields">
<area shape = "circle" coords="77,342,55" href="knowledge.php?pid=278" alt="topic" title="body_constraints::rotate">
<area shape = "circle" coords="335,307,52" href="knowledge.php?pid=699" alt="topic" title="cfengine_3::int">
<area shape = "circle" coords="52,432,55" href="knowledge.php?pid=38" alt="topic" title="values::boolean">
</map>
