<img src="graphs/3272.png" USEMAP="#knowledge_system" alt="class_contexts::debian.off image pending">
<map name="knowledge_system">
<area shape = "circle" coords="227,386,55" href="knowledge.php?pid=838" alt="topic" title="cfengine_components::cfengine 3">
<area shape = "circle" coords="261,457,55" href="knowledge.php?pid=2679" alt="topic" title="body_constraints::process_count">
<area shape = "circle" coords="337,404,55" href="knowledge.php?pid=2703" alt="topic" title="body_constraints::process_stop">
<area shape = "circle" coords="429,443,55" href="knowledge.php?pid=2705" alt="topic" title="body_constraints::signals">
<area shape = "circle" coords="438,369,55" href="knowledge.php?pid=2971" alt="topic" title="promisers::cf-key">
<area shape = "circle" coords="546,358,55" href="knowledge.php?pid=2977" alt="topic" title="promisers::cf-monitord">
<area shape = "circle" coords="483,296,55" href="knowledge.php?pid=2983" alt="topic" title="promisers::cf-report">
<area shape = "circle" coords="556,240,55" href="knowledge.php?pid=2989" alt="topic" title="promisers::cf-serverd">
<area shape = "circle" coords="666,243,38" href="knowledge.php?pid=3273" alt="topic" title="promisers::/usr/sbin/apache2.*">
<area shape = "circle" coords="698,92,30" href="knowledge.php?pid=3272" alt="topic" title="class_contexts::debian.off">
<area shape = "circle" coords="481,70,38" href="knowledge.php?pid=3334" alt="topic" title="class_contexts::debian">
<area shape = "circle" coords="574,157,33" href="knowledge.php?pid=3275" alt="topic" title="handles::cfengine_web_server_processes_apache_off_debian">
<area shape = "circle" coords="454,145,55" href="knowledge.php?pid=982" alt="topic" title="promise_theory::promise-type">
<area shape = "circle" coords="356,177,55" href="knowledge.php?pid=2684" alt="topic" title="body_constraints::process_select">
<area shape = "circle" coords="289,117,55" href="knowledge.php?pid=2704" alt="topic" title="body_constraints::restart_class">
<area shape = "circle" coords="244,186,55" href="knowledge.php?pid=2960" alt="topic" title="bundles::cfengine_processes">
<area shape = "circle" coords="137,171,55" href="knowledge.php?pid=2974" alt="topic" title="promisers::cf-know">
<area shape = "circle" coords="166,244,55" href="knowledge.php?pid=2980" alt="topic" title="promisers::cf-promises">
<area shape = "circle" coords="70,279,55" href="knowledge.php?pid=2986" alt="topic" title="promisers::cf-runagent">
<area shape = "circle" coords="159,322,55" href="knowledge.php?pid=2992" alt="topic" title="promisers::cf-hub">
<area shape = "circle" coords="318,289,52" href="knowledge.php?pid=2678" alt="topic" title="promise_types::processes">
<area shape = "circle" coords="52,427,55" href="knowledge.php?pid=837" alt="topic" title="cfengine_components::cfengine 2">
</map>
