<img src="graphs/329.png" USEMAP="#knowledge_system" alt="body_constraints::replace_with image pending">
<map name="knowledge_system">
<area shape = "circle" coords="401,500,30" href="knowledge.php?pid=827" alt="topic" title="promise_theory::promise-type">
<area shape = "circle" coords="641,359,30" href="knowledge.php?pid=692" alt="topic" title="cfengine_components::cfengine 3">
<area shape = "circle" coords="595,189,30" href="knowledge.php?pid=331" alt="topic" title="body_constraints::replace_value">
<area shape = "circle" coords="259,113,30" href="knowledge.php?pid=328" alt="topic" title="promise_types::replace_patterns">
<area shape = "circle" coords="397,221,30" href="knowledge.php?pid=329" alt="topic" title="body_constraints::replace_with">
<area shape = "circle" coords="88,234,30" href="knowledge.php?pid=842" alt="topic" title="promise_theory::topic-instances">
<area shape = "circle" coords="336,361,30" href="knowledge.php?pid=844" alt="topic" title="promise_theory::occurrences">
<area shape = "circle" coords="52,514,55" href="knowledge.php?pid=851" alt="topic" title="promise_theory::versions">
</map>
