<img src="graphs/3309.png" USEMAP="#knowledge_system" alt="class_contexts::have_selinux image pending">
<map name="knowledge_system">
<area shape = "circle" coords="234,397,55" href="knowledge.php?pid=3046" alt="topic" title="bundles::cfengine_php_mod">
<area shape = "circle" coords="276,461,55" href="knowledge.php?pid=982" alt="topic" title="promise_theory::promise-type">
<area shape = "circle" coords="355,411,55" href="knowledge.php?pid=3166" alt="topic" title="handles::cfengine_php_mod_commands_httpd_redhat">
<area shape = "circle" coords="458,441,55" href="knowledge.php?pid=2443" alt="topic" title="body_constraints::contain">
<area shape = "circle" coords="460,372,55" href="knowledge.php?pid=3170" alt="topic" title="handles::cfengine_php_mod_commands_apache2_debian">
<area shape = "circle" coords="570,352,55" href="knowledge.php?pid=2960" alt="topic" title="bundles::cfengine_processes">
<area shape = "circle" coords="494,299,55" href="knowledge.php?pid=3216" alt="topic" title="promisers::/usr/sbin/a2enmod php5 ssl">
<area shape = "circle" coords="554,238,55" href="knowledge.php?pid=3001" alt="topic" title="handles::cfengine_processes_commands_cf_execd">
<area shape = "circle" coords="664,226,38" href="knowledge.php?pid=3278" alt="topic" title="class_contexts::web_servers.have_selinux">
<area shape = "circle" coords="655,87,30" href="knowledge.php?pid=3309" alt="topic" title="class_contexts::have_selinux">
<area shape = "circle" coords="431,92,38" href="knowledge.php?pid=3279" alt="topic" title="promisers::/usr/sbin/setenforce 0">
<area shape = "circle" coords="547,159,33" href="knowledge.php?pid=3281" alt="topic" title="handles::cfengine_web_server_commands_set_selinux">
<area shape = "circle" coords="419,161,55" href="knowledge.php?pid=3164" alt="topic" title="promisers::/etc/init.d/httpd restart">
<area shape = "circle" coords="326,203,55" href="knowledge.php?pid=2442" alt="topic" title="body_constraints::args">
<area shape = "circle" coords="234,160,55" href="knowledge.php?pid=3168" alt="topic" title="promisers::/etc/init.d/apache2 restart">
<area shape = "circle" coords="211,230,55" href="knowledge.php?pid=2864" alt="topic" title="manual::module">
<area shape = "circle" coords="97,237,55" href="knowledge.php?pid=3174" alt="topic" title="bundles::cfengine_policysrv">
<area shape = "circle" coords="156,297,55" href="knowledge.php?pid=2999" alt="topic" title="promisers::"/var/cfengine/bin/cf-execd"">
<area shape = "circle" coords="79,350,55" href="knowledge.php?pid=3218" alt="topic" title="handles::cfengine_policysrv_commands_a2enmod_debian">
<area shape = "circle" coords="325,308,52" href="knowledge.php?pid=2441" alt="topic" title="promise_types::commands">
<area shape = "circle" coords="52,433,55" href="knowledge.php?pid=838" alt="topic" title="cfengine_components::cfengine 3">
</map>
