<img src="graphs/3322.png" USEMAP="#knowledge_system" alt="class_contexts::redhat image pending">
<map name="knowledge_system">
<area shape = "circle" coords="123,479,37" href="knowledge.php?pid=907" alt="topic" title="operating_systems::suse">
<area shape = "circle" coords="165,421,33" href="knowledge.php?pid=2830" alt="topic" title="commands_and_tools::yum">
<area shape = "circle" coords="201,468,55" href="knowledge.php?pid=3181" alt="topic" title="handles::cfengine_policysrv_vars_match_package_redhat">
<area shape = "circle" coords="245,427,55" href="knowledge.php?pid=3250" alt="topic" title="handles::cfengine_web_server_processes_httpd_on_redhat">
<area shape = "circle" coords="316,432,55" href="knowledge.php?pid=3325" alt="topic" title="handles::cfengine_editor_vars_web_owner_redhat">
<area shape = "circle" coords="299,381,55" href="knowledge.php?pid=3682" alt="topic" title="handles::knowledge_vars_flavour_redhat">
<area shape = "circle" coords="348,342,55" href="knowledge.php?pid=3712" alt="topic" title="handles::knowledge_files_doc_root_redhat">
<area shape = "circle" coords="495,309,47" href="knowledge.php?pid=912" alt="topic" title="operating_systems::slackware">
<area shape = "circle" coords="616,299,47" href="knowledge.php?pid=904" alt="topic" title="operating_systems::distro">
<area shape = "circle" coords="700,233,47" href="knowledge.php?pid=3019" alt="topic" title="handles::cfengine_enable_vars_rc_files">
<area shape = "circle" coords="707,143,47" href="knowledge.php?pid=909" alt="topic" title="operating_systems::fedora">
<area shape = "circle" coords="634,71,47" href="knowledge.php?pid=893" alt="topic" title="operating_systems::gnu/linux">
<area shape = "circle" coords="515,50,47" href="knowledge.php?pid=913" alt="topic" title="operating_systems::gentoo">
<area shape = "circle" coords="406,90,47" href="knowledge.php?pid=908" alt="topic" title="operating_systems::ubuntu">
<area shape = "circle" coords="358,173,47" href="knowledge.php?pid=3045" alt="topic" title="handles::cfengine_enable_files_rc_files">
<area shape = "circle" coords="536,181,43" href="knowledge.php?pid=3016" alt="topic" title="class_contexts::linux">
<area shape = "circle" coords="268,275,32" href="knowledge.php?pid=2833" alt="topic" title="commands_and_tools::rpm">
<area shape = "circle" coords="209,292,55" href="knowledge.php?pid=3205" alt="topic" title="handles::cfengine_policysrv_packages_install_package_redhat">
<area shape = "circle" coords="148,265,55" href="knowledge.php?pid=3253" alt="topic" title="handles::cfengine_web_server_processes_mysqld_on_redhat">
<area shape = "circle" coords="133,316,55" href="knowledge.php?pid=3328" alt="topic" title="handles::cfengine_editor_vars_web_group_redhat">
<area shape = "circle" coords="67,335,55" href="knowledge.php?pid=3710" alt="topic" title="handles::knowledge_files_mysql_sock_redhat">
<area shape = "circle" coords="112,376,55" href="knowledge.php?pid=3714" alt="topic" title="handles::knowledge_files_cfagent_dir_redhat">
<area shape = "circle" coords="206,362,52" href="knowledge.php?pid=3322" alt="topic" title="class_contexts::redhat">
<area shape = "circle" coords="52,447,55" href="knowledge.php?pid=3166" alt="topic" title="handles::cfengine_php_mod_commands_httpd_redhat">
</map>
