<img src="graphs/3386.png" USEMAP="#knowledge_system" alt="promisers::/var/cfengine/master_software_updates/debian_5_x86_64/. image pending">
<map name="knowledge_system">
<area shape = "circle" coords="282,383,30" href="knowledge.php?pid=2517" alt="topic" title="body_constraints::delete">
<area shape = "circle" coords="299,453,30" href="knowledge.php?pid=14" alt="topic" title="system_reports::file_changes report">
<area shape = "circle" coords="375,405,30" href="knowledge.php?pid=2531" alt="topic" title="body_constraints::edit_line">
<area shape = "circle" coords="446,456,30" href="knowledge.php?pid=26" alt="topic" title="system_reports::setuid report">
<area shape = "circle" coords="470,388,30" href="knowledge.php?pid=2533" alt="topic" title="body_constraints::edit_defaults">
<area shape = "circle" coords="571,402,30" href="knowledge.php?pid=837" alt="topic" title="cfengine_components::cfengine 2">
<area shape = "circle" coords="533,336,30" href="knowledge.php?pid=2551" alt="topic" title="body_constraints::link_from">
<area shape = "circle" coords="629,309,30" href="knowledge.php?pid=982" alt="topic" title="promise_theory::promise-type">
<area shape = "circle" coords="544,268,30" href="knowledge.php?pid=2561" alt="topic" title="body_constraints::pathtype">
<area shape = "circle" coords="601,208,30" href="knowledge.php?pid=2487" alt="topic" title="body_constraints::copy_from">
<area shape = "circle" coords="659,237,30" href="knowledge.php?pid=3394" alt="topic" title="handles::cfengine_update_folders_files_create_dirs">
<area shape = "circle" coords="454,97,30" href="knowledge.php?pid=3355" alt="topic" title="bundles::cfengine_update_folders">
<area shape = "circle" coords="498,208,30" href="knowledge.php?pid=3386" alt="topic" title="promisers::/var/cfengine/master_software_updates/debian_5_x86_64/.">
<area shape = "circle" coords="496,137,30" href="knowledge.php?pid=2518" alt="topic" title="body_constraints::depth_search">
<area shape = "circle" coords="411,176,30" href="knowledge.php?pid=15" alt="topic" title="system_reports::file_diffs report">
<area shape = "circle" coords="351,118,30" href="knowledge.php?pid=2532" alt="topic" title="body_constraints::edit_xml">
<area shape = "circle" coords="313,184,30" href="knowledge.php?pid=29" alt="topic" title="system_reports::hashes report">
<area shape = "circle" coords="216,159,30" href="knowledge.php?pid=2538" alt="topic" title="body_constraints::file_select">
<area shape = "circle" coords="239,229,30" href="knowledge.php?pid=838" alt="topic" title="cfengine_components::cfengine 3">
<area shape = "circle" coords="139,246,30" href="knowledge.php?pid=2560" alt="topic" title="body_constraints::move_obstructions">
<area shape = "circle" coords="214,295,30" href="knowledge.php?pid=2483" alt="topic" title="body_constraints::changes">
<area shape = "circle" coords="145,348,30" href="knowledge.php?pid=2562" alt="topic" title="body_constraints::perms">
<area shape = "circle" coords="380,290,30" href="knowledge.php?pid=2481" alt="topic" title="promise_types::files">
<area shape = "circle" coords="147,410,55" href="knowledge.php?pid=2516" alt="topic" title="body_constraints::create">
</map>
