<img src="graphs/3477.png" USEMAP="#knowledge_system" alt="promises::update_bins_packages_package_update image pending">
<map name="knowledge_system">
<area shape = "circle" coords="202,412,55" href="knowledge.php?pid=3197" alt="topic" title="promises::cfengine_policysrv_packages_install_package_suse">
<area shape = "circle" coords="226,468,55" href="knowledge.php?pid=20" alt="topic" title="system_reports::patches available report">
<area shape = "circle" coords="293,428,55" href="knowledge.php?pid=2677" alt="topic" title="body_constraints::package_version">
<area shape = "circle" coords="367,463,55" href="knowledge.php?pid=837" alt="topic" title="cfengine_components::cfengine 2">
<area shape = "circle" coords="380,405,55" href="knowledge.php?pid=3174" alt="topic" title="bundles::cfengine_policysrv">
<area shape = "circle" coords="473,405,55" href="knowledge.php?pid=982" alt="topic" title="promise_theory::promise-type">
<area shape = "circle" coords="426,353,55" href="knowledge.php?pid=3189" alt="topic" title="promisers::mysql-server">
<area shape = "circle" coords="499,317,55" href="knowledge.php?pid=2638" alt="topic" title="body_constraints::package_method">
<area shape = "circle" coords="413,294,55" href="knowledge.php?pid=3195" alt="topic" title="promisers::ssl-cert">
<area shape = "circle" coords="572,322,38" href="knowledge.php?pid=3488" alt="topic" title="class_contexts::bin_update_success">
<area shape = "circle" coords="676,186,30" href="knowledge.php?pid=3474" alt="topic" title="promisers::cfengine-nova">
<area shape = "circle" coords="505,81,30" href="knowledge.php?pid=3454" alt="topic" title="class_contexts::bin_newpkg">
<area shape = "circle" coords="295,153,38" href="knowledge.php?pid=3492" alt="topic" title="class_contexts::bin_update_fail">
<area shape = "circle" coords="477,209,33" href="knowledge.php?pid=3477" alt="topic" title="promises::update_bins_packages_package_update">
<area shape = "circle" coords="345,253,55" href="knowledge.php?pid=2676" alt="topic" title="body_constraints::package_select">
<area shape = "circle" coords="307,199,55" href="knowledge.php?pid=25" alt="topic" title="system_reports::software installed report">
<area shape = "circle" coords="252,247,55" href="knowledge.php?pid=2903" alt="topic" title="management_issues::patch management">
<area shape = "circle" coords="169,219,55" href="knowledge.php?pid=943" alt="topic" title="BDMA::deploy">
<area shape = "circle" coords="172,278,55" href="knowledge.php?pid=3185" alt="topic" title="promisers::apache2">
<area shape = "circle" coords="80,289,55" href="knowledge.php?pid=2637" alt="topic" title="body_constraints::package_architectures">
<area shape = "circle" coords="140,334,55" href="knowledge.php?pid=3192" alt="topic" title="promisers::php5">
<area shape = "circle" coords="77,378,55" href="knowledge.php?pid=2675" alt="topic" title="body_constraints::package_policy">
<area shape = "circle" coords="284,336,52" href="knowledge.php?pid=2636" alt="topic" title="promise_types::packages">
<area shape = "circle" coords="52,446,55" href="knowledge.php?pid=19" alt="topic" title="system_reports::patches installed report">
</map>
