<img src="graphs/3482.png" USEMAP="#knowledge_system" alt="class_contexts::bin_newpkg.windows image pending">
<map name="knowledge_system">
<area shape = "circle" coords="217,413,55" href="knowledge.php?pid=2707" alt="topic" title="body_constraints::service_policy">
<area shape = "circle" coords="295,467,55" href="knowledge.php?pid=2709" alt="topic" title="body_constraints::service_method">
<area shape = "circle" coords="353,402,55" href="knowledge.php?pid=2960" alt="topic" title="bundles::cfengine_processes">
<area shape = "circle" coords="460,382,55" href="knowledge.php?pid=3007" alt="topic" title="handles::cfengine_processes_services_start_cf_execd_windows">
<area shape = "circle" coords="407,314,55" href="knowledge.php?pid=3496" alt="topic" title="bundles::update">
<area shape = "circle" coords="550,339,42" href="knowledge.php?pid=3003" alt="topic" title="promisers::CfengineNovaExec">
<area shape = "circle" coords="680,210,30" href="knowledge.php?pid=3482" alt="topic" title="class_contexts::bin_newpkg.windows">
<area shape = "circle" coords="546,83,38" href="knowledge.php?pid=2964" alt="topic" title="class_contexts::windows">
<area shape = "circle" coords="332,134,42" href="knowledge.php?pid=3454" alt="topic" title="class_contexts::bin_newpkg">
<area shape = "circle" coords="488,211,36" href="knowledge.php?pid=3484" alt="topic" title="handles::update_bins_services_stop_cf_execd_windows">
<area shape = "circle" coords="326,237,55" href="knowledge.php?pid=2708" alt="topic" title="body_constraints::service_dependencies">
<area shape = "circle" coords="248,182,55" href="knowledge.php?pid=2852" alt="topic" title="knowledge_model::service catalogue">
<area shape = "circle" coords="190,248,55" href="knowledge.php?pid=3005" alt="topic" title="handles::cfengine_processes_services_stop_cf_execd_windows">
<area shape = "circle" coords="83,268,55" href="knowledge.php?pid=3427" alt="topic" title="bundles::update_bins">
<area shape = "circle" coords="136,336,55" href="knowledge.php?pid=3552" alt="topic" title="handles::update_services_windows_executor">
<area shape = "circle" coords="272,325,52" href="knowledge.php?pid=2706" alt="topic" title="promise_types::services">
<area shape = "circle" coords="52,439,55" href="knowledge.php?pid=2392" alt="topic" title="system_policy::promises">
</map>
