<img src="graphs/3539.png" USEMAP="#knowledge_system" alt="promisers::/var/cfengine/bin/mongod --fork --logpath /var/log/mongod.log --dbpath /var/cfengine/state > /dev/null < /dev/null 2>&1 image pending">
<map name="knowledge_system">
<area shape = "circle" coords="282,383,30" href="knowledge.php?pid=3164" alt="topic" title="promisers::/etc/init.d/httpd restart">
<area shape = "circle" coords="299,453,30" href="knowledge.php?pid=838" alt="topic" title="cfengine_components::cfengine 3">
<area shape = "circle" coords="375,405,30" href="knowledge.php?pid=3170" alt="topic" title="handles::cfengine_php_mod_commands_apache2_debian">
<area shape = "circle" coords="446,456,30" href="knowledge.php?pid=2442" alt="topic" title="body_constraints::args">
<area shape = "circle" coords="470,388,30" href="knowledge.php?pid=3216" alt="topic" title="promisers::/usr/sbin/a2enmod php5 ssl">
<area shape = "circle" coords="571,402,30" href="knowledge.php?pid=2864" alt="topic" title="manual::module">
<area shape = "circle" coords="533,336,30" href="knowledge.php?pid=3220" alt="topic" title="promisers::/usr/sbin/a2enmod ssl && /usr/sbin/a2enflag SSL && /usr/bin/gensslcert">
<area shape = "circle" coords="629,309,30" href="knowledge.php?pid=2999" alt="topic" title="promisers::"/var/cfengine/bin/cf-execd"">
<area shape = "circle" coords="544,268,30" href="knowledge.php?pid=3237" alt="topic" title="bundles::cfengine_web_server">
<area shape = "circle" coords="601,208,30" href="knowledge.php?pid=3046" alt="topic" title="bundles::cfengine_php_mod">
<area shape = "circle" coords="659,237,30" href="knowledge.php?pid=3541" alt="topic" title="handles::update_commands_start_mongod">
<area shape = "circle" coords="454,97,30" href="knowledge.php?pid=3496" alt="topic" title="bundles::update">
<area shape = "circle" coords="498,208,30" href="knowledge.php?pid=3539" alt="topic" title="promisers::/var/cfengine/bin/mongod --fork --logpath /var/log/mongod.log --dbpath /var/cfengine/state > /dev/null < /dev/null 2>&1">
<area shape = "circle" coords="496,137,30" href="knowledge.php?pid=3168" alt="topic" title="promisers::/etc/init.d/apache2 restart">
<area shape = "circle" coords="411,176,30" href="knowledge.php?pid=982" alt="topic" title="promise_theory::promise-type">
<area shape = "circle" coords="351,118,30" href="knowledge.php?pid=3174" alt="topic" title="bundles::cfengine_policysrv">
<area shape = "circle" coords="313,184,30" href="knowledge.php?pid=2443" alt="topic" title="body_constraints::contain">
<area shape = "circle" coords="216,159,30" href="knowledge.php?pid=3218" alt="topic" title="handles::cfengine_policysrv_commands_a2enmod_debian">
<area shape = "circle" coords="239,229,30" href="knowledge.php?pid=2960" alt="topic" title="bundles::cfengine_processes">
<area shape = "circle" coords="139,246,30" href="knowledge.php?pid=3224" alt="topic" title="promisers::/usr/sbin/a2ensite ssl">
<area shape = "circle" coords="214,295,30" href="knowledge.php?pid=3001" alt="topic" title="handles::cfengine_processes_commands_cf_execd">
<area shape = "circle" coords="145,348,30" href="knowledge.php?pid=3279" alt="topic" title="promisers::/usr/sbin/setenforce 0">
<area shape = "circle" coords="380,290,30" href="knowledge.php?pid=2441" alt="topic" title="promise_types::commands">
<area shape = "circle" coords="147,410,55" href="knowledge.php?pid=3166" alt="topic" title="handles::cfengine_php_mod_commands_httpd_redhat">
</map>
