<img src="graphs/3561.png" USEMAP="#knowledge_system" alt="promises::update_files_inputs_dir image pending">
<map name="knowledge_system">
<area shape = "circle" coords="215,386,55" href="knowledge.php?pid=15" alt="topic" title="system_reports::file_diffs report">
<area shape = "circle" coords="246,457,55" href="knowledge.php?pid=29" alt="topic" title="system_reports::hashes report">
<area shape = "circle" coords="317,404,55" href="knowledge.php?pid=838" alt="topic" title="cfengine_components::cfengine 3">
<area shape = "circle" coords="403,443,55" href="knowledge.php?pid=2483" alt="topic" title="body_constraints::changes">
<area shape = "circle" coords="412,369,55" href="knowledge.php?pid=2516" alt="topic" title="body_constraints::create">
<area shape = "circle" coords="512,358,55" href="knowledge.php?pid=2518" alt="topic" title="body_constraints::depth_search">
<area shape = "circle" coords="454,296,55" href="knowledge.php?pid=2532" alt="topic" title="body_constraints::edit_xml">
<area shape = "circle" coords="521,240,55" href="knowledge.php?pid=2538" alt="topic" title="body_constraints::file_select">
<area shape = "circle" coords="556,263,30" href="knowledge.php?pid=3509" alt="topic" title="class_contexts::am_policy_hub">
<area shape = "circle" coords="672,199,39" href="knowledge.php?pid=3557" alt="topic" title="class_contexts::am_policy_hub|validated_updates_ready">
<area shape = "circle" coords="655,92,30" href="knowledge.php?pid=2948" alt="topic" title="handles::grant_access_policy">
<area shape = "circle" coords="523,50,39" href="knowledge.php?pid=3556" alt="topic" title="promises::check_valid_update">
<area shape = "circle" coords="407,114,39" href="knowledge.php?pid=3558" alt="topic" title="promisers::/var/cfengine/inputs">
<area shape = "circle" coords="539,156,34" href="knowledge.php?pid=3561" alt="topic" title="promises::update_files_inputs_dir">
<area shape = "circle" coords="427,145,55" href="knowledge.php?pid=26" alt="topic" title="system_reports::setuid report">
<area shape = "circle" coords="335,178,55" href="knowledge.php?pid=837" alt="topic" title="cfengine_components::cfengine 2">
<area shape = "circle" coords="273,118,55" href="knowledge.php?pid=982" alt="topic" title="promise_theory::promise-type">
<area shape = "circle" coords="230,187,55" href="knowledge.php?pid=2487" alt="topic" title="body_constraints::copy_from">
<area shape = "circle" coords="131,171,55" href="knowledge.php?pid=2517" alt="topic" title="body_constraints::delete">
<area shape = "circle" coords="158,244,55" href="knowledge.php?pid=2531" alt="topic" title="body_constraints::edit_line">
<area shape = "circle" coords="69,280,55" href="knowledge.php?pid=2533" alt="topic" title="body_constraints::edit_defaults">
<area shape = "circle" coords="152,323,55" href="knowledge.php?pid=2551" alt="topic" title="body_constraints::link_from">
<area shape = "circle" coords="300,290,52" href="knowledge.php?pid=2481" alt="topic" title="promise_types::files">
<area shape = "circle" coords="52,427,55" href="knowledge.php?pid=14" alt="topic" title="system_reports::file_changes report">
</map>
