<img src="graphs/3575.png" USEMAP="#knowledge_system" alt="promisers::$(lines) image pending">
<map name="knowledge_system">
<area shape = "circle" coords="270,381,55" href="knowledge.php?pid=3600" alt="topic" title="promises::promise_cfengine_stdlib_cf_150">
<area shape = "circle" coords="292,454,55" href="knowledge.php?pid=2603" alt="topic" title="body_constraints::insert_type">
<area shape = "circle" coords="390,405,55" href="knowledge.php?pid=3606" alt="topic" title="promisers::search $(search)">
<area shape = "circle" coords="482,458,55" href="knowledge.php?pid=2615" alt="topic" title="body_constraints::location">
<area shape = "circle" coords="512,386,55" href="knowledge.php?pid=3608" alt="topic" title="promisers::nameserver $(list)">
<area shape = "circle" coords="642,401,55" href="knowledge.php?pid=3595" alt="topic" title="bundles::append_if_no_line">
<area shape = "circle" coords="594,332,55" href="knowledge.php?pid=3610" alt="topic" title="bundles::set_variable_values">
<area shape = "circle" coords="717,304,55" href="knowledge.php?pid=3597" alt="topic" title="promises::promise_cfengine_stdlib_cf_139">
<area shape = "circle" coords="608,261,55" href="knowledge.php?pid=3618" alt="topic" title="promises::promise_cfengine_stdlib_cf_208">
<area shape = "circle" coords="681,199,55" href="knowledge.php?pid=3599" alt="topic" title="promisers::$(list)">
<area shape = "circle" coords="732,233,30" href="knowledge.php?pid=3577" alt="topic" title="promises::promise_cfengine_stdlib_cf_43">
<area shape = "circle" coords="485,95,30" href="knowledge.php?pid=3574" alt="topic" title="bundles::insert_lines">
<area shape = "circle" coords="538,204,32" href="knowledge.php?pid=3575" alt="topic" title="promisers::$(lines)">
<area shape = "circle" coords="546,124,55" href="knowledge.php?pid=3601" alt="topic" title="bundles::resolvconf">
<area shape = "circle" coords="436,165,55" href="knowledge.php?pid=2604" alt="topic" title="body_constraints::insert_select">
<area shape = "circle" coords="359,104,55" href="knowledge.php?pid=3607" alt="topic" title="promises::promise_cfengine_stdlib_cf_168">
<area shape = "circle" coords="310,174,55" href="knowledge.php?pid=2616" alt="topic" title="body_constraints::whitespace_policy">
<area shape = "circle" coords="186,147,55" href="knowledge.php?pid=3609" alt="topic" title="promises::promise_cfengine_stdlib_cf_169">
<area shape = "circle" coords="215,220,55" href="knowledge.php?pid=3596" alt="topic" title="promisers::$(str)">
<area shape = "circle" coords="85,238,55" href="knowledge.php?pid=3617" alt="topic" title="promisers::$(index)=$($(v)[$(index)])">
<area shape = "circle" coords="182,289,55" href="knowledge.php?pid=3598" alt="topic" title="bundles::append_if_no_lines">
<area shape = "circle" coords="93,344,55" href="knowledge.php?pid=3619" alt="topic" title="bundles::append_users_starting">
<area shape = "circle" coords="397,284,52" href="knowledge.php?pid=3576" alt="topic" title="promise_types::insert_lines">
<area shape = "circle" coords="52,428,55" href="knowledge.php?pid=2602" alt="topic" title="body_constraints::expand_scalars">
</map>
