<img src="graphs/359.png" USEMAP="#knowledge_system" alt="body_constraints::package_list_arch_regex image pending">
<map name="knowledge_system">
<area shape = "circle" coords="282,357,32" href="knowledge.php?pid=69" alt="topic" title="body_constraints::friend_pattern">
<area shape = "circle" coords="290,446,55" href="knowledge.php?pid=88" alt="topic" title="body_constraints::log_kept">
<area shape = "circle" coords="390,391,55" href="knowledge.php?pid=92" alt="topic" title="body_constraints::log_failed">
<area shape = "circle" coords="475,454,55" href="knowledge.php?pid=114" alt="topic" title="body_constraints::select_start">
<area shape = "circle" coords="511,375,55" href="knowledge.php?pid=118" alt="topic" title="body_constraints::args">
<area shape = "circle" coords="639,400,55" href="knowledge.php?pid=125" alt="topic" title="body_constraints::exec_group">
<area shape = "circle" coords="599,321,55" href="knowledge.php?pid=140" alt="topic" title="body_constraints::db_server_password">
<area shape = "circle" coords="729,299,55" href="knowledge.php?pid=145" alt="topic" title="body_constraints::db_server_connection_db">
<area shape = "circle" coords="626,246,55" href="knowledge.php?pid=150" alt="topic" title="body_constraints::registry_exclude">
<area shape = "circle" coords="716,184,55" href="knowledge.php?pid=178" alt="topic" title="body_constraints::linkcopy_patterns">
<area shape = "circle" coords="737,102,30" href="knowledge.php?pid=341" alt="topic" title="body_constraints::package_method">
<area shape = "circle" coords="571,179,32" href="knowledge.php?pid=359" alt="topic" title="body_constraints::package_list_arch_regex">
<area shape = "circle" coords="605,91,55" href="knowledge.php?pid=85" alt="topic" title="body_constraints::log_string">
<area shape = "circle" coords="484,127,55" href="knowledge.php?pid=90" alt="topic" title="body_constraints::log_repaired">
<area shape = "circle" coords="430,51,55" href="knowledge.php?pid=99" alt="topic" title="body_constraints::measurement_class">
<area shape = "circle" coords="360,121,55" href="knowledge.php?pid=116" alt="topic" title="body_constraints::select_end">
<area shape = "circle" coords="248,75,55" href="knowledge.php?pid=123" alt="topic" title="body_constraints::exec_owner">
<area shape = "circle" coords="251,158,55" href="knowledge.php?pid=138" alt="topic" title="body_constraints::db_server_owner">
<area shape = "circle" coords="116,156,55" href="knowledge.php?pid=142" alt="topic" title="body_constraints::db_server_host">
<area shape = "circle" coords="191,226,55" href="knowledge.php?pid=148" alt="topic" title="body_constraints::database_columns">
<area shape = "circle" coords="76,269,55" href="knowledge.php?pid=174" alt="topic" title="body_constraints::copylink_patterns">
<area shape = "circle" coords="199,302,55" href="knowledge.php?pid=205" alt="topic" title="body_constraints::exclude_dirs">
<area shape = "circle" coords="406,255,52" href="knowledge.php?pid=51" alt="topic" title="values::an arbitrary string">
<area shape = "circle" coords="52,418,55" href="knowledge.php?pid=77" alt="topic" title="body_constraints::showstate">
</map>
