<img src="graphs/3598.png" USEMAP="#knowledge_system" alt="bundles::append_if_no_lines image pending">
<map name="knowledge_system">
<area shape = "circle" coords="282,357,32" href="knowledge.php?pid=2602" alt="topic" title="body_constraints::expand_scalars">
<area shape = "circle" coords="290,446,55" href="knowledge.php?pid=2615" alt="topic" title="body_constraints::location">
<area shape = "circle" coords="390,391,55" href="knowledge.php?pid=3575" alt="topic" title="promisers::$(lines)">
<area shape = "circle" coords="475,454,55" href="knowledge.php?pid=3595" alt="topic" title="bundles::append_if_no_line">
<area shape = "circle" coords="511,375,55" href="knowledge.php?pid=3597" alt="topic" title="promises::promise_cfengine_stdlib_cf_139">
<area shape = "circle" coords="639,400,55" href="knowledge.php?pid=3601" alt="topic" title="bundles::resolvconf">
<area shape = "circle" coords="599,321,55" href="knowledge.php?pid=3607" alt="topic" title="promises::promise_cfengine_stdlib_cf_168">
<area shape = "circle" coords="729,299,55" href="knowledge.php?pid=3609" alt="topic" title="promises::promise_cfengine_stdlib_cf_169">
<area shape = "circle" coords="626,246,55" href="knowledge.php?pid=3617" alt="topic" title="promisers::$(index)=$($(v)[$(index)])">
<area shape = "circle" coords="716,184,55" href="knowledge.php?pid=3619" alt="topic" title="bundles::append_users_starting">
<area shape = "circle" coords="737,102,30" href="knowledge.php?pid=3599" alt="topic" title="promisers::$(list)">
<area shape = "circle" coords="571,179,32" href="knowledge.php?pid=3598" alt="topic" title="bundles::append_if_no_lines">
<area shape = "circle" coords="605,91,55" href="knowledge.php?pid=2604" alt="topic" title="body_constraints::insert_select">
<area shape = "circle" coords="484,127,55" href="knowledge.php?pid=2616" alt="topic" title="body_constraints::whitespace_policy">
<area shape = "circle" coords="430,51,55" href="knowledge.php?pid=3577" alt="topic" title="promises::promise_cfengine_stdlib_cf_43">
<area shape = "circle" coords="360,121,55" href="knowledge.php?pid=3596" alt="topic" title="promisers::$(str)">
<area shape = "circle" coords="248,75,55" href="knowledge.php?pid=3600" alt="topic" title="promises::promise_cfengine_stdlib_cf_150">
<area shape = "circle" coords="251,158,55" href="knowledge.php?pid=3606" alt="topic" title="promisers::search $(search)">
<area shape = "circle" coords="116,156,55" href="knowledge.php?pid=3608" alt="topic" title="promisers::nameserver $(list)">
<area shape = "circle" coords="191,226,55" href="knowledge.php?pid=3610" alt="topic" title="bundles::set_variable_values">
<area shape = "circle" coords="76,269,55" href="knowledge.php?pid=3618" alt="topic" title="promises::promise_cfengine_stdlib_cf_208">
<area shape = "circle" coords="199,302,55" href="knowledge.php?pid=3621" alt="topic" title="promisers::$($(v)[$(index)])">
<area shape = "circle" coords="406,255,52" href="knowledge.php?pid=3576" alt="topic" title="promise_types::insert_lines">
<area shape = "circle" coords="52,418,55" href="knowledge.php?pid=2603" alt="topic" title="body_constraints::insert_type">
</map>
