<img src="graphs/3610.png" USEMAP="#knowledge_system" alt="bundles::set_variable_values image pending">
<map name="knowledge_system">
<area shape = "circle" coords="181,443,55" href="knowledge.php?pid=3626" alt="topic" title="bundles::set_user_field">
<area shape = "circle" coords="235,481,55" href="knowledge.php?pid=3313" alt="topic" title="bundles::fixapache">
<area shape = "circle" coords="283,441,55" href="knowledge.php?pid=3628" alt="topic" title="promises::promise_cfengine_stdlib_cf_275">
<area shape = "circle" coords="368,437,55" href="knowledge.php?pid=3319" alt="topic" title="promises::promise_cfengine_cf_807">
<area shape = "circle" coords="338,390,55" href="knowledge.php?pid=3632" alt="topic" title="promisers::$(group):.*">
<area shape = "circle" coords="381,347,55" href="knowledge.php?pid=3616" alt="topic" title="promises::promise_cfengine_stdlib_cf_202">
<area shape = "circle" coords="552,303,43" href="knowledge.php?pid=3617" alt="topic" title="promisers::$(index)=$($(v)[$(index)])">
<area shape = "circle" coords="693,239,30" href="knowledge.php?pid=3576" alt="topic" title="promise_types::insert_lines">
<area shape = "circle" coords="696,134,43" href="knowledge.php?pid=3615" alt="topic" title="promisers::\s*$(index)\s*=.*">
<area shape = "circle" coords="559,67,33" href="knowledge.php?pid=2394" alt="topic" title="promise_types::vars">
<area shape = "circle" coords="384,89,43" href="knowledge.php?pid=3613" alt="topic" title="promisers::cindex[$(index)]">
<area shape = "circle" coords="304,182,43" href="knowledge.php?pid=3611" alt="topic" title="promisers::index">
<area shape = "circle" coords="510,184,37" href="knowledge.php?pid=3610" alt="topic" title="bundles::set_variable_values">
<area shape = "circle" coords="262,290,55" href="knowledge.php?pid=3627" alt="topic" title="promisers::$(user):.*">
<area shape = "circle" coords="198,323,55" href="knowledge.php?pid=3318" alt="topic" title="promisers::APACHE_MODULES=.*">
<area shape = "circle" coords="115,315,55" href="knowledge.php?pid=3629" alt="topic" title="bundles::append_user_field">
<area shape = "circle" coords="124,364,55" href="knowledge.php?pid=3320" alt="topic" title="promises::promise_cfengine_cf_814">
<area shape = "circle" coords="65,400,55" href="knowledge.php?pid=3633" alt="topic" title="promises::promise_cfengine_stdlib_cf_295">
<area shape = "circle" coords="229,385,52" href="knowledge.php?pid=349" alt="topic" title="promise_types::field_edits">
<area shape = "circle" coords="52,462,55" href="knowledge.php?pid=2617" alt="topic" title="body_constraints::edit_field">
</map>
