<img src="graphs/3622.png" USEMAP="#knowledge_system" alt="promises::promise_cfengine_stdlib_cf_232 image pending">
<map name="knowledge_system">
<area shape = "circle" coords="270,381,55" href="knowledge.php?pid=2944" alt="topic" title="handles::common_def_vars_dir_software">
<area shape = "circle" coords="292,454,55" href="knowledge.php?pid=2907" alt="topic" title="bundles::cfengine_management">
<area shape = "circle" coords="390,405,55" href="knowledge.php?pid=2950" alt="topic" title="promises::promise_promises_cf_206">
<area shape = "circle" coords="482,458,55" href="knowledge.php?pid=2919" alt="topic" title="promises::promise_promises_cf_63">
<area shape = "circle" coords="512,386,55" href="knowledge.php?pid=2959" alt="topic" title="handles::grant_access_datafiles">
<area shape = "circle" coords="642,401,55" href="knowledge.php?pid=2928" alt="topic" title="promises::promise_promises_cf_82">
<area shape = "circle" coords="594,332,55" href="knowledge.php?pid=3240" alt="topic" title="handles::cfengine_web_server_vars_start_type">
<area shape = "circle" coords="717,304,55" href="knowledge.php?pid=2935" alt="topic" title="handles::common_def_vars_acl">
<area shape = "circle" coords="608,261,55" href="knowledge.php?pid=3317" alt="topic" title="promises::promise_cfengine_cf_790">
<area shape = "circle" coords="681,199,55" href="knowledge.php?pid=2941" alt="topic" title="handles::common_def_vars_dir_reports">
<area shape = "circle" coords="732,233,30" href="knowledge.php?pid=3621" alt="topic" title="promisers::$($(v)[$(index)])">
<area shape = "circle" coords="485,95,30" href="knowledge.php?pid=3576" alt="topic" title="promise_types::insert_lines">
<area shape = "circle" coords="538,204,32" href="knowledge.php?pid=3622" alt="topic" title="promises::promise_cfengine_stdlib_cf_232">
<area shape = "circle" coords="546,124,55" href="knowledge.php?pid=2948" alt="topic" title="handles::grant_access_policy">
<area shape = "circle" coords="436,165,55" href="knowledge.php?pid=2916" alt="topic" title="promises::promise_promises_cf_62">
<area shape = "circle" coords="359,104,55" href="knowledge.php?pid=2952" alt="topic" title="promises::promise_promises_cf_209">
<area shape = "circle" coords="310,174,55" href="knowledge.php?pid=2924" alt="topic" title="promises::promise_promises_cf_76">
<area shape = "circle" coords="186,147,55" href="knowledge.php?pid=2963" alt="topic" title="handles::cfengine_processes_vars_cf_components">
<area shape = "circle" coords="215,220,55" href="knowledge.php?pid=2932" alt="topic" title="handles::common_def_vars_domain">
<area shape = "circle" coords="85,238,55" href="knowledge.php?pid=3315" alt="topic" title="promises::promise_cfengine_cf_785">
<area shape = "circle" coords="182,289,55" href="knowledge.php?pid=2938" alt="topic" title="handles::common_def_vars_dir_masterfiles">
<area shape = "circle" coords="93,344,55" href="knowledge.php?pid=3319" alt="topic" title="promises::promise_cfengine_cf_807">
<area shape = "circle" coords="397,284,52" href="knowledge.php?pid=2921" alt="topic" title="class_contexts::any">
<area shape = "circle" coords="52,428,55" href="knowledge.php?pid=2632" alt="topic" title="promise_types::methods">
</map>
