<img src="graphs/3652.png" USEMAP="#knowledge_system" alt="bundles::cfengine_setup_knowledge image pending">
<map name="knowledge_system">
<area shape = "circle" coords="279,368,55" href="knowledge.php?pid=3724" alt="topic" title="promisers::/var/cfengine/fonts">
<area shape = "circle" coords="299,441,32" href="knowledge.php?pid=2441" alt="topic" title="promise_types::commands">
<area shape = "circle" coords="394,394,52" href="knowledge.php?pid=3680" alt="topic" title="promisers::flavour">
<area shape = "circle" coords="472,463,52" href="knowledge.php?pid=3547" alt="topic" title="promisers::"/var/cfengine/bin/cf-promises" -r">
<area shape = "circle" coords="512,382,52" href="knowledge.php?pid=3695" alt="topic" title="promisers::/tmp/mysql.sock">
<area shape = "circle" coords="636,415,52" href="knowledge.php?pid=3656" alt="topic" title="promisers::hosts">
<area shape = "circle" coords="604,331,52" href="knowledge.php?pid=3703" alt="topic" title="promisers::/var">
<area shape = "circle" coords="736,318,52" href="knowledge.php?pid=3662" alt="topic" title="promisers::owner[redhat]">
<area shape = "circle" coords="646,258,55" href="knowledge.php?pid=3715" alt="topic" title="promisers::/var/www/docs">
<area shape = "circle" coords="744,202,52" href="knowledge.php?pid=3668" alt="topic" title="promisers::owner[debian]">
<area shape = "circle" coords="618,180,55" href="knowledge.php?pid=3721" alt="topic" title="promisers::/var/www/hub/.">
<area shape = "circle" coords="646,107,32" href="knowledge.php?pid=2394" alt="topic" title="promise_types::vars">
<area shape = "circle" coords="529,127,52" href="knowledge.php?pid=3677" alt="topic" title="promisers::group[debian]">
<area shape = "circle" coords="497,52,32" href="knowledge.php?pid=2481" alt="topic" title="promise_types::files">
<area shape = "circle" coords="413,108,52" href="knowledge.php?pid=3688" alt="topic" title="promisers::/var/www/db_stamp">
<area shape = "circle" coords="320,45,52" href="knowledge.php?pid=3653" alt="topic" title="promisers::config_src">
<area shape = "circle" coords="298,130,52" href="knowledge.php?pid=3698" alt="topic" title="promisers::/var/lib/wwwrun/.cfagent/.">
<area shape = "circle" coords="168,108,52" href="knowledge.php?pid=3659" alt="topic" title="promisers::icons">
<area shape = "circle" coords="213,187,55" href="knowledge.php?pid=3706" alt="topic" title="promisers::/var/www/.cfagent/.">
<area shape = "circle" coords="89,213,52" href="knowledge.php?pid=3665" alt="topic" title="promisers::owner[SuSE]">
<area shape = "circle" coords="191,265,55" href="knowledge.php?pid=3718" alt="topic" title="promisers::/var/www">
<area shape = "circle" coords="106,329,52" href="knowledge.php?pid=3671" alt="topic" title="promisers::group[redhat]">
<area shape = "circle" coords="418,251,52" href="knowledge.php?pid=3652" alt="topic" title="bundles::cfengine_setup_knowledge">
<area shape = "circle" coords="52,427,55" href="knowledge.php?pid=3674" alt="topic" title="promisers::group[SuSE]">
</map>
