<img src="graphs/3743.png" USEMAP="#knowledge_system" alt="promises::knowledge_commands_cf_know_sg image pending">
<map name="knowledge_system">
<area shape = "circle" coords="270,377,30" href="knowledge.php?pid=838" alt="topic" title="cfengine_components::cfengine 3">
<area shape = "circle" coords="301,450,30" href="knowledge.php?pid=2442" alt="topic" title="body_constraints::args">
<area shape = "circle" coords="370,396,30" href="knowledge.php?pid=2864" alt="topic" title="manual::module">
<area shape = "circle" coords="453,436,30" href="knowledge.php?pid=2999" alt="topic" title="promisers::"/var/cfengine/bin/cf-execd"">
<area shape = "circle" coords="461,359,30" href="knowledge.php?pid=3164" alt="topic" title="promisers::/etc/init.d/httpd restart">
<area shape = "circle" coords="558,348,30" href="knowledge.php?pid=3168" alt="topic" title="promisers::/etc/init.d/apache2 restart">
<area shape = "circle" coords="501,284,30" href="knowledge.php?pid=3174" alt="topic" title="bundles::cfengine_policysrv">
<area shape = "circle" coords="567,225,30" href="knowledge.php?pid=3218" alt="topic" title="handles::cfengine_policysrv_commands_a2enmod_debian">
<area shape = "circle" coords="549,288,30" href="knowledge.php?pid=3692" alt="topic" title="class_contexts::kn_update">
<area shape = "circle" coords="669,217,30" href="knowledge.php?pid=3737" alt="topic" title="class_contexts::init_knowledge||(policy_host.kn_update)">
<area shape = "circle" coords="651,98,30" href="knowledge.php?pid=2908" alt="topic" title="class_contexts::policy_host">
<area shape = "circle" coords="514,51,30" href="knowledge.php?pid=3733" alt="topic" title="class_contexts::ensure_km_permissions">
<area shape = "circle" coords="395,122,30" href="knowledge.php?pid=3740" alt="topic" title="promisers::"/var/cfengine/bin/cf-know" -f /var/www/docs/enterprise_build.cf -sg">
<area shape = "circle" coords="532,170,30" href="knowledge.php?pid=3743" alt="topic" title="promises::knowledge_commands_cf_know_sg">
<area shape = "circle" coords="475,127,30" href="knowledge.php?pid=982" alt="topic" title="promise_theory::promise-type">
<area shape = "circle" coords="387,160,30" href="knowledge.php?pid=2443" alt="topic" title="body_constraints::contain">
<area shape = "circle" coords="326,99,30" href="knowledge.php?pid=2960" alt="topic" title="bundles::cfengine_processes">
<area shape = "circle" coords="285,170,30" href="knowledge.php?pid=3046" alt="topic" title="bundles::cfengine_php_mod">
<area shape = "circle" coords="190,154,30" href="knowledge.php?pid=3166" alt="topic" title="handles::cfengine_php_mod_commands_httpd_redhat">
<area shape = "circle" coords="215,229,30" href="knowledge.php?pid=3170" alt="topic" title="handles::cfengine_php_mod_commands_apache2_debian">
<area shape = "circle" coords="130,266,30" href="knowledge.php?pid=3216" alt="topic" title="promisers::/usr/sbin/a2enmod php5 ssl">
<area shape = "circle" coords="210,311,30" href="knowledge.php?pid=3220" alt="topic" title="promisers::/usr/sbin/a2enmod ssl && /usr/sbin/a2enflag SSL && /usr/bin/gensslcert">
<area shape = "circle" coords="352,277,30" href="knowledge.php?pid=2441" alt="topic" title="promise_types::commands">
<area shape = "circle" coords="144,401,55" href="knowledge.php?pid=3001" alt="topic" title="handles::cfengine_processes_commands_cf_execd">
</map>
