<img src="graphs/3752.png" USEMAP="#knowledge_system" alt="synonym::goal_1 image pending">
<map name="knowledge_system">
<area shape = "circle" coords="691,178,38" href="knowledge.php?pid=837" alt="topic" title="cfengine_components::cfengine 2">
<area shape = "circle" coords="635,85,38" href="knowledge.php?pid=2633" alt="topic" title="body_constraints::usebundle">
<area shape = "circle" coords="538,146,38" href="knowledge.php?pid=2909" alt="topic" title="promisers::hub">
<area shape = "circle" coords="425,178,38" href="knowledge.php?pid=2911" alt="topic" title="promises::promise_promises_cf_54">
<area shape = "circle" coords="383,200,31" href="knowledge.php?pid=2920" alt="topic" title="bundles::service_catalogue">
<area shape = "circle" coords="215,196,30" href="knowledge.php?pid=2924" alt="topic" title="promises::promise_promises_cf_76">
<area shape = "circle" coords="108,370,30" href="knowledge.php?pid=2925" alt="topic" title="bundles::change_management">
<area shape = "circle" coords="306,464,31" href="knowledge.php?pid=3751" alt="topic" title="goals::keep core services running">
<area shape = "circle" coords="261,329,30" href="knowledge.php?pid=3752" alt="topic" title="synonym::goal_1">
<area shape = "circle" coords="444,379,31" href="knowledge.php?pid=3754" alt="topic" title="synonym::goal_2">
<area shape = "circle" coords="414,289,30" href="knowledge.php?pid=2922" alt="topic" title="promisers::security">
<area shape = "circle" coords="492,377,38" href="knowledge.php?pid=982" alt="topic" title="promise_theory::promise-type">
<area shape = "circle" coords="607,349,38" href="knowledge.php?pid=2907" alt="topic" title="bundles::cfengine_management">
<area shape = "circle" coords="726,353,38" href="knowledge.php?pid=2910" alt="topic" title="promises::promise_promises_cf_53">
<area shape = "circle" coords="715,248,38" href="knowledge.php?pid=2912" alt="topic" title="promises::promise_promises_cf_55">
<area shape = "circle" coords="593,242,55" href="knowledge.php?pid=2632" alt="topic" title="promise_types::methods">
</map>
