<img src="graphs/38.png" USEMAP="#knowledge_system" alt="system_policy::comments image pending">
<map name="knowledge_system">
<area shape = "circle" coords="584,170,35" href="knowledge.php?pid=265" alt="topic" title="body_constraints::exec_regex">
<area shape = "circle" coords="594,93,35" href="knowledge.php?pid=95" alt="topic" title="body_constraints::value_kept">
<area shape = "circle" coords="510,126,35" href="knowledge.php?pid=273" alt="topic" title="body_constraints::copy_patterns">
<area shape = "circle" coords="464,59,35" href="knowledge.php?pid=129" alt="topic" title="body_constraints::exec_owner">
<area shape = "circle" coords="419,127,35" href="knowledge.php?pid=333" alt="topic" title="body_constraints::insert_if_startwith_from_list">
<area shape = "circle" coords="334,96,35" href="knowledge.php?pid=149" alt="topic" title="body_constraints::db_server_connection_db">
<area shape = "circle" coords="346,172,35" href="knowledge.php?pid=356" alt="topic" title="body_constraints::field_separator">
<area shape = "circle" coords="254,189,35" href="knowledge.php?pid=202" alt="topic" title="body_constraints::linkcopy_patterns">
<area shape = "circle" coords="318,244,35" href="knowledge.php?pid=382" alt="topic" title="body_constraints::package_arch_regex">
<area shape = "circle" coords="256,301,35" href="knowledge.php?pid=257" alt="topic" title="body_constraints::search_owners">
<area shape = "circle" coords="201,270,30" href="knowledge.php?pid=81" alt="topic" title="promise_types::*">
<area shape = "circle" coords="121,456,30" href="knowledge.php?pid=38" alt="topic" title="system_policy::comments">
<area shape = "circle" coords="359,445,30" href="knowledge.php?pid=2734" alt="topic" title="promise_types::topics">
<area shape = "circle" coords="280,357,30" href="knowledge.php?pid=2764" alt="topic" title="values::comment">
<area shape = "circle" coords="338,393,35" href="knowledge.php?pid=269" alt="topic" title="body_constraints::issymlinkto">
<area shape = "circle" coords="422,360,35" href="knowledge.php?pid=106" alt="topic" title="body_constraints::measurement_class">
<area shape = "circle" coords="468,427,35" href="knowledge.php?pid=317" alt="topic" title="body_constraints::delete_if_startwith_from_list">
<area shape = "circle" coords="513,359,35" href="knowledge.php?pid=142" alt="topic" title="body_constraints::db_server_owner">
<area shape = "circle" coords="598,390,35" href="knowledge.php?pid=347" alt="topic" title="body_constraints::select_line_matching">
<area shape = "circle" coords="586,314,35" href="knowledge.php?pid=158" alt="topic" title="body_constraints::env_addresses">
<area shape = "circle" coords="678,297,35" href="knowledge.php?pid=367" alt="topic" title="body_constraints::replace_value">
<area shape = "circle" coords="614,242,35" href="knowledge.php?pid=251" alt="topic" title="body_constraints::leaf_name">
<area shape = "circle" coords="676,185,35" href="knowledge.php?pid=386" alt="topic" title="body_constraints::package_delete_convention">
<area shape = "circle" coords="466,243,55" href="knowledge.php?pid=55" alt="topic" title="values::an arbitrary string">
</map>
