<img src="graphs/388.png" USEMAP="#knowledge_system" alt="body_constraints::package_policy image pending">
<map name="knowledge_system">
<area shape = "circle" coords="695,81,44" href="knowledge.php?pid=51" alt="topic" title="values::an arbitrary string">
<area shape = "circle" coords="463,164,44" href="knowledge.php?pid=342" alt="topic" title="body_constraints::package_add_command">
<area shape = "circle" coords="405,235,55" href="knowledge.php?pid=341" alt="topic" title="body_constraints::package_method">
<area shape = "circle" coords="388,186,31" href="knowledge.php?pid=24" alt="topic" title="system_reports::installed patches report">
<area shape = "circle" coords="343,223,46" href="knowledge.php?pid=389" alt="topic" title="body_constraints::package_select">
<area shape = "circle" coords="296,187,46" href="knowledge.php?pid=691" alt="topic" title="cfengine_components::cfengine 2">
<area shape = "circle" coords="285,241,46" href="knowledge.php?pid=827" alt="topic" title="promise_theory::promise-type">
<area shape = "circle" coords="222,235,46" href="knowledge.php?pid=959" alt="topic" title="promisers::no match">
<area shape = "circle" coords="249,285,46" href="knowledge.php?pid=1055" alt="topic" title="promisers::apache2">
<area shape = "circle" coords="195,312,46" href="knowledge.php?pid=1063" alt="topic" title="promisers::apache2-mod_php5">
<area shape = "circle" coords="250,339,46" href="knowledge.php?pid=1065" alt="topic" title="promisers::php5">
<area shape = "circle" coords="105,467,34" href="knowledge.php?pid=876" alt="topic" title="views::operator view">
<area shape = "circle" coords="224,389,32" href="knowledge.php?pid=17" alt="topic" title="system_reports::installed software report">
<area shape = "circle" coords="286,382,31" href="knowledge.php?pid=388" alt="topic" title="body_constraints::package_policy">
<area shape = "circle" coords="299,436,46" href="knowledge.php?pid=25" alt="topic" title="system_reports::available patches report">
<area shape = "circle" coords="345,398,46" href="knowledge.php?pid=390" alt="topic" title="body_constraints::package_version">
<area shape = "circle" coords="392,435,46" href="knowledge.php?pid=795" alt="topic" title="BDMA::deploy">
<area shape = "circle" coords="403,381,46" href="knowledge.php?pid=938" alt="topic" title="bundles::main">
<area shape = "circle" coords="466,386,46" href="knowledge.php?pid=961" alt="topic" title="promises::promise_site_cf_166">
<area shape = "circle" coords="439,337,46" href="knowledge.php?pid=1062" alt="topic" title="promises::promise_webserver_cf_62">
<area shape = "circle" coords="493,309,46" href="knowledge.php?pid=1064" alt="topic" title="promisers::apache2-prefork">
<area shape = "circle" coords="438,283,46" href="knowledge.php?pid=1095" alt="topic" title="contexts::web_server">
<area shape = "circle" coords="344,311,51" href="knowledge.php?pid=960" alt="topic" title="promise_types::packages">
<area shape = "circle" coords="599,144,55" href="knowledge.php?pid=340" alt="topic" title="body_constraints::package_architectures">
</map>
