<img src="graphs/398.png" USEMAP="#knowledge_system" alt="body_constraints::process_select image pending">
<map name="knowledge_system">
<area shape = "circle" coords="625,137,40" href="knowledge.php?pid=691" alt="topic" title="cfengine_components::cfengine 2">
<area shape = "circle" coords="510,70,40" href="knowledge.php?pid=392" alt="topic" title="body_constraints::process_count">
<area shape = "circle" coords="421,153,40" href="knowledge.php?pid=424" alt="topic" title="body_constraints::signals">
<area shape = "circle" coords="358,230,34" href="knowledge.php?pid=421" alt="topic" title="body_constraints::vsize">
<area shape = "circle" coords="337,94,31" href="knowledge.php?pid=41" alt="topic" title="values::a positive integer">
<area shape = "circle" coords="322,190,30" href="knowledge.php?pid=401" alt="topic" title="body_constraints::pid">
<area shape = "circle" coords="276,225,34" href="knowledge.php?pid=413" alt="topic" title="body_constraints::status">
<area shape = "circle" coords="204,215,30" href="knowledge.php?pid=403" alt="topic" title="body_constraints::pgid">
<area shape = "circle" coords="214,261,34" href="knowledge.php?pid=416" alt="topic" title="body_constraints::ttime_range">
<area shape = "circle" coords="155,288,34" href="knowledge.php?pid=407" alt="topic" title="body_constraints::priority">
<area shape = "circle" coords="215,313,34" href="knowledge.php?pid=419" alt="topic" title="body_constraints::threads">
<area shape = "circle" coords="106,432,31" href="knowledge.php?pid=51" alt="topic" title="values::an arbitrary string">
<area shape = "circle" coords="207,359,30" href="knowledge.php?pid=399" alt="topic" title="body_constraints::command">
<area shape = "circle" coords="278,348,34" href="knowledge.php?pid=411" alt="topic" title="body_constraints::rsize">
<area shape = "circle" coords="344,479,34" href="knowledge.php?pid=697" alt="topic" title="cfengine_3::string">
<area shape = "circle" coords="326,383,37" href="knowledge.php?pid=410" alt="topic" title="body_constraints::process_result">
<area shape = "circle" coords="360,342,34" href="knowledge.php?pid=415" alt="topic" title="body_constraints::stime_range">
<area shape = "circle" coords="433,343,34" href="knowledge.php?pid=405" alt="topic" title="body_constraints::ppid">
<area shape = "circle" coords="408,299,34" href="knowledge.php?pid=417" alt="topic" title="body_constraints::tty">
<area shape = "circle" coords="457,265,34" href="knowledge.php?pid=408" alt="topic" title="body_constraints::process_owner">
<area shape = "circle" coords="308,286,33" href="knowledge.php?pid=398" alt="topic" title="body_constraints::process_select">
<area shape = "circle" coords="543,257,40" href="knowledge.php?pid=423" alt="topic" title="body_constraints::restart_class">
<area shape = "circle" coords="694,226,40" href="knowledge.php?pid=422" alt="topic" title="body_constraints::process_stop">
<area shape = "circle" coords="530,182,55" href="knowledge.php?pid=903" alt="topic" title="promise_types::processes">
</map>
