<img src="graphs/410.png" USEMAP="#knowledge_system" alt="body_constraints::process_result image pending">
<map name="knowledge_system">
<area shape = "circle" coords="248,406,55" href="knowledge.php?pid=903" alt="topic" title="promise_types::processes">
<area shape = "circle" coords="312,461,32" href="knowledge.php?pid=399" alt="topic" title="body_constraints::command">
<area shape = "circle" coords="391,414,55" href="knowledge.php?pid=415" alt="topic" title="body_constraints::stime_range">
<area shape = "circle" coords="513,430,55" href="knowledge.php?pid=405" alt="topic" title="body_constraints::ppid">
<area shape = "circle" coords="496,355,55" href="knowledge.php?pid=417" alt="topic" title="body_constraints::tty">
<area shape = "circle" coords="599,311,55" href="knowledge.php?pid=408" alt="topic" title="body_constraints::process_owner">
<area shape = "circle" coords="494,268,55" href="knowledge.php?pid=421" alt="topic" title="body_constraints::vsize">
<area shape = "circle" coords="661,88,35" href="knowledge.php?pid=697" alt="topic" title="cfengine_3::string">
<area shape = "circle" coords="498,200,33" href="knowledge.php?pid=410" alt="topic" title="body_constraints::process_result">
<area shape = "circle" coords="387,211,55" href="knowledge.php?pid=413" alt="topic" title="body_constraints::status">
<area shape = "circle" coords="304,154,55" href="knowledge.php?pid=403" alt="topic" title="body_constraints::pgid">
<area shape = "circle" coords="245,221,55" href="knowledge.php?pid=416" alt="topic" title="body_constraints::ttime_range">
<area shape = "circle" coords="119,220,55" href="knowledge.php?pid=407" alt="topic" title="body_constraints::priority">
<area shape = "circle" coords="162,292,55" href="knowledge.php?pid=419" alt="topic" title="body_constraints::threads">
<area shape = "circle" coords="77,348,55" href="knowledge.php?pid=411" alt="topic" title="body_constraints::rsize">
<area shape = "circle" coords="335,313,52" href="knowledge.php?pid=398" alt="topic" title="body_constraints::process_select">
<area shape = "circle" coords="52,440,55" href="knowledge.php?pid=401" alt="topic" title="body_constraints::pid">
</map>
