<img src="graphs/43.png" USEMAP="#knowledge_system" alt="values::link type image pending">
<map name="knowledge_system">
<area shape = "circle" coords="597,158,35" href="knowledge.php?pid=16" alt="topic" title="system_reports::lastseen report">
<area shape = "circle" coords="610,88,35" href="knowledge.php?pid=190" alt="topic" title="body_constraints::collapse_destination_dir">
<area shape = "circle" coords="521,118,35" href="knowledge.php?pid=201" alt="topic" title="body_constraints::findertype">
<area shape = "circle" coords="476,56,35" href="knowledge.php?pid=211" alt="topic" title="body_constraints::preserve">
<area shape = "circle" coords="427,116,35" href="knowledge.php?pid=2489" alt="topic" title="body_constraints::compare">
<area shape = "circle" coords="341,82,35" href="knowledge.php?pid=2492" alt="topic" title="body_constraints::check_root">
<area shape = "circle" coords="348,152,35" href="knowledge.php?pid=2496" alt="topic" title="body_constraints::copy_size">
<area shape = "circle" coords="249,158,35" href="knowledge.php?pid=2502" alt="topic" title="body_constraints::force_ipv4">
<area shape = "circle" coords="311,213,35" href="knowledge.php?pid=2506" alt="topic" title="body_constraints::purge">
<area shape = "circle" coords="234,257,35" href="knowledge.php?pid=2510" alt="topic" title="body_constraints::timeout">
<area shape = "circle" coords="127,255,30" href="knowledge.php?pid=2551" alt="topic" title="body_constraints::link_from">
<area shape = "circle" coords="241,460,30" href="knowledge.php?pid=43" alt="topic" title="values::link type">
<area shape = "circle" coords="248,308,30" href="knowledge.php?pid=2555" alt="topic" title="body_constraints::link_type">
<area shape = "circle" coords="301,345,35" href="knowledge.php?pid=189" alt="topic" title="body_constraints::servers">
<area shape = "circle" coords="395,325,35" href="knowledge.php?pid=193" alt="topic" title="body_constraints::copy_backup">
<area shape = "circle" coords="426,391,35" href="knowledge.php?pid=202" alt="topic" title="body_constraints::linkcopy_patterns">
<area shape = "circle" coords="487,337,35" href="knowledge.php?pid=2481" alt="topic" title="promise_types::files">
<area shape = "circle" coords="565,380,35" href="knowledge.php?pid=2490" alt="topic" title="body_constraints::encrypt">
<area shape = "circle" coords="573,310,35" href="knowledge.php?pid=2494" alt="topic" title="body_constraints::copylink_patterns">
<area shape = "circle" coords="672,314,35" href="knowledge.php?pid=2500" alt="topic" title="body_constraints::force_update">
<area shape = "circle" coords="623,253,35" href="knowledge.php?pid=2504" alt="topic" title="body_constraints::portnumber">
<area shape = "circle" coords="708,218,35" href="knowledge.php?pid=2508" alt="topic" title="body_constraints::stealth">
<area shape = "circle" coords="619,188,35" href="knowledge.php?pid=2511" alt="topic" title="body_constraints::trustkey">
<area shape = "circle" coords="469,225,55" href="knowledge.php?pid=2487" alt="topic" title="body_constraints::copy_from">
</map>
