<img src="graphs/454.png" USEMAP="#knowledge_system" alt="body_constraints::ttime_range image pending">
<map name="knowledge_system">
<area shape = "circle" coords="632,157,40" href="knowledge.php?pid=2703" alt="topic" title="body_constraints::process_stop">
<area shape = "circle" coords="524,76,40" href="knowledge.php?pid=837" alt="topic" title="cfengine_components::cfengine 2">
<area shape = "circle" coords="441,175,40" href="knowledge.php?pid=2679" alt="topic" title="body_constraints::process_count">
<area shape = "circle" coords="432,204,34" href="knowledge.php?pid=45" alt="topic" title="values::a positive integer">
<area shape = "circle" coords="383,269,37" href="knowledge.php?pid=449" alt="topic" title="body_constraints::rsize">
<area shape = "circle" coords="355,221,30" href="knowledge.php?pid=446" alt="topic" title="body_constraints::process_owner">
<area shape = "circle" coords="310,260,34" href="knowledge.php?pid=2686" alt="topic" title="body_constraints::pid">
<area shape = "circle" coords="248,242,34" href="knowledge.php?pid=2690" alt="topic" title="body_constraints::ppid">
<area shape = "circle" coords="251,295,34" href="knowledge.php?pid=2694" alt="topic" title="body_constraints::process_result">
<area shape = "circle" coords="191,318,34" href="knowledge.php?pid=2698" alt="topic" title="body_constraints::stime_range">
<area shape = "circle" coords="241,354,34" href="knowledge.php?pid=2702" alt="topic" title="body_constraints::vsize">
<area shape = "circle" coords="103,473,31" href="knowledge.php?pid=55" alt="topic" title="values::an arbitrary string">
<area shape = "circle" coords="218,404,30" href="knowledge.php?pid=437" alt="topic" title="body_constraints::command">
<area shape = "circle" coords="285,401,30" href="knowledge.php?pid=454" alt="topic" title="body_constraints::ttime_range">
<area shape = "circle" coords="313,449,34" href="knowledge.php?pid=455" alt="topic" title="body_constraints::tty">
<area shape = "circle" coords="357,410,34" href="knowledge.php?pid=2688" alt="topic" title="body_constraints::pgid">
<area shape = "circle" coords="420,428,34" href="knowledge.php?pid=2692" alt="topic" title="body_constraints::priority">
<area shape = "circle" coords="416,374,34" href="knowledge.php?pid=2696" alt="topic" title="body_constraints::status">
<area shape = "circle" coords="476,352,34" href="knowledge.php?pid=2700" alt="topic" title="body_constraints::threads">
<area shape = "circle" coords="427,316,34" href="knowledge.php?pid=2869" alt="topic" title="manual::process_select (compound body)">
<area shape = "circle" coords="334,335,33" href="knowledge.php?pid=2684" alt="topic" title="body_constraints::process_select">
<area shape = "circle" coords="556,299,40" href="knowledge.php?pid=982" alt="topic" title="promise_theory::promise-type">
<area shape = "circle" coords="697,263,40" href="knowledge.php?pid=838" alt="topic" title="cfengine_components::cfengine 3">
<area shape = "circle" coords="543,210,55" href="knowledge.php?pid=2678" alt="topic" title="promise_types::processes">
</map>
