<img src="graphs/461.png" USEMAP="#knowledge_system" alt="promise_types::occurrences image pending">
<map name="knowledge_system">
<area shape = "circle" coords="605,161,35" href="knowledge.php?pid=69" alt="topic" title="body_constraints::friend_pattern">
<area shape = "circle" coords="610,89,35" href="knowledge.php?pid=85" alt="topic" title="body_constraints::log_string">
<area shape = "circle" coords="539,120,35" href="knowledge.php?pid=90" alt="topic" title="body_constraints::log_repaired">
<area shape = "circle" coords="496,59,35" href="knowledge.php?pid=99" alt="topic" title="body_constraints::measurement_class">
<area shape = "circle" coords="461,124,35" href="knowledge.php?pid=116" alt="topic" title="body_constraints::select_end">
<area shape = "circle" coords="386,101,35" href="knowledge.php?pid=123" alt="topic" title="body_constraints::exec_owner">
<area shape = "circle" coords="401,173,35" href="knowledge.php?pid=138" alt="topic" title="body_constraints::db_server_owner">
<area shape = "circle" coords="327,197,35" href="knowledge.php?pid=142" alt="topic" title="body_constraints::db_server_host">
<area shape = "circle" coords="386,244,35" href="knowledge.php?pid=148" alt="topic" title="body_constraints::database_columns">
<area shape = "circle" coords="156,281,30" href="knowledge.php?pid=464" alt="topic" title="body_constraints::web_root">
<area shape = "circle" coords="109,417,30" href="knowledge.php?pid=463" alt="topic" title="body_constraints::representation">
<area shape = "circle" coords="256,460,30" href="knowledge.php?pid=465" alt="topic" title="body_constraints::path_root">
<area shape = "circle" coords="206,371,30" href="knowledge.php?pid=461" alt="topic" title="promise_types::occurrences">
<area shape = "circle" coords="352,302,30" href="knowledge.php?pid=462" alt="topic" title="body_constraints::represents">
<area shape = "circle" coords="423,309,35" href="knowledge.php?pid=77" alt="topic" title="body_constraints::showstate">
<area shape = "circle" coords="430,381,35" href="knowledge.php?pid=88" alt="topic" title="body_constraints::log_kept">
<area shape = "circle" coords="495,340,35" href="knowledge.php?pid=92" alt="topic" title="body_constraints::log_failed">
<area shape = "circle" coords="548,393,35" href="knowledge.php?pid=114" alt="topic" title="body_constraints::select_start">
<area shape = "circle" coords="571,323,35" href="knowledge.php?pid=118" alt="topic" title="body_constraints::args">
<area shape = "circle" coords="649,335,35" href="knowledge.php?pid=125" alt="topic" title="body_constraints::exec_group">
<area shape = "circle" coords="621,266,35" href="knowledge.php?pid=140" alt="topic" title="body_constraints::db_server_password">
<area shape = "circle" coords="690,231,35" href="knowledge.php?pid=145" alt="topic" title="body_constraints::db_server_connection_db">
<area shape = "circle" coords="623,194,35" href="knowledge.php?pid=150" alt="topic" title="body_constraints::registry_exclude">
<area shape = "circle" coords="507,228,55" href="knowledge.php?pid=51" alt="topic" title="values::an arbitrary string">
</map>
