<img src="graphs/48.png" USEMAP="#knowledge_system" alt="values::a single character image pending">
<map name="knowledge_system">
<area shape = "circle" coords="606,193,36" href="knowledge.php?pid=3313" alt="topic" title="bundles::fixapache">
<area shape = "circle" coords="586,96,36" href="knowledge.php?pid=3319" alt="topic" title="promises::promise_cfengine_cf_807">
<area shape = "circle" coords="498,141,36" href="knowledge.php?pid=3610" alt="topic" title="bundles::set_variable_values">
<area shape = "circle" coords="406,102,36" href="knowledge.php?pid=3616" alt="topic" title="promises::promise_cfengine_stdlib_cf_202">
<area shape = "circle" coords="393,200,36" href="knowledge.php?pid=3627" alt="topic" title="promisers::$(user):.*">
<area shape = "circle" coords="308,253,36" href="knowledge.php?pid=3629" alt="topic" title="bundles::append_user_field">
<area shape = "circle" coords="340,264,34" href="knowledge.php?pid=351" alt="topic" title="body_constraints::allow_blank_fields">
<area shape = "circle" coords="266,192,34" href="knowledge.php?pid=361" alt="topic" title="body_constraints::start_fields_from_zero">
<area shape = "circle" coords="205,275,34" href="knowledge.php?pid=2621" alt="topic" title="body_constraints::field_operation">
<area shape = "circle" coords="112,322,34" href="knowledge.php?pid=2625" alt="topic" title="body_constraints::select_field">
<area shape = "circle" coords="68,449,30" href="knowledge.php?pid=48" alt="topic" title="values::a single character">
<area shape = "circle" coords="175,405,30" href="knowledge.php?pid=2627" alt="topic" title="body_constraints::value_separator">
<area shape = "circle" coords="191,507,34" href="knowledge.php?pid=356" alt="topic" title="body_constraints::field_separator">
<area shape = "circle" coords="290,474,34" href="knowledge.php?pid=2619" alt="topic" title="body_constraints::extend_fields">
<area shape = "circle" coords="394,490,34" href="knowledge.php?pid=2623" alt="topic" title="body_constraints::field_value">
<area shape = "circle" coords="393,387,34" href="knowledge.php?pid=2875" alt="topic" title="manual::edit_field (compound body)">
<area shape = "circle" coords="281,361,49" href="knowledge.php?pid=2617" alt="topic" title="body_constraints::edit_field">
<area shape = "circle" coords="378,417,36" href="knowledge.php?pid=3318" alt="topic" title="promisers::APACHE_MODULES=.*">
<area shape = "circle" coords="476,394,36" href="knowledge.php?pid=3320" alt="topic" title="promises::promise_cfengine_cf_814">
<area shape = "circle" coords="555,454,36" href="knowledge.php?pid=3615" alt="topic" title="promisers::\s*$(index)\s*=.*">
<area shape = "circle" coords="591,362,36" href="knowledge.php?pid=3626" alt="topic" title="bundles::set_user_field">
<area shape = "circle" coords="686,330,36" href="knowledge.php?pid=3628" alt="topic" title="promises::promise_cfengine_stdlib_cf_275">
<area shape = "circle" coords="630,249,36" href="knowledge.php?pid=3632" alt="topic" title="promisers::$(group):.*">
<area shape = "circle" coords="502,269,55" href="knowledge.php?pid=349" alt="topic" title="promise_types::field_edits">
</map>
