<img src="graphs/482.png" USEMAP="#knowledge_system" alt="values::select_region image pending">
<map name="knowledge_system">
<area shape = "circle" coords="620,150,36" href="knowledge.php?pid=80" alt="topic" title="body_constraints::action_policy">
<area shape = "circle" coords="602,79,36" href="knowledge.php?pid=83" alt="topic" title="body_constraints::expireafter">
<area shape = "circle" coords="523,112,36" href="knowledge.php?pid=87" alt="topic" title="body_constraints::log_level">
<area shape = "circle" coords="440,84,36" href="knowledge.php?pid=90" alt="topic" title="body_constraints::log_repaired">
<area shape = "circle" coords="429,155,36" href="knowledge.php?pid=96" alt="topic" title="body_constraints::background">
<area shape = "circle" coords="353,194,36" href="knowledge.php?pid=99" alt="topic" title="body_constraints::measurement_class">
<area shape = "circle" coords="388,183,31" href="knowledge.php?pid=481" alt="topic" title="values::comment">
<area shape = "circle" coords="180,61,31" href="knowledge.php?pid=101" alt="topic" title="body_constraints::promise_repaired">
<area shape = "circle" coords="270,162,32" href="knowledge.php?pid=477" alt="topic" title="values::classes">
<area shape = "circle" coords="257,257,31" href="knowledge.php?pid=480" alt="topic" title="values::depends_on">
<area shape = "circle" coords="106,329,30" href="knowledge.php?pid=116" alt="topic" title="body_constraints::select_end">
<area shape = "circle" coords="307,470,30" href="knowledge.php?pid=114" alt="topic" title="body_constraints::select_start">
<area shape = "circle" coords="258,353,30" href="knowledge.php?pid=482" alt="topic" title="values::select_region">
<area shape = "circle" coords="378,342,31" href="knowledge.php?pid=479" alt="topic" title="values::handle">
<area shape = "circle" coords="496,320,31" href="knowledge.php?pid=478" alt="topic" title="values::ifvarclass">
<area shape = "circle" coords="360,261,30" href="knowledge.php?pid=78" alt="topic" title="promise_types::*">
<area shape = "circle" coords="416,313,36" href="knowledge.php?pid=81" alt="topic" title="body_constraints::ifelapsed">
<area shape = "circle" coords="504,296,36" href="knowledge.php?pid=85" alt="topic" title="body_constraints::log_string">
<area shape = "circle" coords="575,339,36" href="knowledge.php?pid=88" alt="topic" title="body_constraints::log_kept">
<area shape = "circle" coords="607,272,36" href="knowledge.php?pid=92" alt="topic" title="body_constraints::log_failed">
<area shape = "circle" coords="693,249,36" href="knowledge.php?pid=98" alt="topic" title="body_constraints::report_level">
<area shape = "circle" coords="642,191,36" href="knowledge.php?pid=797" alt="topic" title="BDMA::audit">
<area shape = "circle" coords="527,205,55" href="knowledge.php?pid=476" alt="topic" title="values::action">
</map>
