<img src="graphs/534.png" USEMAP="#knowledge_system" alt="functions::readintlist image pending">
<map name="knowledge_system">
<area shape = "circle" coords="215,404,55" href="knowledge.php?pid=533" alt="topic" title="functions::readintarray">
<area shape = "circle" coords="241,464,55" href="knowledge.php?pid=40" alt="topic" title="values::a time range">
<area shape = "circle" coords="313,421,55" href="knowledge.php?pid=500" alt="topic" title="functions::diskfree">
<area shape = "circle" coords="394,458,55" href="knowledge.php?pid=127" alt="topic" title="body_constraints::exec_timeout">
<area shape = "circle" coords="408,396,55" href="knowledge.php?pid=506" alt="topic" title="functions::getgid">
<area shape = "circle" coords="508,395,55" href="knowledge.php?pid=278" alt="topic" title="body_constraints::rotate">
<area shape = "circle" coords="458,340,55" href="knowledge.php?pid=526" alt="topic" title="functions::now">
<area shape = "circle" coords="537,300,55" href="knowledge.php?pid=493" alt="topic" title="functions::accumulated">
<area shape = "circle" coords="443,276,55" href="knowledge.php?pid=531" alt="topic" title="functions::randomint">
<area shape = "circle" coords="670,281,30" href="knowledge.php?pid=534" alt="topic" title="functions::readintlist">
<area shape = "circle" coords="664,84,30" href="knowledge.php?pid=42" alt="topic" title="values::integer">
<area shape = "circle" coords="353,88,37" href="knowledge.php?pid=895" alt="topic" title="promise_types::vars">
<area shape = "circle" coords="512,185,33" href="knowledge.php?pid=700" alt="topic" title="cfengine_3::ilist">
<area shape = "circle" coords="370,232,55" href="knowledge.php?pid=499" alt="topic" title="functions::countlinesmatching">
<area shape = "circle" coords="328,173,55" href="knowledge.php?pid=41" alt="topic" title="values::a positive integer">
<area shape = "circle" coords="269,225,55" href="knowledge.php?pid=504" alt="topic" title="functions::getfields">
<area shape = "circle" coords="179,195,55" href="knowledge.php?pid=186" alt="topic" title="body_constraints::portnumber">
<area shape = "circle" coords="182,259,55" href="knowledge.php?pid=507" alt="topic" title="functions::getuid">
<area shape = "circle" coords="83,270,55" href="knowledge.php?pid=326" alt="topic" title="body_constraints::select_field">
<area shape = "circle" coords="147,319,55" href="knowledge.php?pid=527" alt="topic" title="functions::on">
<area shape = "circle" coords="80,367,55" href="knowledge.php?pid=494" alt="topic" title="functions::ago">
<area shape = "circle" coords="304,322,52" href="knowledge.php?pid=699" alt="topic" title="cfengine_3::int">
<area shape = "circle" coords="52,440,55" href="knowledge.php?pid=38" alt="topic" title="values::boolean">
</map>
