<img src="graphs/536.png" USEMAP="#knowledge_system" alt="functions::readreallist image pending">
<map name="knowledge_system">
<area shape = "circle" coords="633,139,35" href="knowledge.php?pid=926" alt="topic" title="promisers::cf2bits">
<area shape = "circle" coords="635,79,35" href="knowledge.php?pid=666" alt="topic" title="technical_concepts::variables">
<area shape = "circle" coords="570,105,35" href="knowledge.php?pid=894" alt="topic" title="promisers::master_location">
<area shape = "circle" coords="526,57,35" href="knowledge.php?pid=697" alt="topic" title="cfengine_3::string">
<area shape = "circle" coords="496,112,35" href="knowledge.php?pid=919" alt="topic" title="bundles::g">
<area shape = "circle" coords="426,99,35" href="knowledge.php?pid=699" alt="topic" title="cfengine_3::int">
<area shape = "circle" coords="445,158,35" href="knowledge.php?pid=922" alt="topic" title="promises::promise_site_cf_13">
<area shape = "circle" coords="381,186,35" href="knowledge.php?pid=820" alt="topic" title="promise_theory::policy">
<area shape = "circle" coords="440,220,35" href="knowledge.php?pid=925" alt="topic" title="bundles::cfengine">
<area shape = "circle" coords="222,192,30" href="knowledge.php?pid=659" alt="topic" title="technical_concepts::intermittency">
<area shape = "circle" coords="280,257,30" href="knowledge.php?pid=701" alt="topic" title="cfengine_3::real">
<area shape = "circle" coords="104,470,30" href="knowledge.php?pid=65" alt="topic" title="body_constraints::dist">
<area shape = "circle" coords="221,396,30" href="knowledge.php?pid=43" alt="topic" title="values::real number">
<area shape = "circle" coords="397,389,30" href="knowledge.php?pid=536" alt="topic" title="functions::readreallist">
<area shape = "circle" coords="339,323,30" href="knowledge.php?pid=702" alt="topic" title="cfengine_3::rlist">
<area shape = "circle" coords="485,271,35" href="knowledge.php?pid=892" alt="topic" title="bundles::update">
<area shape = "circle" coords="507,328,35" href="knowledge.php?pid=692" alt="topic" title="cfengine_components::cfengine 3">
<area shape = "circle" coords="557,285,35" href="knowledge.php?pid=896" alt="topic" title="promises::promise_update_cf_7">
<area shape = "circle" coords="618,317,35" href="knowledge.php?pid=698" alt="topic" title="cfengine_3::slist">
<area shape = "circle" coords="624,257,35" href="knowledge.php?pid=921" alt="topic" title="promisers::crontab">
<area shape = "circle" coords="696,248,35" href="knowledge.php?pid=700" alt="topic" title="cfengine_3::ilist">
<area shape = "circle" coords="654,199,35" href="knowledge.php?pid=924" alt="topic" title="promises::promise_site_cf_17">
<area shape = "circle" coords="702,155,35" href="knowledge.php?pid=827" alt="topic" title="promise_theory::promise-type">
<area shape = "circle" coords="545,194,55" href="knowledge.php?pid=895" alt="topic" title="promise_types::vars">
</map>
