<img src="graphs/607.png" USEMAP="#knowledge_system" alt="functions::registryvalue image pending">
<map name="knowledge_system">
<area shape = "circle" coords="277,368,55" href="knowledge.php?pid=2774" alt="topic" title="functions::hash">
<area shape = "circle" coords="296,442,32" href="knowledge.php?pid=51" alt="topic" title="values::a cfengine identifier">
<area shape = "circle" coords="390,398,55" href="knowledge.php?pid=583" alt="topic" title="functions::lastnode">
<area shape = "circle" coords="470,468,55" href="knowledge.php?pid=54" alt="topic" title="values::a syslog level">
<area shape = "circle" coords="511,385,55" href="knowledge.php?pid=591" alt="topic" title="functions::peerleader">
<area shape = "circle" coords="636,419,55" href="knowledge.php?pid=546" alt="topic" title="functions::canonify">
<area shape = "circle" coords="604,333,55" href="knowledge.php?pid=603" alt="topic" title="functions::readtcp">
<area shape = "circle" coords="738,320,55" href="knowledge.php?pid=554" alt="topic" title="functions::execresult">
<area shape = "circle" coords="641,258,55" href="knowledge.php?pid=620" alt="topic" title="functions::translatepath">
<area shape = "circle" coords="746,202,55" href="knowledge.php?pid=567" alt="topic" title="functions::host2ip">
<area shape = "circle" coords="614,181,55" href="knowledge.php?pid=2770" alt="topic" title="data_types::slist">
<area shape = "circle" coords="642,108,32" href="knowledge.php?pid=607" alt="topic" title="functions::registryvalue">
<area shape = "circle" coords="528,125,55" href="knowledge.php?pid=582" alt="topic" title="functions::join">
<area shape = "circle" coords="493,53,32" href="knowledge.php?pid=52" alt="topic" title="values::a user/group id">
<area shape = "circle" coords="410,106,55" href="knowledge.php?pid=587" alt="topic" title="functions::ldapvalue">
<area shape = "circle" coords="316,42,55" href="knowledge.php?pid=55" alt="topic" title="values::an arbitrary string">
<area shape = "circle" coords="293,129,55" href="knowledge.php?pid=595" alt="topic" title="functions::readfile">
<area shape = "circle" coords="162,106,55" href="knowledge.php?pid=553" alt="topic" title="functions::escape">
<area shape = "circle" coords="212,188,55" href="knowledge.php?pid=611" alt="topic" title="functions::remotescalar">
<area shape = "circle" coords="82,213,55" href="knowledge.php?pid=557" alt="topic" title="functions::getenv">
<area shape = "circle" coords="190,266,55" href="knowledge.php?pid=2394" alt="topic" title="promise_types::vars">
<area shape = "circle" coords="99,331,55" href="knowledge.php?pid=571" alt="topic" title="functions::hubknowledge">
<area shape = "circle" coords="415,252,52" href="knowledge.php?pid=2767" alt="topic" title="data_types::string">
<area shape = "circle" coords="52,427,55" href="knowledge.php?pid=53" alt="topic" title="values::a file path">
</map>
