<img src="graphs/642.png" USEMAP="#knowledge_system" alt="system_knowledge::server lifecycle image pending">
<map name="knowledge_system">
<area shape = "circle" coords="697,165,39" href="knowledge.php?pid=95" alt="topic" title="body_constraints::value_kept">
<area shape = "circle" coords="614,79,39" href="knowledge.php?pid=950" alt="topic" title="models_of_system_administration::autonomics">
<area shape = "circle" coords="525,160,39" href="knowledge.php?pid=2425" alt="topic" title="body_constraints::value_repaired">
<area shape = "circle" coords="505,151,36" href="knowledge.php?pid=2391" alt="topic" title="system_policy::bundles">
<area shape = "circle" coords="446,48,35" href="knowledge.php?pid=763" alt="topic" title="management_terminology::goals">
<area shape = "circle" coords="325,98,36" href="knowledge.php?pid=2706" alt="topic" title="promise_types::services">
<area shape = "circle" coords="415,125,42" href="knowledge.php?pid=2852" alt="topic" title="knowledge_model::service catalogue">
<area shape = "circle" coords="172,78,30" href="knowledge.php?pid=1971" alt="topic" title="Special_Topics_Guide::BDMA">
<area shape = "circle" coords="266,170,30" href="knowledge.php?pid=642" alt="topic" title="system_knowledge::server lifecycle">
<area shape = "circle" coords="178,210,35" href="knowledge.php?pid=651" alt="topic" title="views::security view">
<area shape = "circle" coords="102,305,35" href="knowledge.php?pid=650" alt="topic" title="views::operator view">
<area shape = "circle" coords="214,370,35" href="knowledge.php?pid=767" alt="topic" title="environment::monitoring">
<area shape = "circle" coords="196,289,41" href="knowledge.php?pid=647" alt="topic" title="system_knowledge::mission status">
<area shape = "circle" coords="173,401,31" href="knowledge.php?pid=2392" alt="topic" title="system_policy::promises">
<area shape = "circle" coords="407,471,31" href="knowledge.php?pid=22" alt="topic" title="system_reports::promise report">
<area shape = "circle" coords="313,378,30" href="knowledge.php?pid=13" alt="topic" title="system_reports::compliance report">
<area shape = "circle" coords="422,324,33" href="knowledge.php?pid=645" alt="topic" title="system_knowledge::management issues">
<area shape = "circle" coords="360,262,32" href="knowledge.php?pid=649" alt="topic" title="views::manager view">
<area shape = "circle" coords="558,305,39" href="knowledge.php?pid=949" alt="topic" title="models_of_system_administration::computer immunology">
<area shape = "circle" coords="676,351,39" href="knowledge.php?pid=951" alt="topic" title="models_of_system_administration::self-healing">
<area shape = "circle" coords="716,245,40" href="knowledge.php?pid=2427" alt="topic" title="body_constraints::value_notkept">
<area shape = "circle" coords="609,221,55" href="knowledge.php?pid=923" alt="topic" title="management_issues::business value">
</map>
