<img src="graphs/653.png" USEMAP="#knowledge_system" alt="technical_concepts::budget image pending">
<map name="knowledge_system">
<area shape = "circle" coords="307,494,55" href="knowledge.php?pid=777" alt="topic" title="management_issues::business value">
<area shape = "circle" coords="496,491,55" href="knowledge.php?pid=652" alt="topic" title="technical_concepts::availability">
<area shape = "circle" coords="471,373,55" href="knowledge.php?pid=656" alt="topic" title="technical_concepts::crises and fire fighting">
<area shape = "circle" coords="664,290,30" href="knowledge.php?pid=802" alt="topic" title="models_of_system_administration::autonomics">
<area shape = "circle" coords="564,88,30" href="knowledge.php?pid=597" alt="topic" title="management_terminology::BDIM">
<area shape = "circle" coords="245,151,41" href="knowledge.php?pid=803" alt="topic" title="models_of_system_administration::self-healing">
<area shape = "circle" coords="455,221,33" href="knowledge.php?pid=653" alt="topic" title="technical_concepts::budget">
<area shape = "circle" coords="247,299,55" href="knowledge.php?pid=655" alt="topic" title="technical_concepts::unusual operational behaviour">
<area shape = "circle" coords="78,353,55" href="knowledge.php?pid=654" alt="topic" title="technical_concepts::normal operational behaviour">
<area shape = "circle" coords="312,392,47" href="knowledge.php?pid=801" alt="topic" title="models_of_system_administration::computer immunology">
<area shape = "circle" coords="52,514,55" href="knowledge.php?pid=651" alt="topic" title="technical_concepts::reliability">
</map>
