<img src="graphs/66.png" USEMAP="#knowledge_system" alt="body_constraints::expression image pending">
<map name="knowledge_system">
<area shape = "circle" coords="227,385,55" href="knowledge.php?pid=492" alt="topic" title="functions::accessedbefore">
<area shape = "circle" coords="274,457,55" href="knowledge.php?pid=497" alt="topic" title="functions::classify">
<area shape = "circle" coords="348,398,55" href="knowledge.php?pid=502" alt="topic" title="functions::fileexists">
<area shape = "circle" coords="452,424,55" href="knowledge.php?pid=508" alt="topic" title="functions::groupexists">
<area shape = "circle" coords="446,345,55" href="knowledge.php?pid=511" alt="topic" title="functions::hostrange">
<area shape = "circle" coords="546,311,55" href="knowledge.php?pid=513" alt="topic" title="functions::iprange">
<area shape = "circle" coords="464,258,55" href="knowledge.php?pid=516" alt="topic" title="functions::isgreaterthan">
<area shape = "circle" coords="669,93,32" href="knowledge.php?pid=61" alt="topic" title="promise_types::classes">
<area shape = "circle" coords="489,189,33" href="knowledge.php?pid=66" alt="topic" title="body_constraints::expression">
<area shape = "circle" coords="391,187,55" href="knowledge.php?pid=496" alt="topic" title="functions::changedbefore">
<area shape = "circle" coords="344,115,55" href="knowledge.php?pid=498" alt="topic" title="functions::classmatch">
<area shape = "circle" coords="270,174,55" href="knowledge.php?pid=503" alt="topic" title="functions::filesexist">
<area shape = "circle" coords="166,147,55" href="knowledge.php?pid=510" alt="topic" title="functions::hashmatch">
<area shape = "circle" coords="171,227,55" href="knowledge.php?pid=512" alt="topic" title="functions::hostinnetgroup">
<area shape = "circle" coords="71,261,55" href="knowledge.php?pid=515" alt="topic" title="functions::isdir">
<area shape = "circle" coords="154,314,55" href="knowledge.php?pid=517" alt="topic" title="functions::islessthan">
<area shape = "circle" coords="309,286,52" href="knowledge.php?pid=491" alt="topic" title="data_types::class">
<area shape = "circle" coords="52,424,55" href="knowledge.php?pid=46" alt="topic" title="values::a cfengine class expression">
</map>
