<img src="graphs/662.png" USEMAP="#knowledge_system" alt="mission_status::system policy image pending">
<map name="knowledge_system">
<area shape = "circle" coords="671,152,43" href="knowledge.php?pid=651" alt="topic" title="views::security view">
<area shape = "circle" coords="379,85,43" href="knowledge.php?pid=649" alt="topic" title="views::manager view">
<area shape = "circle" coords="292,134,37" href="knowledge.php?pid=642" alt="topic" title="system_knowledge::server lifecycle">
<area shape = "circle" coords="309,225,39" href="knowledge.php?pid=1971" alt="topic" title="Special_Topics_Guide::BDMA">
<area shape = "circle" coords="127,262,35" href="knowledge.php?pid=2827" alt="topic" title="commands_and_tools::copernicus">
<area shape = "circle" coords="78,336,30" href="knowledge.php?pid=942" alt="topic" title="BDMA::build">
<area shape = "circle" coords="227,465,33" href="knowledge.php?pid=650" alt="topic" title="views::operator view">
<area shape = "circle" coords="210,373,30" href="knowledge.php?pid=662" alt="topic" title="mission_status::system policy">
<area shape = "circle" coords="351,455,35" href="knowledge.php?pid=640" alt="topic" title="system_knowledge::system trends">
<area shape = "circle" coords="458,354,35" href="knowledge.php?pid=2852" alt="topic" title="knowledge_model::service catalogue">
<area shape = "circle" coords="326,317,32" href="knowledge.php?pid=648" alt="topic" title="views::architect view">
<area shape = "circle" coords="687,351,43" href="knowledge.php?pid=767" alt="topic" title="environment::monitoring">
<area shape = "circle" coords="533,218,55" href="knowledge.php?pid=647" alt="topic" title="system_knowledge::mission status">
</map>
