<img src="graphs/663.png" USEMAP="#knowledge_system" alt="mission_status::system reports image pending">
<map name="knowledge_system">
<area shape = "circle" coords="270,381,55" href="knowledge.php?pid=474" alt="topic" title="body_constraints::edit_fstab">
<area shape = "circle" coords="292,454,55" href="knowledge.php?pid=136" alt="topic" title="body_constraints::preview">
<area shape = "circle" coords="390,405,55" href="knowledge.php?pid=2431" alt="topic" title="body_constraints::background">
<area shape = "circle" coords="482,458,55" href="knowledge.php?pid=190" alt="topic" title="body_constraints::collapse_destination_dir">
<area shape = "circle" coords="512,386,55" href="knowledge.php?pid=2452" alt="topic" title="body_constraints::module">
<area shape = "circle" coords="642,401,55" href="knowledge.php?pid=226" alt="topic" title="body_constraints::rmdirs">
<area shape = "circle" coords="594,332,55" href="knowledge.php?pid=2490" alt="topic" title="body_constraints::encrypt">
<area shape = "circle" coords="717,304,55" href="knowledge.php?pid=308" alt="topic" title="body_constraints::include_start_delimiter">
<area shape = "circle" coords="608,261,55" href="knowledge.php?pid=2500" alt="topic" title="body_constraints::force_update">
<area shape = "circle" coords="681,199,55" href="knowledge.php?pid=361" alt="topic" title="body_constraints::start_fields_from_zero">
<area shape = "circle" coords="732,233,30" href="knowledge.php?pid=2759" alt="topic" title="values::action">
<area shape = "circle" coords="485,95,30" href="knowledge.php?pid=663" alt="topic" title="mission_status::system reports">
<area shape = "circle" coords="538,204,32" href="knowledge.php?pid=2429" alt="topic" title="body_constraints::audit">
<area shape = "circle" coords="546,124,55" href="knowledge.php?pid=484" alt="topic" title="body_constraints::check_foreign">
<area shape = "circle" coords="436,165,55" href="knowledge.php?pid=184" alt="topic" title="body_constraints::update_hashes">
<area shape = "circle" coords="359,104,55" href="knowledge.php?pid=2451" alt="topic" title="body_constraints::no_output">
<area shape = "circle" coords="310,174,55" href="knowledge.php?pid=211" alt="topic" title="body_constraints::preserve">
<area shape = "circle" coords="186,147,55" href="knowledge.php?pid=2486" alt="topic" title="body_constraints::report_diffs">
<area shape = "circle" coords="215,220,55" href="knowledge.php?pid=245" alt="topic" title="body_constraints::empty_file_before_editing">
<area shape = "circle" coords="85,238,55" href="knowledge.php?pid=2492" alt="topic" title="body_constraints::check_root">
<area shape = "circle" coords="182,289,55" href="knowledge.php?pid=351" alt="topic" title="body_constraints::allow_blank_fields">
<area shape = "circle" coords="93,344,55" href="knowledge.php?pid=2502" alt="topic" title="body_constraints::force_ipv4">
<area shape = "circle" coords="397,284,52" href="knowledge.php?pid=42" alt="topic" title="values::boolean">
<area shape = "circle" coords="52,428,55" href="knowledge.php?pid=126" alt="topic" title="body_constraints::useshell">
</map>
