<img src="graphs/679.png" USEMAP="#knowledge_system" alt="cfengine_components::cfshow image pending">
<map name="knowledge_system">
<area shape = "circle" coords="216,385,55" href="knowledge.php?pid=675" alt="topic" title="cfengine_components::cfservd">
<area shape = "circle" coords="237,456,55" href="knowledge.php?pid=678" alt="topic" title="cfengine_components::cfrun">
<area shape = "circle" coords="311,406,55" href="knowledge.php?pid=714" alt="topic" title="cfengine_2::alerts">
<area shape = "circle" coords="386,455,55" href="knowledge.php?pid=716" alt="topic" title="cfengine_2::broadcast">
<area shape = "circle" coords="404,383,55" href="knowledge.php?pid=718" alt="topic" title="cfengine_2::defaultroute">
<area shape = "circle" coords="505,391,55" href="knowledge.php?pid=720" alt="topic" title="cfengine_2::directories">
<area shape = "circle" coords="462,324,55" href="knowledge.php?pid=722" alt="topic" title="cfengine_2::editfiles">
<area shape = "circle" coords="549,287,55" href="knowledge.php?pid=725" alt="topic" title="cfengine_2::groups">
<area shape = "circle" coords="460,252,55" href="knowledge.php?pid=727" alt="topic" title="cfengine_2::ignore">
<area shape = "circle" coords="669,93,30" href="knowledge.php?pid=689" alt="topic" title="cfengine_components::cf-report">
<area shape = "circle" coords="489,191,32" href="knowledge.php?pid=679" alt="topic" title="cfengine_components::cfshow">
<area shape = "circle" coords="401,194,55" href="knowledge.php?pid=677" alt="topic" title="cfengine_components::cfenvd">
<area shape = "circle" coords="380,122,55" href="knowledge.php?pid=713" alt="topic" title="cfengine_2::acl">
<area shape = "circle" coords="307,172,55" href="knowledge.php?pid=715" alt="topic" title="cfengine_2::binservers">
<area shape = "circle" coords="232,123,55" href="knowledge.php?pid=717" alt="topic" title="cfengine_2::copy">
<area shape = "circle" coords="213,195,55" href="knowledge.php?pid=719" alt="topic" title="cfengine_2::disks">
<area shape = "circle" coords="113,188,55" href="knowledge.php?pid=721" alt="topic" title="cfengine_2::disable">
<area shape = "circle" coords="156,254,55" href="knowledge.php?pid=724" alt="topic" title="cfengine_2::filters">
<area shape = "circle" coords="69,291,55" href="knowledge.php?pid=726" alt="topic" title="cfengine_2::homeservers">
<area shape = "circle" coords="157,327,55" href="knowledge.php?pid=728" alt="topic" title="cfengine_2::import">
<area shape = "circle" coords="309,289,52" href="knowledge.php?pid=691" alt="topic" title="cfengine_components::cfengine 2">
<area shape = "circle" coords="52,429,55" href="knowledge.php?pid=674" alt="topic" title="cfengine_components::cfagent">
</map>
