<img src="graphs/701.png" USEMAP="#knowledge_system" alt="cfengine_3::real image pending">
<map name="knowledge_system">
<area shape = "circle" coords="617,158,35" href="knowledge.php?pid=666" alt="topic" title="technical_concepts::variables">
<area shape = "circle" coords="617,86,35" href="knowledge.php?pid=697" alt="topic" title="cfengine_3::string">
<area shape = "circle" coords="549,117,35" href="knowledge.php?pid=699" alt="topic" title="cfengine_3::int">
<area shape = "circle" coords="499,64,35" href="knowledge.php?pid=820" alt="topic" title="promise_theory::policy">
<area shape = "circle" coords="470,130,35" href="knowledge.php?pid=892" alt="topic" title="bundles::update">
<area shape = "circle" coords="395,124,35" href="knowledge.php?pid=896" alt="topic" title="promises::promise_update_cf_7">
<area shape = "circle" coords="421,192,35" href="knowledge.php?pid=921" alt="topic" title="promisers::crontab">
<area shape = "circle" coords="361,234,35" href="knowledge.php?pid=924" alt="topic" title="promises::promise_site_cf_17">
<area shape = "circle" coords="284,125,30" href="knowledge.php?pid=943" alt="topic" title="promise_types::reports">
<area shape = "circle" coords="328,210,30" href="knowledge.php?pid=659" alt="topic" title="technical_concepts::intermittency">
<area shape = "circle" coords="104,419,30" href="knowledge.php?pid=65" alt="topic" title="body_constraints::dist">
<area shape = "circle" coords="238,356,30" href="knowledge.php?pid=43" alt="topic" title="values::real number">
<area shape = "circle" coords="459,464,30" href="knowledge.php?pid=536" alt="topic" title="functions::readreallist">
<area shape = "circle" coords="415,379,30" href="knowledge.php?pid=702" alt="topic" title="cfengine_3::rlist">
<area shape = "circle" coords="372,294,30" href="knowledge.php?pid=701" alt="topic" title="cfengine_3::real">
<area shape = "circle" coords="415,338,35" href="knowledge.php?pid=692" alt="topic" title="cfengine_components::cfengine 3">
<area shape = "circle" coords="487,320,35" href="knowledge.php?pid=698" alt="topic" title="cfengine_3::slist">
<area shape = "circle" coords="527,381,35" href="knowledge.php?pid=700" alt="topic" title="cfengine_3::ilist">
<area shape = "circle" coords="567,320,35" href="knowledge.php?pid=827" alt="topic" title="promise_theory::promise-type">
<area shape = "circle" coords="640,340,35" href="knowledge.php?pid=894" alt="topic" title="promisers::master_location">
<area shape = "circle" coords="627,269,35" href="knowledge.php?pid=919" alt="topic" title="bundles::g">
<area shape = "circle" coords="695,236,35" href="knowledge.php?pid=922" alt="topic" title="promises::promise_site_cf_13">
<area shape = "circle" coords="635,193,35" href="knowledge.php?pid=925" alt="topic" title="bundles::cfengine">
<area shape = "circle" coords="528,221,55" href="knowledge.php?pid=895" alt="topic" title="promise_types::vars">
</map>
