<img src="graphs/707.png" USEMAP="#knowledge_system" alt="cfengine_3::storage image pending">
<map name="knowledge_system">
<area shape = "circle" coords="271,358,32" href="knowledge.php?pid=682" alt="topic" title="cfengine_components::cf-promises">
<area shape = "circle" coords="304,448,55" href="knowledge.php?pid=688" alt="topic" title="cfengine_components::cf-know">
<area shape = "circle" coords="397,386,55" href="knowledge.php?pid=693" alt="topic" title="cfengine_components::cfengine nova">
<area shape = "circle" coords="508,432,55" href="knowledge.php?pid=844" alt="topic" title="promise_theory::occurrences">
<area shape = "circle" coords="519,345,55" href="knowledge.php?pid=902" alt="topic" title="promisers::cf-serverd">
<area shape = "circle" coords="649,332,55" href="knowledge.php?pid=905" alt="topic" title="promisers::cf-monitord">
<area shape = "circle" coords="573,260,55" href="knowledge.php?pid=911" alt="topic" title="promise_types::commands">
<area shape = "circle" coords="661,195,55" href="knowledge.php?pid=943" alt="topic" title="promise_types::reports">
<area shape = "circle" coords="674,102,31" href="knowledge.php?pid=827" alt="topic" title="promise_theory::promise-type">
<area shape = "circle" coords="524,177,33" href="knowledge.php?pid=707" alt="topic" title="cfengine_3::storage">
<area shape = "circle" coords="538,84,55" href="knowledge.php?pid=687" alt="topic" title="cfengine_components::cf-runagent">
<area shape = "circle" coords="420,122,55" href="knowledge.php?pid=689" alt="topic" title="cfengine_components::cf-report">
<area shape = "circle" coords="339,52,55" href="knowledge.php?pid=832" alt="topic" title="promise_theory::topics">
<area shape = "circle" coords="284,132,55" href="knowledge.php?pid=895" alt="topic" title="promise_types::vars">
<area shape = "circle" coords="155,114,55" href="knowledge.php?pid=903" alt="topic" title="promise_types::processes">
<area shape = "circle" coords="190,199,55" href="knowledge.php?pid=907" alt="topic" title="promisers::cf-execd">
<area shape = "circle" coords="74,241,55" href="knowledge.php?pid=925" alt="topic" title="bundles::cfengine">
<area shape = "circle" coords="182,291,55" href="knowledge.php?pid=988" alt="topic" title="promise_types::files">
<area shape = "circle" coords="373,252,52" href="knowledge.php?pid=692" alt="topic" title="cfengine_components::cfengine 3">
<area shape = "circle" coords="52,413,55" href="knowledge.php?pid=683" alt="topic" title="cfengine_components::cf-agent">
</map>
