<img src="graphs/744.png" USEMAP="#knowledge_system" alt="cfengine_2::unmount image pending">
<map name="knowledge_system">
<area shape = "circle" coords="212,394,55" href="knowledge.php?pid=120" alt="topic" title="body_constraints::useshell">
<area shape = "circle" coords="232,460,55" href="knowledge.php?pid=134" alt="topic" title="body_constraints::no_output">
<area shape = "circle" coords="304,414,55" href="knowledge.php?pid=161" alt="topic" title="body_constraints::update_hashes">
<area shape = "circle" coords="377,459,55" href="knowledge.php?pid=170" alt="topic" title="body_constraints::encrypt">
<area shape = "circle" coords="395,392,55" href="knowledge.php?pid=182" alt="topic" title="body_constraints::force_update">
<area shape = "circle" coords="492,400,55" href="knowledge.php?pid=187" alt="topic" title="body_constraints::preserve">
<area shape = "circle" coords="450,338,55" href="knowledge.php?pid=191" alt="topic" title="body_constraints::stealth">
<area shape = "circle" coords="535,303,55" href="knowledge.php?pid=195" alt="topic" title="body_constraints::type_check">
<area shape = "circle" coords="449,270,55" href="knowledge.php?pid=198" alt="topic" title="body_constraints::create">
<area shape = "circle" coords="671,303,30" href="knowledge.php?pid=691" alt="topic" title="cfengine_components::cfengine 2">
<area shape = "circle" coords="716,89,30" href="knowledge.php?pid=426" alt="topic" title="body_constraints::mount">
<area shape = "circle" coords="410,58,37" href="knowledge.php?pid=827" alt="topic" title="promise_theory::promise-type">
<area shape = "circle" coords="541,181,33" href="knowledge.php?pid=744" alt="topic" title="cfengine_2::unmount">
<area shape = "circle" coords="392,216,55" href="knowledge.php?pid=132" alt="topic" title="body_constraints::preview">
<area shape = "circle" coords="371,149,55" href="knowledge.php?pid=135" alt="topic" title="body_constraints::module">
<area shape = "circle" coords="300,196,55" href="knowledge.php?pid=166" alt="topic" title="body_constraints::collapse_destination_dir">
<area shape = "circle" coords="227,150,55" href="knowledge.php?pid=172" alt="topic" title="body_constraints::check_root">
<area shape = "circle" coords="209,218,55" href="knowledge.php?pid=184" alt="topic" title="body_constraints::force_ipv4">
<area shape = "circle" coords="111,211,55" href="knowledge.php?pid=189" alt="topic" title="body_constraints::purge">
<area shape = "circle" coords="153,273,55" href="knowledge.php?pid=193" alt="topic" title="body_constraints::trustkey">
<area shape = "circle" coords="68,307,55" href="knowledge.php?pid=197" alt="topic" title="body_constraints::verify">
<area shape = "circle" coords="154,340,55" href="knowledge.php?pid=201" alt="topic" title="body_constraints::rmdirs">
<area shape = "circle" coords="302,305,52" href="knowledge.php?pid=38" alt="topic" title="values::boolean">
<area shape = "circle" coords="52,435,55" href="knowledge.php?pid=96" alt="topic" title="body_constraints::background">
</map>
