<img src="graphs/767.png" USEMAP="#knowledge_system" alt="environment::monitoring image pending">
<map name="knowledge_system">
<area shape = "circle" coords="700,174,39" href="knowledge.php?pid=16" alt="topic" title="system_reports::lastseen report">
<area shape = "circle" coords="622,82,39" href="knowledge.php?pid=22" alt="topic" title="system_reports::promise report">
<area shape = "circle" coords="538,169,39" href="knowledge.php?pid=24" alt="topic" title="system_reports::promises not kept report">
<area shape = "circle" coords="475,158,30" href="knowledge.php?pid=1579" alt="topic" title="agent_control_promises::environment">
<area shape = "circle" coords="321,140,30" href="knowledge.php?pid=944" alt="topic" title="BDMA::manage">
<area shape = "circle" coords="393,192,30" href="knowledge.php?pid=767" alt="topic" title="environment::monitoring">
<area shape = "circle" coords="322,114,36" href="knowledge.php?pid=645" alt="topic" title="system_knowledge::management issues">
<area shape = "circle" coords="166,96,36" href="knowledge.php?pid=642" alt="topic" title="system_knowledge::server lifecycle">
<area shape = "circle" coords="99,234,36" href="knowledge.php?pid=13" alt="topic" title="system_reports::compliance report">
<area shape = "circle" coords="214,339,36" href="knowledge.php?pid=923" alt="topic" title="management_issues::business value">
<area shape = "circle" coords="231,210,45" href="knowledge.php?pid=649" alt="topic" title="views::manager view">
<area shape = "circle" coords="235,320,38" href="knowledge.php?pid=662" alt="topic" title="mission_status::system policy">
<area shape = "circle" coords="174,384,38" href="knowledge.php?pid=2827" alt="topic" title="commands_and_tools::copernicus">
<area shape = "circle" coords="200,468,38" href="knowledge.php?pid=640" alt="topic" title="system_knowledge::system trends">
<area shape = "circle" coords="287,488,38" href="knowledge.php?pid=1971" alt="topic" title="Special_Topics_Guide::BDMA">
<area shape = "circle" coords="348,424,38" href="knowledge.php?pid=2852" alt="topic" title="knowledge_model::service catalogue">
<area shape = "circle" coords="261,404,49" href="knowledge.php?pid=648" alt="topic" title="views::architect view">
<area shape = "circle" coords="447,393,33" href="knowledge.php?pid=651" alt="topic" title="views::security view">
<area shape = "circle" coords="382,278,32" href="knowledge.php?pid=647" alt="topic" title="system_knowledge::mission status">
<area shape = "circle" coords="569,324,39" href="knowledge.php?pid=21" alt="topic" title="system_reports::performance report">
<area shape = "circle" coords="679,373,39" href="knowledge.php?pid=23" alt="topic" title="system_reports::promises repaired report">
<area shape = "circle" coords="717,259,39" href="knowledge.php?pid=25" alt="topic" title="system_reports::software installed report">
<area shape = "circle" coords="617,234,55" href="knowledge.php?pid=650" alt="topic" title="views::operator view">
</map>
