<img src="graphs/783.png" USEMAP="#knowledge_system" alt="management_issues::identity management image pending">
<map name="knowledge_system">
<area shape = "circle" coords="654,341,33" href="knowledge.php?pid=821" alt="topic" title="promise_theory::promise proposals">
<area shape = "circle" coords="707,229,33" href="knowledge.php?pid=818" alt="topic" title="promise_theory::intentions">
<area shape = "circle" coords="645,271,37" href="knowledge.php?pid=882" alt="topic" title="manager_view::request for change">
<area shape = "circle" coords="653,73,30" href="knowledge.php?pid=594" alt="topic" title="compliance::SAS-70">
<area shape = "circle" coords="455,94,30" href="knowledge.php?pid=783" alt="topic" title="management_issues::identity management">
<area shape = "circle" coords="561,137,30" href="knowledge.php?pid=592" alt="topic" title="compliance::SOX">
<area shape = "circle" coords="574,243,41" href="knowledge.php?pid=790" alt="topic" title="management_issues::change management">
<area shape = "circle" coords="460,131,33" href="knowledge.php?pid=697" alt="topic" title="cfengine_3::string">
<area shape = "circle" coords="458,203,39" href="knowledge.php?pid=639" alt="topic" title="security::hash">
<area shape = "circle" coords="388,274,37" href="knowledge.php?pid=16" alt="topic" title="system_reports::hashes report">
<area shape = "circle" coords="249,312,37" href="knowledge.php?pid=162" alt="topic" title="body_constraints::copy_from">
<area shape = "circle" coords="184,266,37" href="knowledge.php?pid=199" alt="topic" title="body_constraints::delete">
<area shape = "circle" coords="142,330,37" href="knowledge.php?pid=216" alt="topic" title="body_constraints::edit_line">
<area shape = "circle" coords="93,391,37" href="knowledge.php?pid=22" alt="topic" title="system_reports::setuid report">
<area shape = "circle" coords="163,429,37" href="knowledge.php?pid=198" alt="topic" title="body_constraints::create">
<area shape = "circle" coords="228,475,37" href="knowledge.php?pid=202" alt="topic" title="body_constraints::depth_search">
<area shape = "circle" coords="270,410,37" href="knowledge.php?pid=217" alt="topic" title="body_constraints::edit_xml">
<area shape = "circle" coords="206,370,54" href="knowledge.php?pid=988" alt="topic" title="promise_types::files">
<area shape = "circle" coords="378,462,33" href="knowledge.php?pid=38" alt="topic" title="values::boolean">
<area shape = "circle" coords="413,399,39" href="knowledge.php?pid=161" alt="topic" title="body_constraints::update_hashes">
<area shape = "circle" coords="507,437,37" href="knowledge.php?pid=15" alt="topic" title="system_reports::file_changes report">
<area shape = "circle" coords="538,346,37" href="knowledge.php?pid=160" alt="topic" title="body_constraints::report_changes">
<area shape = "circle" coords="454,326,55" href="knowledge.php?pid=158" alt="topic" title="body_constraints::changes">
</map>
