<img src="graphs/817.png" USEMAP="#knowledge_system" alt="promise_theory::agents image pending">
<map name="knowledge_system">
<area shape = "circle" coords="701,120,43" href="knowledge.php?pid=1016" alt="topic" title="promisers::/home/mark/LapTop">
<area shape = "circle" coords="525,71,43" href="knowledge.php?pid=446" alt="topic" title="promise_types::access">
<area shape = "circle" coords="473,107,43" href="knowledge.php?pid=51" alt="topic" title="values::an arbitrary string">
<area shape = "circle" coords="483,173,30" href="knowledge.php?pid=453" alt="topic" title="body_constraints::authorize">
<area shape = "circle" coords="373,200,30" href="knowledge.php?pid=817" alt="topic" title="promise_theory::agents">
<area shape = "circle" coords="329,243,37" href="knowledge.php?pid=847" alt="topic" title="promise_theory::services">
<area shape = "circle" coords="231,238,37" href="knowledge.php?pid=20" alt="topic" title="system_reports::performance report">
<area shape = "circle" coords="145,274,37" href="knowledge.php?pid=821" alt="topic" title="promise_theory::promise proposals">
<area shape = "circle" coords="98,341,37" href="knowledge.php?pid=818" alt="topic" title="promise_theory::intentions">
<area shape = "circle" coords="105,417,37" href="knowledge.php?pid=846" alt="topic" title="promise_theory::communicated information">
<area shape = "circle" coords="163,478,37" href="knowledge.php?pid=14" alt="topic" title="system_reports::compliance report">
<area shape = "circle" coords="255,504,37" href="knowledge.php?pid=820" alt="topic" title="promise_theory::policy">
<area shape = "circle" coords="351,488,37" href="knowledge.php?pid=794" alt="topic" title="BDMA::build">
<area shape = "circle" coords="421,435,37" href="knowledge.php?pid=832" alt="topic" title="promise_theory::topics">
<area shape = "circle" coords="442,360,37" href="knowledge.php?pid=819" alt="topic" title="promise_theory::bundles">
<area shape = "circle" coords="268,370,34" href="knowledge.php?pid=822" alt="topic" title="promise_theory::promises">
<area shape = "circle" coords="523,441,37" href="knowledge.php?pid=893" alt="topic" title="contexts::any">
<area shape = "circle" coords="508,340,39" href="knowledge.php?pid=1022" alt="topic" title="promises::promise_site_cf_401">
<area shape = "circle" coords="573,267,35" href="knowledge.php?pid=1020" alt="topic" title="promisers::.*">
<area shape = "circle" coords="493,240,32" href="knowledge.php?pid=1021" alt="topic" title="promise_types::roles">
<area shape = "circle" coords="711,265,43" href="knowledge.php?pid=1018" alt="topic" title="promisers::/home/mark/.cfagent/bin/cf-agent">
<area shape = "circle" coords="618,168,55" href="knowledge.php?pid=1015" alt="topic" title="bundles::access_rules">
</map>
