<img src="graphs/827.png" USEMAP="#knowledge_system" alt="cfengine_components::cfd image pending">
<map name="knowledge_system">
<area shape = "circle" coords="613,195,37" href="knowledge.php?pid=820" alt="topic" title="cfengine_components::cfagent">
<area shape = "circle" coords="575,94,37" href="knowledge.php?pid=823" alt="topic" title="cfengine_components::cfenvd">
<area shape = "circle" coords="475,147,37" href="knowledge.php?pid=825" alt="topic" title="cfengine_components::cfshow">
<area shape = "circle" coords="358,136,37" href="knowledge.php?pid=860" alt="topic" title="cfengine_2::alerts">
<area shape = "circle" coords="369,243,37" href="knowledge.php?pid=862" alt="topic" title="cfengine_2::broadcast">
<area shape = "circle" coords="115,298,30" href="knowledge.php?pid=836" alt="topic" title="cfengine_components::cfengine 1">
<area shape = "circle" coords="188,476,30" href="knowledge.php?pid=2989" alt="topic" title="promisers::cf-serverd">
<area shape = "circle" coords="208,368,30" href="knowledge.php?pid=827" alt="topic" title="cfengine_components::cfd">
<area shape = "circle" coords="321,330,30" href="knowledge.php?pid=821" alt="topic" title="cfengine_components::cfservd">
<area shape = "circle" coords="421,369,37" href="knowledge.php?pid=822" alt="topic" title="cfengine_components::cfexecd">
<area shape = "circle" coords="488,456,37" href="knowledge.php?pid=824" alt="topic" title="cfengine_components::cfrun">
<area shape = "circle" coords="568,379,37" href="knowledge.php?pid=826" alt="topic" title="cfengine_components::cfenvgraph">
<area shape = "circle" coords="684,359,37" href="knowledge.php?pid=861" alt="topic" title="cfengine_2::binservers">
<area shape = "circle" coords="640,261,37" href="knowledge.php?pid=863" alt="topic" title="cfengine_2::copy">
<area shape = "circle" coords="503,269,55" href="knowledge.php?pid=837" alt="topic" title="cfengine_components::cfengine 2">
</map>
