<img src="graphs/844.png" USEMAP="#knowledge_system" alt="promise_theory::occurrences image pending">
<map name="knowledge_system">
<area shape = "circle" coords="225,403,55" href="knowledge.php?pid=895" alt="topic" title="promise_types::vars">
<area shape = "circle" coords="264,464,55" href="knowledge.php?pid=683" alt="topic" title="cfengine_components::cf-agent">
<area shape = "circle" coords="339,416,55" href="knowledge.php?pid=903" alt="topic" title="promise_types::processes">
<area shape = "circle" coords="436,445,55" href="knowledge.php?pid=688" alt="topic" title="cfengine_components::cf-know">
<area shape = "circle" coords="438,379,55" href="knowledge.php?pid=907" alt="topic" title="promisers::cf-execd">
<area shape = "circle" coords="542,360,55" href="knowledge.php?pid=693" alt="topic" title="cfengine_components::cfengine nova">
<area shape = "circle" coords="471,310,55" href="knowledge.php?pid=925" alt="topic" title="bundles::cfengine">
<area shape = "circle" coords="527,252,55" href="knowledge.php?pid=832" alt="topic" title="promise_theory::topics">
<area shape = "circle" coords="594,258,39" href="knowledge.php?pid=842" alt="topic" title="promise_theory::topic-instances">
<area shape = "circle" coords="668,159,30" href="knowledge.php?pid=827" alt="topic" title="promise_theory::promise-type">
<area shape = "circle" coords="539,84,30" href="knowledge.php?pid=329" alt="topic" title="body_constraints::replace_with">
<area shape = "circle" coords="385,138,39" href="knowledge.php?pid=851" alt="topic" title="promise_theory::versions">
<area shape = "circle" coords="521,177,34" href="knowledge.php?pid=844" alt="topic" title="promise_theory::occurrences">
<area shape = "circle" coords="399,179,55" href="knowledge.php?pid=902" alt="topic" title="promisers::cf-serverd">
<area shape = "circle" coords="311,218,55" href="knowledge.php?pid=687" alt="topic" title="cfengine_components::cf-runagent">
<area shape = "circle" coords="225,178,55" href="knowledge.php?pid=905" alt="topic" title="promisers::cf-monitord">
<area shape = "circle" coords="203,244,55" href="knowledge.php?pid=689" alt="topic" title="cfengine_components::cf-report">
<area shape = "circle" coords="95,251,55" href="knowledge.php?pid=911" alt="topic" title="promise_types::commands">
<area shape = "circle" coords="150,308,55" href="knowledge.php?pid=707" alt="topic" title="cfengine_3::storage">
<area shape = "circle" coords="78,358,55" href="knowledge.php?pid=943" alt="topic" title="promise_types::reports">
<area shape = "circle" coords="310,318,52" href="knowledge.php?pid=692" alt="topic" title="cfengine_components::cfengine 3">
<area shape = "circle" coords="52,437,55" href="knowledge.php?pid=682" alt="topic" title="cfengine_components::cf-promises">
</map>
