<img src="graphs/846.png" USEMAP="#knowledge_system" alt="promise_theory::communicated information image pending">
<map name="knowledge_system">
<area shape = "circle" coords="689,209,41" href="knowledge.php?pid=833" alt="topic" title="promise_theory::facts">
<area shape = "circle" coords="524,138,41" href="knowledge.php?pid=835" alt="topic" title="promise_theory::actions">
<area shape = "circle" coords="478,221,35" href="knowledge.php?pid=1021" alt="topic" title="promise_types::roles">
<area shape = "circle" coords="615,150,37" href="knowledge.php?pid=888" alt="topic" title="mission_status::system policy">
<area shape = "circle" coords="356,74,37" href="knowledge.php?pid=569" alt="topic" title="boot_services::PXE">
<area shape = "circle" coords="453,162,43" href="knowledge.php?pid=794" alt="topic" title="BDMA::build">
<area shape = "circle" coords="370,190,35" href="knowledge.php?pid=819" alt="topic" title="promise_theory::bundles">
<area shape = "circle" coords="169,99,35" href="knowledge.php?pid=876" alt="topic" title="views::operator view">
<area shape = "circle" coords="278,180,39" href="knowledge.php?pid=20" alt="topic" title="system_reports::performance report">
<area shape = "circle" coords="281,241,35" href="knowledge.php?pid=847" alt="topic" title="promise_theory::services">
<area shape = "circle" coords="109,219,32" href="knowledge.php?pid=875" alt="topic" title="views::manager view">
<area shape = "circle" coords="193,398,32" href="knowledge.php?pid=21" alt="topic" title="system_reports::promise report">
<area shape = "circle" coords="230,292,30" href="knowledge.php?pid=14" alt="topic" title="system_reports::compliance report">
<area shape = "circle" coords="245,371,35" href="knowledge.php?pid=692" alt="topic" title="cfengine_components::cfengine 3">
<area shape = "circle" coords="316,315,39" href="knowledge.php?pid=832" alt="topic" title="promise_theory::topics">
<area shape = "circle" coords="344,475,30" href="knowledge.php?pid=824" alt="topic" title="promise_theory::announcements">
<area shape = "circle" coords="365,368,30" href="knowledge.php?pid=846" alt="topic" title="promise_theory::communicated information">
<area shape = "circle" coords="433,326,35" href="knowledge.php?pid=821" alt="topic" title="promise_theory::promise proposals">
<area shape = "circle" coords="664,375,35" href="knowledge.php?pid=895" alt="topic" title="promise_types::vars">
<area shape = "circle" coords="526,318,39" href="knowledge.php?pid=820" alt="topic" title="promise_theory::policy">
<area shape = "circle" coords="387,260,34" href="knowledge.php?pid=822" alt="topic" title="promise_theory::promises">
<area shape = "circle" coords="529,381,41" href="knowledge.php?pid=834" alt="topic" title="promise_theory::behaviours">
<area shape = "circle" coords="691,308,41" href="knowledge.php?pid=882" alt="topic" title="manager_view::request for change">
<area shape = "circle" coords="586,259,55" href="knowledge.php?pid=818" alt="topic" title="promise_theory::intentions">
</map>
