<img src="graphs/868.png" USEMAP="#knowledge_system" alt="cfengine_2::editfiles image pending">
<map name="knowledge_system">
<area shape = "circle" coords="282,357,32" href="knowledge.php?pid=820" alt="topic" title="cfengine_components::cfagent">
<area shape = "circle" coords="290,446,55" href="knowledge.php?pid=823" alt="topic" title="cfengine_components::cfenvd">
<area shape = "circle" coords="390,391,55" href="knowledge.php?pid=825" alt="topic" title="cfengine_components::cfshow">
<area shape = "circle" coords="475,454,55" href="knowledge.php?pid=860" alt="topic" title="cfengine_2::alerts">
<area shape = "circle" coords="511,375,55" href="knowledge.php?pid=862" alt="topic" title="cfengine_2::broadcast">
<area shape = "circle" coords="639,400,55" href="knowledge.php?pid=864" alt="topic" title="cfengine_2::defaultroute">
<area shape = "circle" coords="599,321,55" href="knowledge.php?pid=866" alt="topic" title="cfengine_2::directories">
<area shape = "circle" coords="729,299,55" href="knowledge.php?pid=872" alt="topic" title="cfengine_2::homeservers">
<area shape = "circle" coords="626,246,55" href="knowledge.php?pid=874" alt="topic" title="cfengine_2::import">
<area shape = "circle" coords="716,184,55" href="knowledge.php?pid=877" alt="topic" title="cfengine_2::mailserver">
<area shape = "circle" coords="737,102,30" href="knowledge.php?pid=982" alt="topic" title="promise_theory::promise-type">
<area shape = "circle" coords="571,179,32" href="knowledge.php?pid=868" alt="topic" title="cfengine_2::editfiles">
<area shape = "circle" coords="605,91,55" href="knowledge.php?pid=822" alt="topic" title="cfengine_components::cfexecd">
<area shape = "circle" coords="484,127,55" href="knowledge.php?pid=824" alt="topic" title="cfengine_components::cfrun">
<area shape = "circle" coords="430,51,55" href="knowledge.php?pid=826" alt="topic" title="cfengine_components::cfenvgraph">
<area shape = "circle" coords="360,121,55" href="knowledge.php?pid=861" alt="topic" title="cfengine_2::binservers">
<area shape = "circle" coords="248,75,55" href="knowledge.php?pid=863" alt="topic" title="cfengine_2::copy">
<area shape = "circle" coords="251,158,55" href="knowledge.php?pid=865" alt="topic" title="cfengine_2::disks">
<area shape = "circle" coords="116,156,55" href="knowledge.php?pid=870" alt="topic" title="cfengine_2::filters">
<area shape = "circle" coords="191,226,55" href="knowledge.php?pid=873" alt="topic" title="cfengine_2::ignore">
<area shape = "circle" coords="76,269,55" href="knowledge.php?pid=876" alt="topic" title="cfengine_2::links">
<area shape = "circle" coords="199,302,55" href="knowledge.php?pid=879" alt="topic" title="cfengine_2::miscmounts">
<area shape = "circle" coords="406,255,52" href="knowledge.php?pid=837" alt="topic" title="cfengine_components::cfengine 2">
<area shape = "circle" coords="52,418,55" href="knowledge.php?pid=821" alt="topic" title="cfengine_components::cfservd">
</map>
