<img src="graphs/894.png" USEMAP="#knowledge_system" alt="promisers::master_location image pending">
<map name="knowledge_system">
<area shape = "circle" coords="295,387,55" href="knowledge.php?pid=907" alt="topic" title="promisers::cf-execd">
<area shape = "circle" coords="395,456,55" href="knowledge.php?pid=897" alt="topic" title="promisers::/var/cfengine/inputs">
<area shape = "circle" coords="487,383,55" href="knowledge.php?pid=911" alt="topic" title="promise_types::commands">
<area shape = "circle" coords="646,376,55" href="knowledge.php?pid=902" alt="topic" title="promisers::cf-serverd">
<area shape = "circle" coords="590,291,55" href="knowledge.php?pid=917" alt="topic" title="promisers::/var/cfengine/bin/cf-execd">
<area shape = "circle" coords="670,213,55" href="knowledge.php?pid=905" alt="topic" title="promisers::cf-monitord">
<area shape = "circle" coords="698,214,30" href="knowledge.php?pid=896" alt="topic" title="promises::promise_update_cf_7">
<area shape = "circle" coords="439,94,39" href="knowledge.php?pid=895" alt="topic" title="promise_types::vars">
<area shape = "circle" coords="507,196,34" href="knowledge.php?pid=894" alt="topic" title="promisers::master_location">
<area shape = "circle" coords="448,109,55" href="knowledge.php?pid=910" alt="topic" title="promisers::/var/cfengine/bin/cf-serverd">
<area shape = "circle" coords="328,168,55" href="knowledge.php?pid=900" alt="topic" title="promisers::/var/cfengine/bin">
<area shape = "circle" coords="170,154,55" href="knowledge.php?pid=914" alt="topic" title="promisers::/var/cfengine/bin/cf-monitord">
<area shape = "circle" coords="188,243,55" href="knowledge.php?pid=903" alt="topic" title="promise_types::processes">
<area shape = "circle" coords="78,308,55" href="knowledge.php?pid=988" alt="topic" title="promise_types::files">
<area shape = "circle" coords="384,281,52" href="knowledge.php?pid=892" alt="topic" title="bundles::update">
<area shape = "circle" coords="52,421,55" href="knowledge.php?pid=795" alt="topic" title="BDMA::deploy">
</map>
