<img src="graphs/895.png" USEMAP="#knowledge_system" alt="operating_systems::sunos image pending">
<map name="knowledge_system">
<area shape = "circle" coords="626,164,36" href="knowledge.php?pid=812" alt="topic" title="technical_concepts::variables">
<area shape = "circle" coords="609,85,36" href="knowledge.php?pid=982" alt="topic" title="promise_theory::promise-type">
<area shape = "circle" coords="535,122,36" href="knowledge.php?pid=2768" alt="topic" title="data_types::int">
<area shape = "circle" coords="456,89,37" href="knowledge.php?pid=2770" alt="topic" title="data_types::slist">
<area shape = "circle" coords="445,170,37" href="knowledge.php?pid=2772" alt="topic" title="data_types::rlist">
<area shape = "circle" coords="372,214,37" href="knowledge.php?pid=2925" alt="topic" title="bundles::change_management">
<area shape = "circle" coords="342,205,31" href="knowledge.php?pid=3440" alt="topic" title="class_contexts::solarisx86|solaris">
<area shape = "circle" coords="233,206,32" href="knowledge.php?pid=3453" alt="topic" title="handles::update_bins_vars_pkgarch_not_solaris">
<area shape = "circle" coords="103,313,32" href="knowledge.php?pid=3450" alt="topic" title="handles::update_bins_vars_pkgarch_solaris">
<area shape = "circle" coords="170,464,30" href="knowledge.php?pid=3446" alt="topic" title="handles::update_bins_vars_novapkg_not_solaris">
<area shape = "circle" coords="341,450,30" href="knowledge.php?pid=895" alt="topic" title="operating_systems::sunos">
<area shape = "circle" coords="245,344,30" href="knowledge.php?pid=3447" alt="topic" title="class_contexts::solaris">
<area shape = "circle" coords="418,376,31" href="knowledge.php?pid=3441" alt="topic" title="promisers::novapkg">
<area shape = "circle" coords="380,290,30" href="knowledge.php?pid=3443" alt="topic" title="handles::update_bins_vars_novapkg_solaris">
<area shape = "circle" coords="433,349,36" href="knowledge.php?pid=838" alt="topic" title="cfengine_components::cfengine 3">
<area shape = "circle" coords="516,330,36" href="knowledge.php?pid=2767" alt="topic" title="data_types::string">
<area shape = "circle" coords="583,379,36" href="knowledge.php?pid=2769" alt="topic" title="data_types::real">
<area shape = "circle" coords="614,303,36" href="knowledge.php?pid=2771" alt="topic" title="data_types::ilist">
<area shape = "circle" coords="696,278,37" href="knowledge.php?pid=2773" alt="topic" title="data_types::policy">
<area shape = "circle" coords="647,211,37" href="knowledge.php?pid=2929" alt="topic" title="bundles::def">
<area shape = "circle" coords="538,227,55" href="knowledge.php?pid=2394" alt="topic" title="promise_types::vars">
</map>
