<img src="graphs/914.png" USEMAP="#knowledge_system" alt="promisers::/var/cfengine/bin/cf-monitord image pending">
<map name="knowledge_system">
<area shape = "circle" coords="244,409,55" href="knowledge.php?pid=903" alt="topic" title="promise_types::processes">
<area shape = "circle" coords="324,466,55" href="knowledge.php?pid=894" alt="topic" title="promisers::master_location">
<area shape = "circle" coords="396,406,55" href="knowledge.php?pid=907" alt="topic" title="promisers::cf-execd">
<area shape = "circle" coords="522,400,55" href="knowledge.php?pid=897" alt="topic" title="promisers::/var/cfengine/inputs">
<area shape = "circle" coords="478,329,55" href="knowledge.php?pid=917" alt="topic" title="promisers::/var/cfengine/bin/cf-execd">
<area shape = "circle" coords="541,265,55" href="knowledge.php?pid=902" alt="topic" title="promisers::cf-serverd">
<area shape = "circle" coords="601,251,41" href="knowledge.php?pid=938" alt="topic" title="bundles::main">
<area shape = "circle" coords="667,151,30" href="knowledge.php?pid=915" alt="topic" title="promises::promise_update_cf_41">
<area shape = "circle" coords="528,84,35" href="knowledge.php?pid=911" alt="topic" title="promise_types::commands">
<area shape = "circle" coords="377,141,41" href="knowledge.php?pid=950" alt="topic" title="promises::promise_site_cf_142">
<area shape = "circle" coords="519,174,35" href="knowledge.php?pid=914" alt="topic" title="promisers::/var/cfengine/bin/cf-monitord">
<area shape = "circle" coords="365,179,55" href="knowledge.php?pid=905" alt="topic" title="promisers::cf-monitord">
<area shape = "circle" coords="270,228,55" href="knowledge.php?pid=895" alt="topic" title="promise_types::vars">
<area shape = "circle" coords="145,216,55" href="knowledge.php?pid=910" alt="topic" title="promisers::/var/cfengine/bin/cf-serverd">
<area shape = "circle" coords="160,290,55" href="knowledge.php?pid=900" alt="topic" title="promisers::/var/cfengine/bin">
<area shape = "circle" coords="72,344,55" href="knowledge.php?pid=988" alt="topic" title="promise_types::files">
<area shape = "circle" coords="315,321,52" href="knowledge.php?pid=892" alt="topic" title="bundles::update">
<area shape = "circle" coords="52,437,55" href="knowledge.php?pid=795" alt="topic" title="BDMA::deploy">
</map>
