<img src="graphs/929.png" USEMAP="#knowledge_system" alt="management_issues::identity management image pending">
<map name="knowledge_system">
<area shape = "circle" coords="624,157,37" href="knowledge.php?pid=2883" alt="topic" title="manual::changes (compound body)">
<area shape = "circle" coords="586,79,37" href="knowledge.php?pid=14" alt="topic" title="system_reports::file_changes report">
<area shape = "circle" coords="506,124,37" href="knowledge.php?pid=2481" alt="topic" title="promise_types::files">
<area shape = "circle" coords="410,131,37" href="knowledge.php?pid=29" alt="topic" title="system_reports::hashes report">
<area shape = "circle" coords="433,213,37" href="knowledge.php?pid=2774" alt="topic" title="functions::hash">
<area shape = "circle" coords="343,222,32" href="knowledge.php?pid=2120" alt="topic" title="Mission_Portal_Views::Status level meters">
<area shape = "circle" coords="191,267,32" href="knowledge.php?pid=1437" alt="topic" title="Bundles_of_agent::files promises in agent">
<area shape = "circle" coords="282,283,37" href="knowledge.php?pid=2897" alt="topic" title="procedures::change detection scans">
<area shape = "circle" coords="101,257,33" href="knowledge.php?pid=974" alt="topic" title="promise_theory::promise proposals">
<area shape = "circle" coords="104,470,35" href="knowledge.php?pid=971" alt="topic" title="promise_theory::intentions">
<area shape = "circle" coords="172,362,38" href="knowledge.php?pid=656" alt="topic" title="manager_view::request for change">
<area shape = "circle" coords="193,457,30" href="knowledge.php?pid=738" alt="topic" title="compliance::SAS-70">
<area shape = "circle" coords="347,500,30" href="knowledge.php?pid=929" alt="topic" title="management_issues::identity management">
<area shape = "circle" coords="284,439,30" href="knowledge.php?pid=736" alt="topic" title="compliance::SOX">
<area shape = "circle" coords="426,432,34" href="knowledge.php?pid=2863" alt="topic" title="manual::Checksums and change management">
<area shape = "circle" coords="312,361,45" href="knowledge.php?pid=937" alt="topic" title="management_issues::change management">
<area shape = "circle" coords="508,301,37" href="knowledge.php?pid=184" alt="topic" title="body_constraints::update_hashes">
<area shape = "circle" coords="589,344,37" href="knowledge.php?pid=15" alt="topic" title="system_reports::file_diffs report">
<area shape = "circle" coords="625,266,37" href="knowledge.php?pid=2486" alt="topic" title="body_constraints::report_diffs">
<area shape = "circle" coords="698,211,37" href="knowledge.php?pid=183" alt="topic" title="body_constraints::report_changes">
<area shape = "circle" coords="539,212,55" href="knowledge.php?pid=2483" alt="topic" title="body_constraints::changes">
</map>
