<img src="graphs/93.png" USEMAP="#knowledge_system" alt="body_constraints::log_repaired image pending">
<map name="knowledge_system">
<area shape = "circle" coords="219,381,32" href="knowledge.php?pid=93" alt="topic" title="body_constraints::log_repaired">
<area shape = "circle" coords="245,458,55" href="knowledge.php?pid=92" alt="topic" title="body_constraints::log_priority">
<area shape = "circle" coords="316,405,55" href="knowledge.php?pid=95" alt="topic" title="body_constraints::value_kept">
<area shape = "circle" coords="401,444,55" href="knowledge.php?pid=2417" alt="topic" title="body_constraints::ifelapsed">
<area shape = "circle" coords="409,370,55" href="knowledge.php?pid=2421" alt="topic" title="body_constraints::log_string">
<area shape = "circle" coords="509,359,55" href="knowledge.php?pid=2425" alt="topic" title="body_constraints::value_repaired">
<area shape = "circle" coords="451,298,55" href="knowledge.php?pid=2429" alt="topic" title="body_constraints::audit">
<area shape = "circle" coords="518,242,55" href="knowledge.php?pid=2433" alt="topic" title="body_constraints::report_level">
<area shape = "circle" coords="557,262,40" href="knowledge.php?pid=2761" alt="topic" title="values::ifvarclass">
<area shape = "circle" coords="672,199,40" href="knowledge.php?pid=2763" alt="topic" title="values::depends_on">
<area shape = "circle" coords="656,92,40" href="knowledge.php?pid=2760" alt="topic" title="values::classes">
<area shape = "circle" coords="524,50,40" href="knowledge.php?pid=2762" alt="topic" title="values::handle">
<area shape = "circle" coords="410,114,40" href="knowledge.php?pid=2764" alt="topic" title="values::comment">
<area shape = "circle" coords="541,156,36" href="knowledge.php?pid=81" alt="topic" title="promise_types::*">
<area shape = "circle" coords="416,157,32" href="knowledge.php?pid=83" alt="topic" title="body_constraints::action_policy">
<area shape = "circle" coords="333,180,55" href="knowledge.php?pid=94" alt="topic" title="body_constraints::log_failed">
<area shape = "circle" coords="271,121,55" href="knowledge.php?pid=106" alt="topic" title="body_constraints::measurement_class">
<area shape = "circle" coords="229,189,55" href="knowledge.php?pid=2419" alt="topic" title="body_constraints::expireafter">
<area shape = "circle" coords="131,173,55" href="knowledge.php?pid=2423" alt="topic" title="body_constraints::log_level">
<area shape = "circle" coords="157,246,55" href="knowledge.php?pid=2427" alt="topic" title="body_constraints::value_notkept">
<area shape = "circle" coords="68,281,55" href="knowledge.php?pid=2431" alt="topic" title="body_constraints::background">
<area shape = "circle" coords="151,324,55" href="knowledge.php?pid=2892" alt="topic" title="manual::action (compound body)">
<area shape = "circle" coords="298,291,52" href="knowledge.php?pid=2759" alt="topic" title="values::action">
<area shape = "circle" coords="52,428,55" href="knowledge.php?pid=91" alt="topic" title="body_constraints::log_kept">
</map>
