<img src="graphs/933.png" USEMAP="#knowledge_system" alt="promisers::/dev/sr0 image pending">
<map name="knowledge_system">
<area shape = "circle" coords="228,404,55" href="knowledge.php?pid=936" alt="topic" title="promisers::cron">
<area shape = "circle" coords="284,465,55" href="knowledge.php?pid=691" alt="topic" title="cfengine_components::cfengine 2">
<area shape = "circle" coords="356,412,55" href="knowledge.php?pid=903" alt="topic" title="promise_types::processes">
<area shape = "circle" coords="467,427,55" href="knowledge.php?pid=693" alt="topic" title="cfengine_components::cfengine nova">
<area shape = "circle" coords="451,358,55" href="knowledge.php?pid=926" alt="topic" title="promisers::cf2bits">
<area shape = "circle" coords="543,317,55" href="knowledge.php?pid=695" alt="topic" title="cfengine_components::cfengine 3.0.x">
<area shape = "circle" coords="449,277,55" href="knowledge.php?pid=931" alt="topic" title="promisers::/var/cfengine/inputs/.*">
<area shape = "circle" coords="670,242,30" href="knowledge.php?pid=934" alt="topic" title="promises::promise_site_cf_70">
<area shape = "circle" coords="381,84,32" href="knowledge.php?pid=988" alt="topic" title="promise_types::files">
<area shape = "circle" coords="452,215,33" href="knowledge.php?pid=933" alt="topic" title="promisers::/dev/sr0">
<area shape = "circle" coords="353,225,55" href="knowledge.php?pid=895" alt="topic" title="promise_types::vars">
<area shape = "circle" coords="278,172,55" href="knowledge.php?pid=692" alt="topic" title="cfengine_components::cfengine 3">
<area shape = "circle" coords="225,234,55" href="knowledge.php?pid=911" alt="topic" title="promise_types::commands">
<area shape = "circle" coords="112,233,55" href="knowledge.php?pid=694" alt="topic" title="cfengine_components::cfengine 2.2.x">
<area shape = "circle" coords="151,299,55" href="knowledge.php?pid=929" alt="topic" title="promisers::/var/cfengine/bin/cfagent">
<area shape = "circle" coords="74,351,55" href="knowledge.php?pid=799" alt="topic" title="models_of_system_administration::promise theory">
<area shape = "circle" coords="306,319,52" href="knowledge.php?pid=925" alt="topic" title="bundles::cfengine">
<area shape = "circle" coords="52,436,55" href="knowledge.php?pid=690" alt="topic" title="cfengine_components::cfengine 1">
</map>
