<img src="graphs/953.png" USEMAP="#knowledge_system" alt="contexts::start_mysqld image pending">
<map name="knowledge_system">
<area shape = "circle" coords="270,381,55" href="knowledge.php?pid=917" alt="topic" title="promisers::/var/cfengine/bin/cf-execd">
<area shape = "circle" coords="292,454,55" href="knowledge.php?pid=119" alt="topic" title="body_constraints::contain">
<area shape = "circle" coords="390,405,55" href="knowledge.php?pid=925" alt="topic" title="bundles::cfengine">
<area shape = "circle" coords="482,458,55" href="knowledge.php?pid=692" alt="topic" title="cfengine_components::cfengine 3">
<area shape = "circle" coords="512,386,55" href="knowledge.php?pid=930" alt="topic" title="promises::promise_site_cf_48">
<area shape = "circle" coords="642,401,55" href="knowledge.php?pid=892" alt="topic" title="bundles::update">
<area shape = "circle" coords="594,332,55" href="knowledge.php?pid=950" alt="topic" title="promises::promise_site_cf_142">
<area shape = "circle" coords="717,304,55" href="knowledge.php?pid=912" alt="topic" title="promises::promise_update_cf_37">
<area shape = "circle" coords="608,261,55" href="knowledge.php?pid=952" alt="topic" title="promises::promise_site_cf_144">
<area shape = "circle" coords="681,199,55" href="knowledge.php?pid=915" alt="topic" title="promises::promise_update_cf_41">
<area shape = "circle" coords="732,233,30" href="knowledge.php?pid=954" alt="topic" title="promisers::/etc/init.d/mysql start">
<area shape = "circle" coords="485,95,30" href="knowledge.php?pid=953" alt="topic" title="contexts::start_mysqld">
<area shape = "circle" coords="538,204,32" href="knowledge.php?pid=955" alt="topic" title="promises::promise_site_cf_149">
<area shape = "circle" coords="546,124,55" href="knowledge.php?pid=918" alt="topic" title="promises::promise_update_cf_45">
<area shape = "circle" coords="436,165,55" href="knowledge.php?pid=135" alt="topic" title="body_constraints::module">
<area shape = "circle" coords="359,104,55" href="knowledge.php?pid=929" alt="topic" title="promisers::/var/cfengine/bin/cfagent">
<area shape = "circle" coords="310,174,55" href="knowledge.php?pid=827" alt="topic" title="promise_theory::promise-type">
<area shape = "circle" coords="186,147,55" href="knowledge.php?pid=938" alt="topic" title="bundles::main">
<area shape = "circle" coords="215,220,55" href="knowledge.php?pid=910" alt="topic" title="promisers::/var/cfengine/bin/cf-serverd">
<area shape = "circle" coords="85,238,55" href="knowledge.php?pid=951" alt="topic" title="promisers::/usr/bin/zypper -non-interactive patch">
<area shape = "circle" coords="182,289,55" href="knowledge.php?pid=914" alt="topic" title="promisers::/var/cfengine/bin/cf-monitord">
<area shape = "circle" coords="93,344,55" href="knowledge.php?pid=957" alt="topic" title="promisers::/usr/bin/updatedb --prunepaths=/windows">
<area shape = "circle" coords="397,284,52" href="knowledge.php?pid=911" alt="topic" title="promise_types::commands">
<area shape = "circle" coords="52,428,55" href="knowledge.php?pid=118" alt="topic" title="body_constraints::args">
</map>
