<img src="graphs/997.png" USEMAP="#knowledge_system" alt="promise_theory::topic-instances image pending">
<map name="knowledge_system">
<area shape = "circle" coords="157,479,39" href="knowledge.php?pid=2740" alt="topic" title="promise_types::occurrences">
<area shape = "circle" coords="184,419,33" href="knowledge.php?pid=997" alt="topic" title="promise_theory::topic-instances">
<area shape = "circle" coords="260,455,55" href="knowledge.php?pid=996" alt="topic" title="promise_theory::type-instances">
<area shape = "circle" coords="293,398,55" href="knowledge.php?pid=1003" alt="topic" title="promise_theory::stories">
<area shape = "circle" coords="362,357,55" href="knowledge.php?pid=2735" alt="topic" title="body_constraints::association">
<area shape = "circle" coords="551,310,48" href="knowledge.php?pid=2481" alt="topic" title="promise_types::files">
<area shape = "circle" coords="698,265,48" href="knowledge.php?pid=1674" alt="topic" title="Software_components::cf-agent">
<area shape = "circle" coords="740,158,48" href="knowledge.php?pid=2441" alt="topic" title="promise_types::commands">
<area shape = "circle" coords="643,69,48" href="knowledge.php?pid=839" alt="topic" title="cfengine_components::cfengine nova">
<area shape = "circle" coords="482,65,48" href="knowledge.php?pid=2409" alt="topic" title="promise_types::reports">
<area shape = "circle" coords="377,150,48" href="knowledge.php?pid=2394" alt="topic" title="promise_types::vars">
<area shape = "circle" coords="557,182,43" href="knowledge.php?pid=838" alt="topic" title="cfengine_components::cfengine 3">
<area shape = "circle" coords="257,260,55" href="knowledge.php?pid=995" alt="topic" title="promise_theory::associations">
<area shape = "circle" coords="180,294,55" href="knowledge.php?pid=1000" alt="topic" title="promise_theory::subjects">
<area shape = "circle" coords="90,299,55" href="knowledge.php?pid=2392" alt="topic" title="system_policy::promises">
<area shape = "circle" coords="112,359,55" href="knowledge.php?pid=2764" alt="topic" title="values::comment">
<area shape = "circle" coords="212,359,52" href="knowledge.php?pid=2734" alt="topic" title="promise_types::topics">
<area shape = "circle" coords="52,440,55" href="knowledge.php?pid=982" alt="topic" title="promise_theory::promise-type">
</map>
