<img src="graphs/influence_3454.png" USEMAP="#knowledge_system" alt="class_contexts::bin_newpkg image pending">
<map name="knowledge_system">
<area shape = "circle" coords="414,359,30" href="knowledge.php?pid=3487" alt="topic" title="handles::update_bins_reports_installation">
<area shape = "circle" coords="510,472,30" href="knowledge.php?pid=2959" alt="topic" title="handles::grant_access_datafiles">
<area shape = "circle" coords="691,318,30" href="knowledge.php?pid=2921" alt="topic" title="class_contexts::any">
<area shape = "circle" coords="539,357,30" href="knowledge.php?pid=3481" alt="topic" title="promises::update_bins_files_pkg_copy">
<area shape = "circle" coords="522,266,30" href="knowledge.php?pid=3484" alt="topic" title="handles::update_bins_services_stop_cf_execd_windows">
<area shape = "circle" coords="652,171,45" href="knowledge.php?pid=3492" alt="topic" title="class_contexts::bin_update_fail">
<area shape = "circle" coords="406,77,30" href="knowledge.php?pid=3488" alt="topic" title="class_contexts::bin_update_success">
<area shape = "circle" coords="492,176,30" href="knowledge.php?pid=3477" alt="topic" title="promises::update_bins_packages_package_update">
<area shape = "circle" coords="374,209,30" href="knowledge.php?pid=3470" alt="topic" title="handles::update_bins_processes_stop_cfengine">
<area shape = "circle" coords="108,221,30" href="knowledge.php?pid=2964" alt="topic" title="class_contexts::windows">
<area shape = "circle" coords="263,251,30" href="knowledge.php?pid=3473" alt="topic" title="handles::update_bins_processes_stop_cf_execd">
<area shape = "circle" coords="417,281,30" href="knowledge.php?pid=3454" alt="topic" title="class_contexts::bin_newpkg">
<area shape = "circle" coords="268,362,55" href="knowledge.php?pid=3478" alt="topic" title="promisers::/var/cfengine/software_updates/ubuntu_10_x86_64">
</map>
