<img src="graphs/influence_2948.png" USEMAP="#knowledge_system" alt="handles::grant_access_policy image pending">
<map name="knowledge_system">
<area shape = "circle" coords="290,366,30" href="knowledge.php?pid=2916" alt="topic" title="promises::promise_promises_cf_62">
<area shape = "circle" coords="302,445,53" href="knowledge.php?pid=2924" alt="topic" title="promises::promise_promises_cf_76">
<area shape = "circle" coords="378,392,30" href="knowledge.php?pid=2932" alt="topic" title="handles::common_def_vars_domain">
<area shape = "circle" coords="443,453,30" href="knowledge.php?pid=2938" alt="topic" title="handles::common_def_vars_dir_masterfiles">
<area shape = "circle" coords="470,377,30" href="knowledge.php?pid=2944" alt="topic" title="handles::common_def_vars_dir_software">
<area shape = "circle" coords="568,400,30" href="knowledge.php?pid=2952" alt="topic" title="promises::promise_promises_cf_209">
<area shape = "circle" coords="537,325,30" href="knowledge.php?pid=2963" alt="topic" title="handles::cfengine_processes_vars_cf_components">
<area shape = "circle" coords="636,304,30" href="knowledge.php?pid=3317" alt="topic" title="promises::promise_cfengine_cf_790">
<area shape = "circle" coords="558,253,30" href="knowledge.php?pid=3320" alt="topic" title="promises::promise_cfengine_cf_814">
<area shape = "circle" coords="626,193,30" href="knowledge.php?pid=3394" alt="topic" title="handles::cfengine_update_folders_files_create_dirs">
<area shape = "circle" coords="659,105,30" href="knowledge.php?pid=3561" alt="topic" title="promises::update_files_inputs_dir">
<area shape = "circle" coords="525,183,30" href="knowledge.php?pid=2948" alt="topic" title="handles::grant_access_policy">
<area shape = "circle" coords="542,104,30" href="knowledge.php?pid=2919" alt="topic" title="promises::promise_promises_cf_63">
<area shape = "circle" coords="449,139,30" href="knowledge.php?pid=2928" alt="topic" title="promises::promise_promises_cf_82">
<area shape = "circle" coords="409,65,30" href="knowledge.php?pid=2935" alt="topic" title="handles::common_def_vars_acl">
<area shape = "circle" coords="355,133,30" href="knowledge.php?pid=2941" alt="topic" title="handles::common_def_vars_dir_reports">
<area shape = "circle" coords="270,89,30" href="knowledge.php?pid=2950" alt="topic" title="promises::promise_promises_cf_206">
<area shape = "circle" coords="272,169,30" href="knowledge.php?pid=2959" alt="topic" title="handles::grant_access_datafiles">
<area shape = "circle" coords="170,167,30" href="knowledge.php?pid=3240" alt="topic" title="handles::cfengine_web_server_vars_start_type">
<area shape = "circle" coords="227,233,30" href="knowledge.php?pid=3319" alt="topic" title="promises::promise_cfengine_cf_807">
<area shape = "circle" coords="141,275,30" href="knowledge.php?pid=3358" alt="topic" title="handles::cfengine_update_folders_vars_dirs">
<area shape = "circle" coords="233,307,30" href="knowledge.php?pid=3414" alt="topic" title="handles::garbage_collection_files_tidy_outputs">
<area shape = "circle" coords="390,262,30" href="knowledge.php?pid=2921" alt="topic" title="class_contexts::any">
<area shape = "circle" coords="156,398,55" href="knowledge.php?pid=3315" alt="topic" title="promises::promise_cfengine_cf_785">
</map>
