<img src="graphs/influence_3513.png" USEMAP="#knowledge_system" alt="class_contexts::files_ok image pending">
<map name="knowledge_system">
<area shape = "circle" coords="313,366,30" href="knowledge.php?pid=2956" alt="topic" title="handles::grant_access_reports">
<area shape = "circle" coords="349,445,30" href="knowledge.php?pid=2998" alt="topic" title="handles::cfengine_processes_stop_cf_execd">
<area shape = "circle" coords="431,386,30" href="knowledge.php?pid=3005" alt="topic" title="handles::cfengine_processes_services_stop_cf_execd_windows">
<area shape = "circle" coords="529,430,30" href="knowledge.php?pid=3343" alt="topic" title="handles::cfengine_editor_files_policies_dir">
<area shape = "circle" coords="539,346,30" href="knowledge.php?pid=3437" alt="topic" title="handles::update_bins_vars_stop_signal_windows">
<area shape = "circle" coords="654,334,30" href="knowledge.php?pid=3484" alt="topic" title="handles::update_bins_services_stop_cf_execd_windows">
<area shape = "circle" coords="587,265,30" href="knowledge.php?pid=3537" alt="topic" title="handles::update_commands_start_cf_hub">
<area shape = "circle" coords="665,202,30" href="knowledge.php?pid=3564" alt="topic" title="handles::update_files_sys_workdir_bin">
<area shape = "circle" coords="694,103,30" href="knowledge.php?pid=3513" alt="topic" title="class_contexts::files_ok">
<area shape = "circle" coords="552,181,30" href="knowledge.php?pid=3520" alt="topic" title="handles::update_processes_cf_execd">
<area shape = "circle" coords="556,96,30" href="knowledge.php?pid=2967" alt="topic" title="handles::cfengine_processes_vars_stop_signal_windows">
<area shape = "circle" coords="451,132,30" href="knowledge.php?pid=3001" alt="topic" title="handles::cfengine_processes_commands_cf_execd">
<area shape = "circle" coords="379,65,30" href="knowledge.php?pid=3007" alt="topic" title="handles::cfengine_processes_services_start_cf_execd_windows">
<area shape = "circle" coords="330,142,30" href="knowledge.php?pid=3345" alt="topic" title="handles::cfengine_editor_files_policies_tidy">
<area shape = "circle" coords="216,125,30" href="knowledge.php?pid=3473" alt="topic" title="handles::update_bins_processes_stop_cf_execd">
<area shape = "circle" coords="247,207,30" href="knowledge.php?pid=3533" alt="topic" title="handles::update_commands_start_cf_execd_not_windows">
<area shape = "circle" coords="145,246,30" href="knowledge.php?pid=3541" alt="topic" title="handles::update_commands_start_mongod">
<area shape = "circle" coords="240,295,30" href="knowledge.php?pid=3567" alt="topic" title="handles::update_files_sys_workdir_lib">
<area shape = "circle" coords="410,258,30" href="knowledge.php?pid=2964" alt="topic" title="class_contexts::windows">
<area shape = "circle" coords="162,392,55" href="knowledge.php?pid=3439" alt="topic" title="handles::update_bins_vars_stop_signal_unix">
</map>
