<img src="graphs/influence_3322.png" USEMAP="#knowledge_system" alt="class_contexts::redhat image pending">
<map name="knowledge_system">
<area shape = "circle" coords="635,135,30" href="knowledge.php?pid=3233" alt="topic" title="promises::cfengine_policysrv_files_ssl">
<area shape = "circle" coords="616,74,30" href="knowledge.php?pid=2910" alt="topic" title="promises::promise_promises_cf_53">
<area shape = "circle" coords="550,104,30" href="knowledge.php?pid=3343" alt="topic" title="handles::cfengine_editor_files_policies_dir">
<area shape = "circle" coords="476,88,30" href="knowledge.php?pid=2912" alt="topic" title="promises::promise_promises_cf_55">
<area shape = "circle" coords="474,151,30" href="knowledge.php?pid=3655" alt="topic" title="handles::knowledge_vars_config_src">
<area shape = "circle" coords="420,194,30" href="knowledge.php?pid=3229" alt="topic" title="handles::cfengine_policysrv_file_tidy_index_html">
<area shape = "circle" coords="334,221,30" href="knowledge.php?pid=3714" alt="topic" title="handles::knowledge_files_cfagent_dir_redhat">
<area shape = "circle" coords="234,215,30" href="knowledge.php?pid=3205" alt="topic" title="handles::cfengine_policysrv_packages_install_package_redhat">
<area shape = "circle" coords="147,254,30" href="knowledge.php?pid=3682" alt="topic" title="handles::knowledge_vars_flavour_redhat">
<area shape = "circle" coords="99,327,30" href="knowledge.php?pid=3253" alt="topic" title="handles::cfengine_web_server_processes_mysqld_on_redhat">
<area shape = "circle" coords="105,409,30" href="knowledge.php?pid=3712" alt="topic" title="handles::knowledge_files_doc_root_redhat">
<area shape = "circle" coords="165,475,30" href="knowledge.php?pid=3166" alt="topic" title="handles::cfengine_php_mod_commands_httpd_redhat">
<area shape = "circle" coords="258,504,30" href="knowledge.php?pid=3328" alt="topic" title="handles::cfengine_editor_vars_web_group_redhat">
<area shape = "circle" coords="356,486,30" href="knowledge.php?pid=3250" alt="topic" title="handles::cfengine_web_server_processes_httpd_on_redhat">
<area shape = "circle" coords="427,428,30" href="knowledge.php?pid=3710" alt="topic" title="handles::knowledge_files_mysql_sock_redhat">
<area shape = "circle" coords="448,348,30" href="knowledge.php?pid=3325" alt="topic" title="handles::cfengine_editor_vars_web_owner_redhat">
<area shape = "circle" coords="272,358,30" href="knowledge.php?pid=3322" alt="topic" title="class_contexts::redhat">
<area shape = "circle" coords="485,227,30" href="knowledge.php?pid=3181" alt="topic" title="handles::cfengine_policysrv_vars_match_package_redhat">
<area shape = "circle" coords="504,288,30" href="knowledge.php?pid=3236" alt="topic" title="handles::cfengine_policysrv_files_vhost_ssl">
<area shape = "circle" coords="570,258,30" href="knowledge.php?pid=2911" alt="topic" title="promises::promise_promises_cf_54">
<area shape = "circle" coords="644,274,30" href="knowledge.php?pid=3345" alt="topic" title="handles::cfengine_editor_files_policies_tidy">
<area shape = "circle" coords="646,211,30" href="knowledge.php?pid=2913" alt="topic" title="promises::promise_promises_cf_57">
<area shape = "circle" coords="700,168,30" href="knowledge.php?pid=3658" alt="topic" title="handles::knowledge_vars_hosts">
<area shape = "circle" coords="560,181,55" href="knowledge.php?pid=2908" alt="topic" title="class_contexts::policy_host">
</map>
